Archive member included to satisfy reference by file (symbol)

C:/Moje/Programy/ST/STM32CubeIDE/STM32CubeIDE/plugins/com.st.stm32cube.ide.mcu.externaltools.gnu-tools-for-stm32.12.3.rel1.win32_1.0.200.202406191623/tools/bin/../lib/gcc/arm-none-eabi/12.3.1/../../../../arm-none-eabi/lib/thumb/v7e-m+dp/hard\libc_nano.a(libc_a-assert.o)
                              ./Middlewares/Third_Party/OpenAMP/device.o (__assert_func)
C:/Moje/Programy/ST/STM32CubeIDE/STM32CubeIDE/plugins/com.st.stm32cube.ide.mcu.externaltools.gnu-tools-for-stm32.12.3.rel1.win32_1.0.200.202406191623/tools/bin/../lib/gcc/arm-none-eabi/12.3.1/../../../../arm-none-eabi/lib/thumb/v7e-m+dp/hard\libc_nano.a(libc_a-exit.o)
                              C:/Moje/Programy/ST/STM32CubeIDE/STM32CubeIDE/plugins/com.st.stm32cube.ide.mcu.externaltools.gnu-tools-for-stm32.12.3.rel1.win32_1.0.200.202406191623/tools/bin/../lib/gcc/arm-none-eabi/12.3.1/../../../../arm-none-eabi/lib/thumb/v7e-m+dp/hard/crt0.o (exit)
C:/Moje/Programy/ST/STM32CubeIDE/STM32CubeIDE/plugins/com.st.stm32cube.ide.mcu.externaltools.gnu-tools-for-stm32.12.3.rel1.win32_1.0.200.202406191623/tools/bin/../lib/gcc/arm-none-eabi/12.3.1/../../../../arm-none-eabi/lib/thumb/v7e-m+dp/hard\libc_nano.a(libc_a-malloc.o)
                              ./Middlewares/Third_Party/OpenAMP/remoteproc_virtio.o (malloc)
C:/Moje/Programy/ST/STM32CubeIDE/STM32CubeIDE/plugins/com.st.stm32cube.ide.mcu.externaltools.gnu-tools-for-stm32.12.3.rel1.win32_1.0.200.202406191623/tools/bin/../lib/gcc/arm-none-eabi/12.3.1/../../../../arm-none-eabi/lib/thumb/v7e-m+dp/hard\libc_nano.a(libc_a-mallocr.o)
                              C:/Moje/Programy/ST/STM32CubeIDE/STM32CubeIDE/plugins/com.st.stm32cube.ide.mcu.externaltools.gnu-tools-for-stm32.12.3.rel1.win32_1.0.200.202406191623/tools/bin/../lib/gcc/arm-none-eabi/12.3.1/../../../../arm-none-eabi/lib/thumb/v7e-m+dp/hard\libc_nano.a(libc_a-malloc.o) (_malloc_r)
C:/Moje/Programy/ST/STM32CubeIDE/STM32CubeIDE/plugins/com.st.stm32cube.ide.mcu.externaltools.gnu-tools-for-stm32.12.3.rel1.win32_1.0.200.202406191623/tools/bin/../lib/gcc/arm-none-eabi/12.3.1/../../../../arm-none-eabi/lib/thumb/v7e-m+dp/hard\libc_nano.a(libc_a-mlock.o)
                              C:/Moje/Programy/ST/STM32CubeIDE/STM32CubeIDE/plugins/com.st.stm32cube.ide.mcu.externaltools.gnu-tools-for-stm32.12.3.rel1.win32_1.0.200.202406191623/tools/bin/../lib/gcc/arm-none-eabi/12.3.1/../../../../arm-none-eabi/lib/thumb/v7e-m+dp/hard\libc_nano.a(libc_a-mallocr.o) (__malloc_lock)
C:/Moje/Programy/ST/STM32CubeIDE/STM32CubeIDE/plugins/com.st.stm32cube.ide.mcu.externaltools.gnu-tools-for-stm32.12.3.rel1.win32_1.0.200.202406191623/tools/bin/../lib/gcc/arm-none-eabi/12.3.1/../../../../arm-none-eabi/lib/thumb/v7e-m+dp/hard\libc_nano.a(libc_a-findfp.o)
                              ./Middlewares/Third_Party/FreeRTOS/tasks.o (__sf)
C:/Moje/Programy/ST/STM32CubeIDE/STM32CubeIDE/plugins/com.st.stm32cube.ide.mcu.externaltools.gnu-tools-for-stm32.12.3.rel1.win32_1.0.200.202406191623/tools/bin/../lib/gcc/arm-none-eabi/12.3.1/../../../../arm-none-eabi/lib/thumb/v7e-m+dp/hard\libc_nano.a(libc_a-fprintf.o)
                              C:/Moje/Programy/ST/STM32CubeIDE/STM32CubeIDE/plugins/com.st.stm32cube.ide.mcu.externaltools.gnu-tools-for-stm32.12.3.rel1.win32_1.0.200.202406191623/tools/bin/../lib/gcc/arm-none-eabi/12.3.1/../../../../arm-none-eabi/lib/thumb/v7e-m+dp/hard\libc_nano.a(libc_a-assert.o) (fiprintf)
C:/Moje/Programy/ST/STM32CubeIDE/STM32CubeIDE/plugins/com.st.stm32cube.ide.mcu.externaltools.gnu-tools-for-stm32.12.3.rel1.win32_1.0.200.202406191623/tools/bin/../lib/gcc/arm-none-eabi/12.3.1/../../../../arm-none-eabi/lib/thumb/v7e-m+dp/hard\libc_nano.a(libc_a-fwalk.o)
                              C:/Moje/Programy/ST/STM32CubeIDE/STM32CubeIDE/plugins/com.st.stm32cube.ide.mcu.externaltools.gnu-tools-for-stm32.12.3.rel1.win32_1.0.200.202406191623/tools/bin/../lib/gcc/arm-none-eabi/12.3.1/../../../../arm-none-eabi/lib/thumb/v7e-m+dp/hard\libc_nano.a(libc_a-findfp.o) (_fwalk_sglue)
C:/Moje/Programy/ST/STM32CubeIDE/STM32CubeIDE/plugins/com.st.stm32cube.ide.mcu.externaltools.gnu-tools-for-stm32.12.3.rel1.win32_1.0.200.202406191623/tools/bin/../lib/gcc/arm-none-eabi/12.3.1/../../../../arm-none-eabi/lib/thumb/v7e-m+dp/hard\libc_nano.a(libc_a-stdio.o)
                              C:/Moje/Programy/ST/STM32CubeIDE/STM32CubeIDE/plugins/com.st.stm32cube.ide.mcu.externaltools.gnu-tools-for-stm32.12.3.rel1.win32_1.0.200.202406191623/tools/bin/../lib/gcc/arm-none-eabi/12.3.1/../../../../arm-none-eabi/lib/thumb/v7e-m+dp/hard\libc_nano.a(libc_a-findfp.o) (__sread)
C:/Moje/Programy/ST/STM32CubeIDE/STM32CubeIDE/plugins/com.st.stm32cube.ide.mcu.externaltools.gnu-tools-for-stm32.12.3.rel1.win32_1.0.200.202406191623/tools/bin/../lib/gcc/arm-none-eabi/12.3.1/../../../../arm-none-eabi/lib/thumb/v7e-m+dp/hard\libc_nano.a(libc_a-memset.o)
[...]
Memory Configuration

Name             Origin             Length             Attributes
RAM_D1           0x24000000         0x00080000         xrw
FLASH            0x08000000         0x00100000         xr
DTCMRAM          0x20000000         0x00020000         xrw
RAM_D2           0x30000000         0x00048000         xrw
RAM_D3           0x38000000         0x00010000         xrw
ITCMRAM          0x00000000         0x00010000         xrw
OPENAMP_RSC_TAB  0x38000000         0x00000400         xrw
OPEN_AMP_SHMEM   0x38000400         0x0000fc00         xrw
*default*        0x00000000         0xffffffff

Linker script and memory map

LOAD C:/Moje/Programy/ST/STM32CubeIDE/STM32CubeIDE/plugins/com.st.stm32cube.ide.mcu.externaltools.gnu-tools-for-stm32.12.3.rel1.win32_1.0.200.202406191623/tools/bin/../lib/gcc/arm-none-eabi/12.3.1/thumb/v7e-m+dp/hard/crti.o
LOAD C:/Moje/Programy/ST/STM32CubeIDE/STM32CubeIDE/plugins/com.st.stm32cube.ide.mcu.externaltools.gnu-tools-for-stm32.12.3.rel1.win32_1.0.200.202406191623/tools/bin/../lib/gcc/arm-none-eabi/12.3.1/thumb/v7e-m+dp/hard/crtbegin.o
LOAD C:/Moje/Programy/ST/STM32CubeIDE/STM32CubeIDE/plugins/com.st.stm32cube.ide.mcu.externaltools.gnu-tools-for-stm32.12.3.rel1.win32_1.0.200.202406191623/tools/bin/../lib/gcc/arm-none-eabi/12.3.1/../../../../arm-none-eabi/lib/thumb/v7e-m+dp/hard/crt0.o
LOAD ./Common/Src/system_stm32h7xx_dualcore_boot_cm4_cm7.o
LOAD ./Core/Src/freertos.o
LOAD ./Core/Src/gpio.o
LOAD ./Core/Src/main.o
LOAD ./Core/Src/stm32h7xx_hal_msp.o
LOAD ./Core/Src/stm32h7xx_hal_timebase_tim.o
LOAD ./Core/Src/stm32h7xx_it.o
LOAD ./Core/Src/syscalls.o
LOAD ./Core/Src/sysmem.o
LOAD ./Core/Startup/startup_stm32h755zitx.o
LOAD ./Drivers/STM32H7xx_HAL_Driver/stm32h7xx_hal.o
LOAD ./Drivers/STM32H7xx_HAL_Driver/stm32h7xx_hal_cortex.o
LOAD ./Drivers/STM32H7xx_HAL_Driver/stm32h7xx_hal_dma.o
LOAD ./Drivers/STM32H7xx_HAL_Driver/stm32h7xx_hal_dma_ex.o
LOAD ./Drivers/STM32H7xx_HAL_Driver/stm32h7xx_hal_exti.o
LOAD ./Drivers/STM32H7xx_HAL_Driver/stm32h7xx_hal_flash.o
LOAD ./Drivers/STM32H7xx_HAL_Driver/stm32h7xx_hal_flash_ex.o
LOAD ./Drivers/STM32H7xx_HAL_Driver/stm32h7xx_hal_gpio.o
LOAD ./Drivers/STM32H7xx_HAL_Driver/stm32h7xx_hal_hsem.o
LOAD ./Drivers/STM32H7xx_HAL_Driver/stm32h7xx_hal_i2c.o
LOAD ./Drivers/STM32H7xx_HAL_Driver/stm32h7xx_hal_i2c_ex.o
LOAD ./Drivers/STM32H7xx_HAL_Driver/stm32h7xx_hal_mdma.o
LOAD ./Drivers/STM32H7xx_HAL_Driver/stm32h7xx_hal_pwr.o
LOAD ./Drivers/STM32H7xx_HAL_Driver/stm32h7xx_hal_pwr_ex.o
LOAD ./Drivers/STM32H7xx_HAL_Driver/stm32h7xx_hal_rcc.o
LOAD ./Drivers/STM32H7xx_HAL_Driver/stm32h7xx_hal_rcc_ex.o
LOAD ./Drivers/STM32H7xx_HAL_Driver/stm32h7xx_hal_tim.o
LOAD ./Drivers/STM32H7xx_HAL_Driver/stm32h7xx_hal_tim_ex.o
LOAD ./Middlewares/Third_Party/FreeRTOS/cmsis_os2.o
LOAD ./Middlewares/Third_Party/FreeRTOS/croutine.o
LOAD ./Middlewares/Third_Party/FreeRTOS/event_groups.o
LOAD ./Middlewares/Third_Party/FreeRTOS/heap_4.o
LOAD ./Middlewares/Third_Party/FreeRTOS/list.o
LOAD ./Middlewares/Third_Party/FreeRTOS/port.o
LOAD ./Middlewares/Third_Party/FreeRTOS/queue.o
LOAD ./Middlewares/Third_Party/FreeRTOS/stream_buffer.o
LOAD ./Middlewares/Third_Party/FreeRTOS/tasks.o
LOAD ./Middlewares/Third_Party/FreeRTOS/timers.o
LOAD ./Middlewares/Third_Party/OpenAMP/condition.o
LOAD ./Middlewares/Third_Party/OpenAMP/device.o
LOAD ./Middlewares/Third_Party/OpenAMP/generic_device.o
LOAD ./Middlewares/Third_Party/OpenAMP/generic_init.o
LOAD ./Middlewares/Third_Party/OpenAMP/generic_io.o
LOAD ./Middlewares/Third_Party/OpenAMP/generic_shmem.o
LOAD ./Middlewares/Third_Party/OpenAMP/init.o
LOAD ./Middlewares/Third_Party/OpenAMP/io.o
LOAD ./Middlewares/Third_Party/OpenAMP/log.o
LOAD ./Middlewares/Third_Party/OpenAMP/remoteproc_virtio.o
LOAD ./Middlewares/Third_Party/OpenAMP/rpmsg.o
LOAD ./Middlewares/Third_Party/OpenAMP/rpmsg_virtio.o
LOAD ./Middlewares/Third_Party/OpenAMP/shmem.o
LOAD ./Middlewares/Third_Party/OpenAMP/sys.o
LOAD ./Middlewares/Third_Party/OpenAMP/time.o
LOAD ./Middlewares/Third_Party/OpenAMP/virtio.o
LOAD ./Middlewares/Third_Party/OpenAMP/virtqueue.o
LOAD ./OPENAMP/mbox_hsem.o
LOAD ./OPENAMP/openamp.o
LOAD ./OPENAMP/rsc_table.o
START GROUP
LOAD C:/Moje/Programy/ST/STM32CubeIDE/STM32CubeIDE/plugins/com.st.stm32cube.ide.mcu.externaltools.gnu-tools-for-stm32.12.3.rel1.win32_1.0.200.202406191623/tools/bin/../lib/gcc/arm-none-eabi/12.3.1/../../../../arm-none-eabi/lib/thumb/v7e-m+dp/hard\libc_nano.a
LOAD C:/Moje/Programy/ST/STM32CubeIDE/STM32CubeIDE/plugins/com.st.stm32cube.ide.mcu.externaltools.gnu-tools-for-stm32.12.3.rel1.win32_1.0.200.202406191623/tools/bin/../lib/gcc/arm-none-eabi/12.3.1/../../../../arm-none-eabi/lib/thumb/v7e-m+dp/hard\libm.a
END GROUP
START GROUP
LOAD C:/Moje/Programy/ST/STM32CubeIDE/STM32CubeIDE/plugins/com.st.stm32cube.ide.mcu.externaltools.gnu-tools-for-stm32.12.3.rel1.win32_1.0.200.202406191623/tools/bin/../lib/gcc/arm-none-eabi/12.3.1/thumb/v7e-m+dp/hard\libgcc.a
LOAD C:/Moje/Programy/ST/STM32CubeIDE/STM32CubeIDE/plugins/com.st.stm32cube.ide.mcu.externaltools.gnu-tools-for-stm32.12.3.rel1.win32_1.0.200.202406191623/tools/bin/../lib/gcc/arm-none-eabi/12.3.1/../../../../arm-none-eabi/lib/thumb/v7e-m+dp/hard\libc_nano.a
END GROUP
START GROUP
LOAD C:/Moje/Programy/ST/STM32CubeIDE/STM32CubeIDE/plugins/com.st.stm32cube.ide.mcu.externaltools.gnu-tools-for-stm32.12.3.rel1.win32_1.0.200.202406191623/tools/bin/../lib/gcc/arm-none-eabi/12.3.1/thumb/v7e-m+dp/hard\libgcc.a
LOAD C:/Moje/Programy/ST/STM32CubeIDE/STM32CubeIDE/plugins/com.st.stm32cube.ide.mcu.externaltools.gnu-tools-for-stm32.12.3.rel1.win32_1.0.200.202406191623/tools/bin/../lib/gcc/arm-none-eabi/12.3.1/../../../../arm-none-eabi/lib/thumb/v7e-m+dp/hard\libc_nano.a
LOAD C:/Moje/Programy/ST/STM32CubeIDE/STM32CubeIDE/plugins/com.st.stm32cube.ide.mcu.externaltools.gnu-tools-for-stm32.12.3.rel1.win32_1.0.200.202406191623/tools/bin/../lib/gcc/arm-none-eabi/12.3.1/../../../../arm-none-eabi/lib/thumb/v7e-m+dp/hard\libnosys.a
END GROUP
START GROUP
LOAD C:/Moje/Programy/ST/STM32CubeIDE/STM32CubeIDE/plugins/com.st.stm32cube.ide.mcu.externaltools.gnu-tools-for-stm32.12.3.rel1.win32_1.0.200.202406191623/tools/bin/../lib/gcc/arm-none-eabi/12.3.1/thumb/v7e-m+dp/hard\libgcc.a
LOAD C:/Moje/Programy/ST/STM32CubeIDE/STM32CubeIDE/plugins/com.st.stm32cube.ide.mcu.externaltools.gnu-tools-for-stm32.12.3.rel1.win32_1.0.200.202406191623/tools/bin/../lib/gcc/arm-none-eabi/12.3.1/../../../../arm-none-eabi/lib/thumb/v7e-m+dp/hard\libc_nano.a
LOAD C:/Moje/Programy/ST/STM32CubeIDE/STM32CubeIDE/plugins/com.st.stm32cube.ide.mcu.externaltools.gnu-tools-for-stm32.12.3.rel1.win32_1.0.200.202406191623/tools/bin/../lib/gcc/arm-none-eabi/12.3.1/../../../../arm-none-eabi/lib/thumb/v7e-m+dp/hard\libnosys.a
END GROUP
LOAD C:/Moje/Programy/ST/STM32CubeIDE/STM32CubeIDE/plugins/com.st.stm32cube.ide.mcu.externaltools.gnu-tools-for-stm32.12.3.rel1.win32_1.0.200.202406191623/tools/bin/../lib/gcc/arm-none-eabi/12.3.1/thumb/v7e-m+dp/hard/crtend.o
LOAD C:/Moje/Programy/ST/STM32CubeIDE/STM32CubeIDE/plugins/com.st.stm32cube.ide.mcu.externaltools.gnu-tools-for-stm32.12.3.rel1.win32_1.0.200.202406191623/tools/bin/../lib/gcc/arm-none-eabi/12.3.1/thumb/v7e-m+dp/hard/crtn.o
                0x24080000                        _estack = (ORIGIN (RAM_D1) + LENGTH (RAM_D1))
                0x00000200                        _Min_Heap_Size = 0x200
                0x00000400                        _Min_Stack_Size = 0x400
                0x38000400                        __OPENAMP_region_start__ = ORIGIN (OPEN_AMP_SHMEM)
                0x38010000                        __OPENAMP_region_end__ = (ORIGIN (OPEN_AMP_SHMEM) + LENGTH (OPEN_AMP_SHMEM))

.isr_vector     0x08000000      0x298
                0x08000000                        . = ALIGN (0x4)
 *(.isr_vector)
 .isr_vector    0x08000000      0x298 ./Core/Startup/startup_stm32h755zitx.o
                0x08000000                g_pfnVectors
                0x08000298                        . = ALIGN (0x4)

.text           0x080002a0     0x96d4
                0x080002a0                        . = ALIGN (0x4)
 *(.text)
 .text          0x080002a0       0x40 C:/Moje/Programy/ST/STM32CubeIDE/STM32CubeIDE/plugins/com.st.stm32cube.ide.mcu.externaltools.gnu-tools-for-stm32.12.3.rel1.win32_1.0.200.202406191623/tools/bin/../lib/gcc/arm-none-eabi/12.3.1/thumb/v7e-m+dp/hard/crtbegin.o
 .text          0x080002e0       0x14 C:/Moje/Programy/ST/STM32CubeIDE/STM32CubeIDE/plugins/com.st.stm32cube.ide.mcu.externaltools.gnu-tools-for-stm32.12.3.rel1.win32_1.0.200.202406191623/tools/bin/../lib/gcc/arm-none-eabi/12.3.1/../../../../arm-none-eabi/lib/thumb/v7e-m+dp/hard\libc_nano.a(libc_a-strcmp.o)
                0x080002e0                strcmp
 .text          0x080002f4       0x10 C:/Moje/Programy/ST/STM32CubeIDE/STM32CubeIDE/plugins/com.st.stm32cube.ide.mcu.externaltools.gnu-tools-for-stm32.12.3.rel1.win32_1.0.200.202406191623/tools/bin/../lib/gcc/arm-none-eabi/12.3.1/../../../../arm-none-eabi/lib/thumb/v7e-m+dp/hard\libc_nano.a(libc_a-strlen.o)
                0x080002f4                strlen
 *fill*         0x08000304        0xc 
 .text          0x08000310       0xa0 C:/Moje/Programy/ST/STM32CubeIDE/STM32CubeIDE/plugins/com.st.stm32cube.ide.mcu.externaltools.gnu-tools-for-stm32.12.3.rel1.win32_1.0.200.202406191623/tools/bin/../lib/gcc/arm-none-eabi/12.3.1/../../../../arm-none-eabi/lib/thumb/v7e-m+dp/hard\libc_nano.a(libc_a-memchr.o)
                0x08000310                memchr
 *(.text*)
 .text.SystemInit
                0x080003b0      0x12c ./Common/Src/system_stm32h7xx_dualcore_boot_cm4_cm7.o
                0x080003b0                SystemInit
 .text.rpmsg_send
                0x080004dc       0x40 ./Core/Src/freertos.o
 .text.rpmsg_init_ept
                0x0800051c       0x3a ./Core/Src/freertos.o
 *fill*         0x08000556        0x2 
 .text.MX_FREERTOS_Init
                0x08000558       0x40 ./Core/Src/freertos.o
                0x08000558                MX_FREERTOS_Init
 .text.Start_RX_Task
                0x08000598       0xa8 ./Core/Src/freertos.o
                0x08000598                Start_RX_Task
 .text.Start_TX_Task
                0x08000640       0x38 ./Core/Src/freertos.o
                0x08000640                Start_TX_Task
 .text.rpmsg_recv_callback
                0x08000678       0x34 ./Core/Src/freertos.o
 .text.service_destroy_cb
                0x080006ac       0x20 ./Core/Src/freertos.o
                0x080006ac                service_destroy_cb
 .text.new_service_cb
                0x080006cc       0x3c ./Core/Src/freertos.o
                0x080006cc                new_service_cb
 .text.MX_GPIO_Init
                0x08000708      0x194 ./Core/Src/gpio.o
                0x08000708                MX_GPIO_Init
 .text.main     0x0800089c      0x170 ./Core/Src/main.o
                0x0800089c                main
 .text.SystemClock_Config
                0x08000a0c       0xf8 ./Core/Src/main.o
                0x08000a0c                SystemClock_Config
 .text.MPU_Config
                0x08000b04       0x5a ./Core/Src/main.o
 *fill*         0x08000b5e        0x2 
 .text.HAL_TIM_PeriodElapsedCallback
                0x08000b60       0x24 ./Core/Src/main.o
                0x08000b60                HAL_TIM_PeriodElapsedCallback
 .text.Error_Handler
                0x08000b84        0xc ./Core/Src/main.o
                0x08000b84                Error_Handler
 .text.HAL_MspInit
                0x08000b90       0x4c ./Core/Src/stm32h7xx_hal_msp.o
                0x08000b90                HAL_MspInit
 .text.HAL_InitTick
                0x08000bdc       0xd8 ./Core/Src/stm32h7xx_hal_timebase_tim.o
                0x08000bdc                HAL_InitTick
 .text.NMI_Handler
                0x08000cb4        0x8 ./Core/Src/stm32h7xx_it.o
                0x08000cb4                NMI_Handler
 .text.HardFault_Handler
                0x08000cbc        0x8 ./Core/Src/stm32h7xx_it.o
                0x08000cbc                HardFault_Handler
 .text.MemManage_Handler
                0x08000cc4        0x8 ./Core/Src/stm32h7xx_it.o
                0x08000cc4                MemManage_Handler
 .text.BusFault_Handler
                0x08000ccc        0x8 ./Core/Src/stm32h7xx_it.o
                0x08000ccc                BusFault_Handler
 .text.UsageFault_Handler
                0x08000cd4        0x8 ./Core/Src/stm32h7xx_it.o
                0x08000cd4                UsageFault_Handler
 .text.DebugMon_Handler
                0x08000cdc        0xe ./Core/Src/stm32h7xx_it.o
                0x08000cdc                DebugMon_Handler
 *fill*         0x08000cea        0x2 
 .text.TIM6_DAC_IRQHandler
                0x08000cec       0x14 ./Core/Src/stm32h7xx_it.o
                0x08000cec                TIM6_DAC_IRQHandler
 .text.HSEM1_IRQHandler
                0x08000d00        0xc ./Core/Src/stm32h7xx_it.o
                0x08000d00                HSEM1_IRQHandler
 .text._getpid  0x08000d0c       0x10 ./Core/Src/syscalls.o
                0x08000d0c                _getpid
 .text._kill    0x08000d1c       0x20 ./Core/Src/syscalls.o
                0x08000d1c                _kill
 .text._exit    0x08000d3c       0x16 ./Core/Src/syscalls.o
                0x08000d3c                _exit
 .text._read    0x08000d52       0x3a ./Core/Src/syscalls.o
                0x08000d52                _read
 .text._write   0x08000d8c       0x38 ./Core/Src/syscalls.o
                0x08000d8c                _write
 .text._close   0x08000dc4       0x18 ./Core/Src/syscalls.o
                0x08000dc4                _close
 .text._fstat   0x08000ddc       0x20 ./Core/Src/syscalls.o
                0x08000ddc                _fstat
 .text._isatty  0x08000dfc       0x16 ./Core/Src/syscalls.o
                0x08000dfc                _isatty
 .text._lseek   0x08000e12       0x1a ./Core/Src/syscalls.o
                0x08000e12                _lseek
 .text._sbrk    0x08000e2c       0x6c ./Core/Src/sysmem.o
                0x08000e2c                _sbrk
 .text.Reset_Handler
                0x08000e98       0x50 ./Core/Startup/startup_stm32h755zitx.o
                0x08000e98                Reset_Handler
 .text.Default_Handler
                0x08000ee8        0x2 ./Core/Startup/startup_stm32h755zitx.o
                0x08000ee8                RTC_Alarm_IRQHandler
                0x08000ee8                HASH_RNG_IRQHandler
                0x08000ee8                EXTI2_IRQHandler
                0x08000ee8                TIM8_CC_IRQHandler
                0x08000ee8                HRTIM1_Master_IRQHandler
                0x08000ee8                UART8_IRQHandler
                0x08000ee8                SPI4_IRQHandler
                0x08000ee8                TIM1_CC_IRQHandler
                0x08000ee8                BDMA_Channel6_IRQHandler
                0x08000ee8                DMA2_Stream5_IRQHandler
                0x08000ee8                HRTIM1_FLT_IRQHandler
                0x08000ee8                JPEG_IRQHandler
                0x08000ee8                DMA1_Stream5_IRQHandler
                0x08000ee8                BDMA_Channel1_IRQHandler
                0x08000ee8                HRTIM1_TIMD_IRQHandler
                0x08000ee8                TAMP_STAMP_IRQHandler
                0x08000ee8                EXTI3_IRQHandler
                0x08000ee8                LPTIM4_IRQHandler
                0x08000ee8                TIM8_TRG_COM_TIM14_IRQHandler
                0x08000ee8                LPTIM2_IRQHandler
                0x08000ee8                DFSDM1_FLT1_IRQHandler
                0x08000ee8                DMAMUX2_OVR_IRQHandler
                0x08000ee8                TIM8_UP_TIM13_IRQHandler
                0x08000ee8                I2C3_ER_IRQHandler
                0x08000ee8                DFSDM1_FLT2_IRQHandler
                0x08000ee8                MDMA_IRQHandler
                0x08000ee8                LPTIM3_IRQHandler
                0x08000ee8                EXTI0_IRQHandler
                0x08000ee8                I2C2_EV_IRQHandler
                0x08000ee8                DMA1_Stream2_IRQHandler
                0x08000ee8                FPU_IRQHandler
                0x08000ee8                OTG_HS_WKUP_IRQHandler
                0x08000ee8                FDCAN1_IT1_IRQHandler
                0x08000ee8                LTDC_ER_IRQHandler
                0x08000ee8                DMA2_Stream2_IRQHandler
                0x08000ee8                HRTIM1_TIME_IRQHandler
                0x08000ee8                SPI1_IRQHandler
                0x08000ee8                DCMI_IRQHandler
                0x08000ee8                HRTIM1_TIMC_IRQHandler
                0x08000ee8                DMA2_Stream3_IRQHandler
                0x08000ee8                SAI2_IRQHandler
                0x08000ee8                DFSDM1_FLT3_IRQHandler
                0x08000ee8                USART6_IRQHandler
                0x08000ee8                TIM17_IRQHandler
                0x08000ee8                USART3_IRQHandler
                0x08000ee8                BDMA_Channel7_IRQHandler
                0x08000ee8                CRYP_IRQHandler
                0x08000ee8                LPTIM5_IRQHandler
                0x08000ee8                UART5_IRQHandler
                0x08000ee8                ADC3_IRQHandler
                0x08000ee8                DMA2_Stream0_IRQHandler
                0x08000ee8                TIM4_IRQHandler
                0x08000ee8                BDMA_Channel2_IRQHandler
                0x08000ee8                QUADSPI_IRQHandler
                0x08000ee8                I2C1_EV_IRQHandler
                0x08000ee8                DMA1_Stream6_IRQHandler
                0x08000ee8                DMAMUX1_OVR_IRQHandler
                0x08000ee8                DMA1_Stream1_IRQHandler
                0x08000ee8                TIM16_IRQHandler
                0x08000ee8                UART4_IRQHandler
                0x08000ee8                BDMA_Channel5_IRQHandler
                0x08000ee8                TIM3_IRQHandler
                0x08000ee8                RCC_IRQHandler
                0x08000ee8                TIM8_BRK_TIM12_IRQHandler
                0x08000ee8                TIM1_TRG_COM_IRQHandler
                0x08000ee8                Default_Handler
                0x08000ee8                ECC_IRQHandler
                0x08000ee8                CEC_IRQHandler
                0x08000ee8                EXTI15_10_IRQHandler
                0x08000ee8                BDMA_Channel0_IRQHandler
                0x08000ee8                ADC_IRQHandler
                0x08000ee8                DMA1_Stream7_IRQHandler
                0x08000ee8                HRTIM1_TIMA_IRQHandler
                0x08000ee8                SPI5_IRQHandler
                0x08000ee8                TIM7_IRQHandler
                0x08000ee8                SDMMC1_IRQHandler
                0x08000ee8                TIM5_IRQHandler
                0x08000ee8                DMA2_Stream7_IRQHandler
                0x08000ee8                TIM15_IRQHandler
                0x08000ee8                PVD_AVD_IRQHandler
                0x08000ee8                I2C3_EV_IRQHandler
                0x08000ee8                EXTI9_5_IRQHandler
                0x08000ee8                RTC_WKUP_IRQHandler
                0x08000ee8                LTDC_IRQHandler
                0x08000ee8                SAI3_IRQHandler
                0x08000ee8                ETH_WKUP_IRQHandler
                0x08000ee8                SPDIF_RX_IRQHandler
                0x08000ee8                SPI2_IRQHandler
                0x08000ee8                OTG_HS_EP1_IN_IRQHandler
                0x08000ee8                DMA1_Stream0_IRQHandler
                0x08000ee8                CRS_IRQHandler
                0x08000ee8                CM7_SEV_IRQHandler
                0x08000ee8                EXTI4_IRQHandler
                0x08000ee8                CM4_SEV_IRQHandler
                0x08000ee8                HRTIM1_TIMB_IRQHandler
                0x08000ee8                FDCAN2_IT1_IRQHandler
                0x08000ee8                ETH_IRQHandler
                0x08000ee8                TIM1_UP_IRQHandler
                0x08000ee8                WWDG_RST_IRQHandler
                0x08000ee8                BDMA_Channel4_IRQHandler
                0x08000ee8                OTG_HS_EP1_OUT_IRQHandler
                0x08000ee8                WWDG_IRQHandler
                0x08000ee8                SPI6_IRQHandler
                0x08000ee8                MDIOS_IRQHandler
                0x08000ee8                I2C4_EV_IRQHandler
                0x08000ee8                FDCAN2_IT0_IRQHandler
                0x08000ee8                LPUART1_IRQHandler
                0x08000ee8                FDCAN1_IT0_IRQHandler
                0x08000ee8                TIM2_IRQHandler
                0x08000ee8                OTG_FS_WKUP_IRQHandler
                0x08000ee8                OTG_HS_IRQHandler
                0x08000ee8                HSEM2_IRQHandler
                0x08000ee8                DMA2D_IRQHandler
                0x08000ee8                TIM1_BRK_IRQHandler
                0x08000ee8                EXTI1_IRQHandler
                0x08000ee8                SDMMC2_IRQHandler
                0x08000ee8                OTG_FS_EP1_OUT_IRQHandler
                0x08000ee8                BDMA_Channel3_IRQHandler
                0x08000ee8                HOLD_CORE_IRQHandler
                0x08000ee8                UART7_IRQHandler
                0x08000ee8                MDIOS_WKUP_IRQHandler
                0x08000ee8                USART2_IRQHandler
                0x08000ee8                DFSDM1_FLT0_IRQHandler
                0x08000ee8                SAI4_IRQHandler
                0x08000ee8                I2C2_ER_IRQHandler
                0x08000ee8                DMA2_Stream1_IRQHandler
                0x08000ee8                FLASH_IRQHandler
                0x08000ee8                DMA2_Stream4_IRQHandler
                0x08000ee8                USART1_IRQHandler
                0x08000ee8                OTG_FS_IRQHandler
                0x08000ee8                SPI3_IRQHandler
                0x08000ee8                WAKEUP_PIN_IRQHandler
                0x08000ee8                DMA1_Stream4_IRQHandler
                0x08000ee8                OTG_FS_EP1_IN_IRQHandler
                0x08000ee8                I2C1_ER_IRQHandler
                0x08000ee8                FMC_IRQHandler
                0x08000ee8                FDCAN_CAL_IRQHandler
                0x08000ee8                SWPMI1_IRQHandler
                0x08000ee8                COMP1_IRQHandler
                0x08000ee8                LPTIM1_IRQHandler
                0x08000ee8                I2C4_ER_IRQHandler
                0x08000ee8                DMA2_Stream6_IRQHandler
                0x08000ee8                SAI1_IRQHandler
                0x08000ee8                DMA1_Stream3_IRQHandler
 *fill*         0x08000eea        0x2 
 .text.HAL_Init
                0x08000eec       0x78 ./Drivers/STM32H7xx_HAL_Driver/stm32h7xx_hal.o
                0x08000eec                HAL_Init
 .text.HAL_IncTick
                0x08000f64       0x28 ./Drivers/STM32H7xx_HAL_Driver/stm32h7xx_hal.o
                0x08000f64                HAL_IncTick
 .text.HAL_GetTick
                0x08000f8c       0x18 ./Drivers/STM32H7xx_HAL_Driver/stm32h7xx_hal.o
                0x08000f8c                HAL_GetTick
 .text.HAL_GetREVID
                0x08000fa4       0x18 ./Drivers/STM32H7xx_HAL_Driver/stm32h7xx_hal.o
                0x08000fa4                HAL_GetREVID
 .text.__NVIC_SetPriorityGrouping
                0x08000fbc       0x48 ./Drivers/STM32H7xx_HAL_Driver/stm32h7xx_hal_cortex.o
 .text.__NVIC_GetPriorityGrouping
                0x08001004       0x1c ./Drivers/STM32H7xx_HAL_Driver/stm32h7xx_hal_cortex.o
 .text.__NVIC_EnableIRQ
                0x08001020       0x3c ./Drivers/STM32H7xx_HAL_Driver/stm32h7xx_hal_cortex.o
 .text.__NVIC_SetPriority
                0x0800105c       0x54 ./Drivers/STM32H7xx_HAL_Driver/stm32h7xx_hal_cortex.o
 .text.NVIC_EncodePriority
                0x080010b0       0x66 ./Drivers/STM32H7xx_HAL_Driver/stm32h7xx_hal_cortex.o
 .text.HAL_NVIC_SetPriorityGrouping
                0x08001116       0x16 ./Drivers/STM32H7xx_HAL_Driver/stm32h7xx_hal_cortex.o
                0x08001116                HAL_NVIC_SetPriorityGrouping
 .text.HAL_NVIC_SetPriority
                0x0800112c       0x34 ./Drivers/STM32H7xx_HAL_Driver/stm32h7xx_hal_cortex.o
                0x0800112c                HAL_NVIC_SetPriority
 .text.HAL_NVIC_EnableIRQ
                0x08001160       0x1c ./Drivers/STM32H7xx_HAL_Driver/stm32h7xx_hal_cortex.o
                0x08001160                HAL_NVIC_EnableIRQ
 .text.HAL_MPU_Disable
                0x0800117c       0x30 ./Drivers/STM32H7xx_HAL_Driver/stm32h7xx_hal_cortex.o
                0x0800117c                HAL_MPU_Disable
 .text.HAL_MPU_Enable
                0x080011ac       0x40 ./Drivers/STM32H7xx_HAL_Driver/stm32h7xx_hal_cortex.o
                0x080011ac                HAL_MPU_Enable
 .text.HAL_MPU_ConfigRegion
                0x080011ec       0x80 ./Drivers/STM32H7xx_HAL_Driver/stm32h7xx_hal_cortex.o
                0x080011ec                HAL_MPU_ConfigRegion
 .text.HAL_GPIO_Init
                0x0800126c      0x360 ./Drivers/STM32H7xx_HAL_Driver/stm32h7xx_hal_gpio.o
                0x0800126c                HAL_GPIO_Init
 .text.HAL_GPIO_WritePin
                0x080015cc       0x32 ./Drivers/STM32H7xx_HAL_Driver/stm32h7xx_hal_gpio.o
                0x080015cc                HAL_GPIO_WritePin
 .text.HAL_GPIO_TogglePin
                0x080015fe       0x34 ./Drivers/STM32H7xx_HAL_Driver/stm32h7xx_hal_gpio.o
                0x080015fe                HAL_GPIO_TogglePin
 *fill*         0x08001632        0x2 
 .text.HAL_HSEM_FastTake
                0x08001634       0x34 ./Drivers/STM32H7xx_HAL_Driver/stm32h7xx_hal_hsem.o
                0x08001634                HAL_HSEM_FastTake
 .text.HAL_HSEM_Release
                0x08001668       0x28 ./Drivers/STM32H7xx_HAL_Driver/stm32h7xx_hal_hsem.o
                0x08001668                HAL_HSEM_Release
 .text.HAL_HSEM_ActivateNotification
                0x08001690       0x24 ./Drivers/STM32H7xx_HAL_Driver/stm32h7xx_hal_hsem.o
                0x08001690                HAL_HSEM_ActivateNotification
 .text.HAL_HSEM_IRQHandler
                0x080016b4       0x34 ./Drivers/STM32H7xx_HAL_Driver/stm32h7xx_hal_hsem.o
                0x080016b4                HAL_HSEM_IRQHandler
 .text.HAL_PWREx_ConfigSupply
                0x080016e8       0xb4 ./Drivers/STM32H7xx_HAL_Driver/stm32h7xx_hal_pwr_ex.o
                0x080016e8                HAL_PWREx_ConfigSupply
 .text.HAL_RCC_OscConfig
                0x0800179c      0x8b4 ./Drivers/STM32H7xx_HAL_Driver/stm32h7xx_hal_rcc.o
                0x0800179c                HAL_RCC_OscConfig
 .text.HAL_RCC_ClockConfig
                0x08002050      0x36c ./Drivers/STM32H7xx_HAL_Driver/stm32h7xx_hal_rcc.o
                0x08002050                HAL_RCC_ClockConfig
 .text.HAL_RCC_GetSysClockFreq
                0x080023bc      0x2f4 ./Drivers/STM32H7xx_HAL_Driver/stm32h7xx_hal_rcc.o
                0x080023bc                HAL_RCC_GetSysClockFreq
 .text.HAL_RCC_GetHCLKFreq
                0x080026b0       0x60 ./Drivers/STM32H7xx_HAL_Driver/stm32h7xx_hal_rcc.o
                0x080026b0                HAL_RCC_GetHCLKFreq
 .text.HAL_RCC_GetPCLK1Freq
                0x08002710       0x2c ./Drivers/STM32H7xx_HAL_Driver/stm32h7xx_hal_rcc.o
                0x08002710                HAL_RCC_GetPCLK1Freq
 .text.HAL_RCC_GetClockConfig
                0x0800273c       0x84 ./Drivers/STM32H7xx_HAL_Driver/stm32h7xx_hal_rcc.o
                0x0800273c                HAL_RCC_GetClockConfig
 .text.HAL_TIM_Base_Init
                0x080027c0       0xae ./Drivers/STM32H7xx_HAL_Driver/stm32h7xx_hal_tim.o
                0x080027c0                HAL_TIM_Base_Init
 .text.HAL_TIM_Base_MspInit
                0x0800286e       0x14 ./Drivers/STM32H7xx_HAL_Driver/stm32h7xx_hal_tim.o
                0x0800286e                HAL_TIM_Base_MspInit
 *fill*         0x08002882        0x2 
 .text.HAL_TIM_Base_Start_IT
                0x08002884       0xf0 ./Drivers/STM32H7xx_HAL_Driver/stm32h7xx_hal_tim.o
                0x08002884                HAL_TIM_Base_Start_IT
 .text.HAL_TIM_IRQHandler
                0x08002974      0x20e ./Drivers/STM32H7xx_HAL_Driver/stm32h7xx_hal_tim.o
                0x08002974                HAL_TIM_IRQHandler
 .text.HAL_TIM_OC_DelayElapsedCallback
                0x08002b82       0x14 ./Drivers/STM32H7xx_HAL_Driver/stm32h7xx_hal_tim.o
                0x08002b82                HAL_TIM_OC_DelayElapsedCallback
 .text.HAL_TIM_IC_CaptureCallback
                0x08002b96       0x14 ./Drivers/STM32H7xx_HAL_Driver/stm32h7xx_hal_tim.o
                0x08002b96                HAL_TIM_IC_CaptureCallback
 .text.HAL_TIM_PWM_PulseFinishedCallback
                0x08002baa       0x14 ./Drivers/STM32H7xx_HAL_Driver/stm32h7xx_hal_tim.o
                0x08002baa                HAL_TIM_PWM_PulseFinishedCallback
 .text.HAL_TIM_TriggerCallback
                0x08002bbe       0x14 ./Drivers/STM32H7xx_HAL_Driver/stm32h7xx_hal_tim.o
                0x08002bbe                HAL_TIM_TriggerCallback
 *fill*         0x08002bd2        0x2 
 .text.TIM_Base_SetConfig
                0x08002bd4      0x14c ./Drivers/STM32H7xx_HAL_Driver/stm32h7xx_hal_tim.o
                0x08002bd4                TIM_Base_SetConfig
 .text.HAL_TIMEx_CommutCallback
                0x08002d20       0x14 ./Drivers/STM32H7xx_HAL_Driver/stm32h7xx_hal_tim_ex.o
                0x08002d20                HAL_TIMEx_CommutCallback
 .text.HAL_TIMEx_BreakCallback
                0x08002d34       0x14 ./Drivers/STM32H7xx_HAL_Driver/stm32h7xx_hal_tim_ex.o
                0x08002d34                HAL_TIMEx_BreakCallback
 .text.HAL_TIMEx_Break2Callback
                0x08002d48       0x14 ./Drivers/STM32H7xx_HAL_Driver/stm32h7xx_hal_tim_ex.o
                0x08002d48                HAL_TIMEx_Break2Callback
 .text.__NVIC_SetPriority
                0x08002d5c       0x54 ./Middlewares/Third_Party/FreeRTOS/cmsis_os2.o
 .text.SysTick_Handler
                0x08002db0       0x20 ./Middlewares/Third_Party/FreeRTOS/cmsis_os2.o
                0x08002db0                SysTick_Handler
 .text.SVC_Setup
                0x08002dd0       0x12 ./Middlewares/Third_Party/FreeRTOS/cmsis_os2.o
 *fill*         0x08002de2        0x2 
 .text.osKernelInitialize
                0x08002de4       0x48 ./Middlewares/Third_Party/FreeRTOS/cmsis_os2.o
                0x08002de4                osKernelInitialize
 .text.osKernelStart
                0x08002e2c       0x4c ./Middlewares/Third_Party/FreeRTOS/cmsis_os2.o
                0x08002e2c                osKernelStart
 .text.osThreadNew
                0x08002e78      0x124 ./Middlewares/Third_Party/FreeRTOS/cmsis_os2.o
                0x08002e78                osThreadNew
 .text.osThreadTerminate
                0x08002f9c       0x5a ./Middlewares/Third_Party/FreeRTOS/cmsis_os2.o
                0x08002f9c                osThreadTerminate
 .text.osDelay  0x08002ff6       0x36 ./Middlewares/Third_Party/FreeRTOS/cmsis_os2.o
                0x08002ff6                osDelay
 .text.vApplicationGetIdleTaskMemory
                0x0800302c       0x34 ./Middlewares/Third_Party/FreeRTOS/cmsis_os2.o
                0x0800302c                vApplicationGetIdleTaskMemory
 .text.vApplicationGetTimerTaskMemory
                0x08003060       0x34 ./Middlewares/Third_Party/FreeRTOS/cmsis_os2.o
                0x08003060                vApplicationGetTimerTaskMemory
 .text.pvPortMalloc
                0x08003094      0x19c ./Middlewares/Third_Party/FreeRTOS/heap_4.o
                0x08003094                pvPortMalloc
 .text.vPortFree
                0x08003230       0xc8 ./Middlewares/Third_Party/FreeRTOS/heap_4.o
                0x08003230                vPortFree
 .text.prvHeapInit
                0x080032f8       0xc4 ./Middlewares/Third_Party/FreeRTOS/heap_4.o
 .text.prvInsertBlockIntoFreeList
                0x080033bc       0xb4 ./Middlewares/Third_Party/FreeRTOS/heap_4.o
 .text.vListInitialise
                0x08003470       0x40 ./Middlewares/Third_Party/FreeRTOS/list.o
                0x08003470                vListInitialise
 .text.vListInitialiseItem
                0x080034b0       0x1a ./Middlewares/Third_Party/FreeRTOS/list.o
                0x080034b0                vListInitialiseItem
 .text.vListInsertEnd
                0x080034ca       0x48 ./Middlewares/Third_Party/FreeRTOS/list.o
                0x080034ca                vListInsertEnd
 .text.vListInsert
                0x08003512       0x72 ./Middlewares/Third_Party/FreeRTOS/list.o
                0x08003512                vListInsert
 .text.uxListRemove
                0x08003584       0x54 ./Middlewares/Third_Party/FreeRTOS/list.o
                0x08003584                uxListRemove
 .text.pxPortInitialiseStack
                0x080035d8       0x68 ./Middlewares/Third_Party/FreeRTOS/port.o
                0x080035d8                pxPortInitialiseStack
 .text.prvTaskExitError
                0x08003640       0x5c ./Middlewares/Third_Party/FreeRTOS/port.o
 *fill*         0x0800369c        0x4 
 .text.SVC_Handler
                0x080036a0       0x28 ./Middlewares/Third_Party/FreeRTOS/port.o
                0x080036a0                SVC_Handler
 .text.prvPortStartFirstTask
                0x080036c8       0x28 ./Middlewares/Third_Party/FreeRTOS/port.o
 .text.xPortStartScheduler
                0x080036f0      0x148 ./Middlewares/Third_Party/FreeRTOS/port.o
                0x080036f0                xPortStartScheduler
 .text.vPortEnterCritical
                0x08003838       0x64 ./Middlewares/Third_Party/FreeRTOS/port.o
                0x08003838                vPortEnterCritical
 .text.vPortExitCritical
                0x0800389c       0x54 ./Middlewares/Third_Party/FreeRTOS/port.o
                0x0800389c                vPortExitCritical
 .text.PendSV_Handler
                0x080038f0       0x68 ./Middlewares/Third_Party/FreeRTOS/port.o
                0x080038f0                PendSV_Handler
 .text.xPortSysTickHandler
                0x08003958       0x44 ./Middlewares/Third_Party/FreeRTOS/port.o
                0x08003958                xPortSysTickHandler
 .text.vPortSetupTimerInterrupt
                0x0800399c       0x48 ./Middlewares/Third_Party/FreeRTOS/port.o
                0x0800399c                vPortSetupTimerInterrupt
 .text.vPortEnableVFP
                0x080039e4       0x14 ./Middlewares/Third_Party/FreeRTOS/port.o
 .text.vPortValidateInterruptPriority
                0x080039f8       0x84 ./Middlewares/Third_Party/FreeRTOS/port.o
                0x080039f8                vPortValidateInterruptPriority
 .text.xQueueGenericReset
                0x08003a7c       0xd4 ./Middlewares/Third_Party/FreeRTOS/queue.o
                0x08003a7c                xQueueGenericReset
 .text.xQueueGenericCreateStatic
                0x08003b50       0xfa ./Middlewares/Third_Party/FreeRTOS/queue.o
                0x08003b50                xQueueGenericCreateStatic
 .text.prvInitialiseNewQueue
                0x08003c4a       0x46 ./Middlewares/Third_Party/FreeRTOS/queue.o
 .text.xQueueGenericSend
                0x08003c90      0x204 ./Middlewares/Third_Party/FreeRTOS/queue.o
                0x08003c90                xQueueGenericSend
 .text.xQueueGenericSendFromISR
                0x08003e94      0x13c ./Middlewares/Third_Party/FreeRTOS/queue.o
                0x08003e94                xQueueGenericSendFromISR
 .text.xQueueReceive
                0x08003fd0      0x1c4 ./Middlewares/Third_Party/FreeRTOS/queue.o
                0x08003fd0                xQueueReceive
 .text.prvCopyDataToQueue
                0x08004194       0xd4 ./Middlewares/Third_Party/FreeRTOS/queue.o
 .text.prvCopyDataFromQueue
                0x08004268       0x4c ./Middlewares/Third_Party/FreeRTOS/queue.o
 .text.prvUnlockQueue
                0x080042b4       0xa4 ./Middlewares/Third_Party/FreeRTOS/queue.o
 .text.prvIsQueueEmpty
                0x08004358       0x2c ./Middlewares/Third_Party/FreeRTOS/queue.o
 .text.prvIsQueueFull
                0x08004384       0x30 ./Middlewares/Third_Party/FreeRTOS/queue.o
 .text.vQueueAddToRegistry
                0x080043b4       0x54 ./Middlewares/Third_Party/FreeRTOS/queue.o
                0x080043b4                vQueueAddToRegistry
 .text.vQueueWaitForMessageRestricted
                0x08004408       0x68 ./Middlewares/Third_Party/FreeRTOS/queue.o
                0x08004408                vQueueWaitForMessageRestricted
 .text.xTaskCreateStatic
                0x08004470       0xc0 ./Middlewares/Third_Party/FreeRTOS/tasks.o
                0x08004470                xTaskCreateStatic
 .text.xTaskCreate
                0x08004530       0x8a ./Middlewares/Third_Party/FreeRTOS/tasks.o
                0x08004530                xTaskCreate
 *fill*         0x080045ba        0x2 
 .text.prvInitialiseNewTask
                0x080045bc      0x150 ./Middlewares/Third_Party/FreeRTOS/tasks.o
 .text.prvAddNewTaskToReadyList
                0x0800470c       0xe0 ./Middlewares/Third_Party/FreeRTOS/tasks.o
 .text.vTaskDelete
                0x080047ec       0xe8 ./Middlewares/Third_Party/FreeRTOS/tasks.o
                0x080047ec                vTaskDelete
 .text.vTaskDelay
                0x080048d4       0x6c ./Middlewares/Third_Party/FreeRTOS/tasks.o
                0x080048d4                vTaskDelay
 .text.eTaskGetState
                0x08004940       0xd0 ./Middlewares/Third_Party/FreeRTOS/tasks.o
                0x08004940                eTaskGetState
 .text.vTaskStartScheduler
                0x08004a10       0xe0 ./Middlewares/Third_Party/FreeRTOS/tasks.o
                0x08004a10                vTaskStartScheduler
 .text.vTaskSuspendAll
                0x08004af0       0x1c ./Middlewares/Third_Party/FreeRTOS/tasks.o
                0x08004af0                vTaskSuspendAll
 .text.xTaskResumeAll
                0x08004b0c      0x13c ./Middlewares/Third_Party/FreeRTOS/tasks.o
                0x08004b0c                xTaskResumeAll
 .text.xTaskGetTickCount
                0x08004c48       0x20 ./Middlewares/Third_Party/FreeRTOS/tasks.o
                0x08004c48                xTaskGetTickCount
 .text.xTaskIncrementTick
                0x08004c68      0x174 ./Middlewares/Third_Party/FreeRTOS/tasks.o
                0x08004c68                xTaskIncrementTick
 .text.vTaskSwitchContext
                0x08004ddc       0xcc ./Middlewares/Third_Party/FreeRTOS/tasks.o
                0x08004ddc                vTaskSwitchContext
 .text.vTaskPlaceOnEventList
                0x08004ea8       0x4c ./Middlewares/Third_Party/FreeRTOS/tasks.o
                0x08004ea8                vTaskPlaceOnEventList
 .text.vTaskPlaceOnEventListRestricted
                0x08004ef4       0x58 ./Middlewares/Third_Party/FreeRTOS/tasks.o
                0x08004ef4                vTaskPlaceOnEventListRestricted
 .text.xTaskRemoveFromEventList
                0x08004f4c       0xc8 ./Middlewares/Third_Party/FreeRTOS/tasks.o
                0x08004f4c                xTaskRemoveFromEventList
 .text.vTaskInternalSetTimeOutState
                0x08005014       0x2c ./Middlewares/Third_Party/FreeRTOS/tasks.o
                0x08005014                vTaskInternalSetTimeOutState
 .text.xTaskCheckForTimeOut
                0x08005040       0xc8 ./Middlewares/Third_Party/FreeRTOS/tasks.o
                0x08005040                xTaskCheckForTimeOut
 .text.vTaskMissedYield
                0x08005108       0x18 ./Middlewares/Third_Party/FreeRTOS/tasks.o
                0x08005108                vTaskMissedYield
 .text.prvIdleTask
                0x08005120       0x30 ./Middlewares/Third_Party/FreeRTOS/tasks.o
 .text.prvInitialiseTaskLists
                0x08005150       0x80 ./Middlewares/Third_Party/FreeRTOS/tasks.o
 .text.prvCheckTasksWaitingTermination
                0x080051d0       0x5c ./Middlewares/Third_Party/FreeRTOS/tasks.o
 .text.prvDeleteTCB
                0x0800522c       0x6a ./Middlewares/Third_Party/FreeRTOS/tasks.o
 *fill*         0x08005296        0x2 
 .text.prvResetNextTaskUnblockTime
                0x08005298       0x40 ./Middlewares/Third_Party/FreeRTOS/tasks.o
 .text.xTaskGetSchedulerState
                0x080052d8       0x3c ./Middlewares/Third_Party/FreeRTOS/tasks.o
                0x080052d8                xTaskGetSchedulerState
 .text.xTaskPriorityDisinherit
                0x08005314       0xe0 ./Middlewares/Third_Party/FreeRTOS/tasks.o
                0x08005314                xTaskPriorityDisinherit
 .text.prvAddCurrentTaskToDelayedList
                0x080053f4       0xa8 ./Middlewares/Third_Party/FreeRTOS/tasks.o
 .text.xTimerCreateTimerTask
                0x0800549c       0x94 ./Middlewares/Third_Party/FreeRTOS/timers.o
                0x0800549c                xTimerCreateTimerTask
 .text.xTimerGenericCommand
                0x08005530       0x9c ./Middlewares/Third_Party/FreeRTOS/timers.o
                0x08005530                xTimerGenericCommand
 .text.prvProcessExpiredTimer
                0x080055cc       0x9c ./Middlewares/Third_Party/FreeRTOS/timers.o
 .text.prvTimerTask
                0x08005668       0x26 ./Middlewares/Third_Party/FreeRTOS/timers.o
 *fill*         0x0800568e        0x2 
 .text.prvProcessTimerOrBlockTask
                0x08005690       0x9c ./Middlewares/Third_Party/FreeRTOS/timers.o
 .text.prvGetNextExpireTime
                0x0800572c       0x48 ./Middlewares/Third_Party/FreeRTOS/timers.o
 .text.prvSampleTimeNow
                0x08005774       0x40 ./Middlewares/Third_Party/FreeRTOS/timers.o
 .text.prvInsertTimerInActiveList
                0x080057b4       0x84 ./Middlewares/Third_Party/FreeRTOS/timers.o
 .text.prvProcessReceivedCommands
                0x08005838      0x1cc ./Middlewares/Third_Party/FreeRTOS/timers.o
 .text.prvSwitchTimerLists
                0x08005a04       0xcc ./Middlewares/Third_Party/FreeRTOS/timers.o
 .text.prvCheckForValidListAndQueue
                0x08005ad0       0x80 ./Middlewares/Third_Party/FreeRTOS/timers.o
 .text.metal_list_init
                0x08005b50       0x22 ./Middlewares/Third_Party/OpenAMP/device.o
 .text.metal_list_add_before
                0x08005b72       0x34 ./Middlewares/Third_Party/OpenAMP/device.o
 .text.metal_list_add_tail
                0x08005ba6       0x1a ./Middlewares/Third_Party/OpenAMP/device.o
 .text.metal_list_del
                0x08005bc0       0x36 ./Middlewares/Third_Party/OpenAMP/device.o
 .text.__metal_cache_flush
                0x08005bf6       0x1a ./Middlewares/Third_Party/OpenAMP/device.o
 .text.__metal_cache_invalidate
                0x08005c10       0x1a ./Middlewares/Third_Party/OpenAMP/device.o
 .text.metal_cache_flush
                0x08005c2a       0x1a ./Middlewares/Third_Party/OpenAMP/device.o
 .text.metal_cache_invalidate
                0x08005c44       0x1a ./Middlewares/Third_Party/OpenAMP/device.o
 *fill*         0x08005c5e        0x2 
 .text.metal_bus_register
                0x08005c60       0x88 ./Middlewares/Third_Party/OpenAMP/device.o
                0x08005c60                metal_bus_register
 .text.metal_bus_unregister
                0x08005ce8       0x54 ./Middlewares/Third_Party/OpenAMP/device.o
                0x08005ce8                metal_bus_unregister
 .text.metal_bus_find
                0x08005d3c       0x60 ./Middlewares/Third_Party/OpenAMP/device.o
                0x08005d3c                metal_bus_find
 .text.metal_device_open
                0x08005d9c       0x7c ./Middlewares/Third_Party/OpenAMP/device.o
                0x08005d9c                metal_device_open
 .text.metal_register_generic_device
                0x08005e18       0x4c ./Middlewares/Third_Party/OpenAMP/device.o
                0x08005e18                metal_register_generic_device
 .text.metal_generic_dev_open
                0x08005e64       0x60 ./Middlewares/Third_Party/OpenAMP/device.o
                0x08005e64                metal_generic_dev_open
 .text.metal_generic_dev_dma_map
                0x08005ec4       0xa2 ./Middlewares/Third_Party/OpenAMP/device.o
                0x08005ec4                metal_generic_dev_dma_map
 .text.metal_generic_dev_dma_unmap
                0x08005f66       0x56 ./Middlewares/Third_Party/OpenAMP/device.o
                0x08005f66                metal_generic_dev_dma_unmap
 .text.metal_generic_dev_sys_open
                0x08005fbc       0x4e ./Middlewares/Third_Party/OpenAMP/generic_device.o
                0x08005fbc                metal_generic_dev_sys_open
 *fill*         0x0800600a        0x2 
 .text.metal_sys_init
                0x0800600c       0x1c ./Middlewares/Third_Party/OpenAMP/generic_init.o
                0x0800600c                metal_sys_init
 .text.metal_sys_finish
                0x08006028       0x14 ./Middlewares/Third_Party/OpenAMP/generic_init.o
                0x08006028                metal_sys_finish
 .text.metal_sys_io_mem_map
                0x0800603c       0x7c ./Middlewares/Third_Party/OpenAMP/generic_io.o
                0x0800603c                metal_sys_io_mem_map
 .text.metal_list_init
                0x080060b8       0x22 ./Middlewares/Third_Party/OpenAMP/init.o
 *fill*         0x080060da        0x2 
 .text.metal_init
                0x080060dc       0x64 ./Middlewares/Third_Party/OpenAMP/init.o
                0x080060dc                metal_init
 .text.metal_finish
                0x08006140       0x1c ./Middlewares/Third_Party/OpenAMP/init.o
                0x08006140                metal_finish
 .text.metal_io_virt
                0x0800615c       0x36 ./Middlewares/Third_Party/OpenAMP/io.o
 .text.metal_io_init
                0x08006192       0x9e ./Middlewares/Third_Party/OpenAMP/io.o
                0x08006192                metal_io_init
 .text.metal_io_block_read
                0x08006230       0xee ./Middlewares/Third_Party/OpenAMP/io.o
                0x08006230                metal_io_block_read
 .text.metal_io_block_write
                0x0800631e       0xec ./Middlewares/Third_Party/OpenAMP/io.o
                0x0800631e                metal_io_block_write
 .text.metal_io_block_set
                0x0800640a       0xf2 ./Middlewares/Third_Party/OpenAMP/io.o
                0x0800640a                metal_io_block_set
 .text.metal_default_log_handler
                0x080064fc       0x1a ./Middlewares/Third_Party/OpenAMP/log.o
                0x080064fc                metal_default_log_handler
 .text.metal_io_virt
                0x08006516       0x36 ./Middlewares/Third_Party/OpenAMP/remoteproc_virtio.o
 .text.metal_io_virt_to_offset
                0x0800654c       0x32 ./Middlewares/Third_Party/OpenAMP/remoteproc_virtio.o
 *fill*         0x0800657e        0x2 
 .text.metal_io_read
                0x08006580      0x104 ./Middlewares/Third_Party/OpenAMP/remoteproc_virtio.o
 .text.metal_io_write
                0x08006684       0xec ./Middlewares/Third_Party/OpenAMP/remoteproc_virtio.o
 .text.metal_allocate_memory
                0x08006770       0x18 ./Middlewares/Third_Party/OpenAMP/remoteproc_virtio.o
 .text.metal_free_memory
                0x08006788       0x16 ./Middlewares/Third_Party/OpenAMP/remoteproc_virtio.o
 .text.virtqueue_allocate
                0x0800679e       0x32 ./Middlewares/Third_Party/OpenAMP/remoteproc_virtio.o
 .text.rproc_virtio_virtqueue_notify
                0x080067d0       0x68 ./Middlewares/Third_Party/OpenAMP/remoteproc_virtio.o
 .text.rproc_virtio_get_status
                0x08006838       0x44 ./Middlewares/Third_Party/OpenAMP/remoteproc_virtio.o
 .text.rproc_virtio_set_status
                0x0800687c       0x5e ./Middlewares/Third_Party/OpenAMP/remoteproc_virtio.o
 .text.rproc_virtio_get_features
                0x080068da       0x44 ./Middlewares/Third_Party/OpenAMP/remoteproc_virtio.o
 .text.rproc_virtio_set_features
                0x0800691e       0x5c ./Middlewares/Third_Party/OpenAMP/remoteproc_virtio.o
 .text.rproc_virtio_negotiate_features
                0x0800697a       0x18 ./Middlewares/Third_Party/OpenAMP/remoteproc_virtio.o
 .text.rproc_virtio_read_config
                0x08006992       0x1a ./Middlewares/Third_Party/OpenAMP/remoteproc_virtio.o
 .text.rproc_virtio_write_config
                0x080069ac       0x1a ./Middlewares/Third_Party/OpenAMP/remoteproc_virtio.o
 .text.rproc_virtio_reset_device
                0x080069c6       0x20 ./Middlewares/Third_Party/OpenAMP/remoteproc_virtio.o
 *fill*         0x080069e6        0x2 
 .text.rproc_virtio_create_vdev
                0x080069e8      0x15c ./Middlewares/Third_Party/OpenAMP/remoteproc_virtio.o
                0x080069e8                rproc_virtio_create_vdev
 .text.rproc_virtio_init_vring
                0x08006b44       0x62 ./Middlewares/Third_Party/OpenAMP/remoteproc_virtio.o
                0x08006b44                rproc_virtio_init_vring
 .text.rproc_virtio_notified
                0x08006ba6       0x78 ./Middlewares/Third_Party/OpenAMP/remoteproc_virtio.o
                0x08006ba6                rproc_virtio_notified
 .text.rproc_virtio_wait_remote_ready
                0x08006c1e       0x32 ./Middlewares/Third_Party/OpenAMP/remoteproc_virtio.o
                0x08006c1e                rproc_virtio_wait_remote_ready
 .text.__metal_mutex_acquire
                0x08006c50       0x38 ./Middlewares/Third_Party/OpenAMP/rpmsg.o
 .text.__metal_mutex_release
                0x08006c88       0x22 ./Middlewares/Third_Party/OpenAMP/rpmsg.o
 .text.metal_mutex_acquire
                0x08006caa       0x16 ./Middlewares/Third_Party/OpenAMP/rpmsg.o
 .text.metal_mutex_release
                0x08006cc0       0x16 ./Middlewares/Third_Party/OpenAMP/rpmsg.o
 .text.metal_list_add_before
                0x08006cd6       0x34 ./Middlewares/Third_Party/OpenAMP/rpmsg.o
 .text.metal_list_add_tail
                0x08006d0a       0x1a ./Middlewares/Third_Party/OpenAMP/rpmsg.o
 .text.metal_list_del
                0x08006d24       0x36 ./Middlewares/Third_Party/OpenAMP/rpmsg.o
 .text.metal_bitmap_set_bit
                0x08006d5a       0x38 ./Middlewares/Third_Party/OpenAMP/rpmsg.o
 .text.metal_bitmap_is_bit_set
                0x08006d92       0x30 ./Middlewares/Third_Party/OpenAMP/rpmsg.o
 .text.metal_bitmap_clear_bit
                0x08006dc2       0x3a ./Middlewares/Third_Party/OpenAMP/rpmsg.o
 .text.metal_bitmap_is_bit_clear
                0x08006dfc       0x26 ./Middlewares/Third_Party/OpenAMP/rpmsg.o
 .text.metal_bitmap_next_clear_bit
                0x08006e22       0x3a ./Middlewares/Third_Party/OpenAMP/rpmsg.o
 .text.rpmsg_init_ept
                0x08006e5c       0x3a ./Middlewares/Third_Party/OpenAMP/rpmsg.o
 .text.rpmsg_get_address
                0x08006e96       0x3e ./Middlewares/Third_Party/OpenAMP/rpmsg.o
 .text.rpmsg_release_address
                0x08006ed4       0x24 ./Middlewares/Third_Party/OpenAMP/rpmsg.o
 .text.rpmsg_is_address_set
                0x08006ef8       0x30 ./Middlewares/Third_Party/OpenAMP/rpmsg.o
 .text.rpmsg_set_address
                0x08006f28       0x30 ./Middlewares/Third_Party/OpenAMP/rpmsg.o
 .text.rpmsg_send_offchannel_raw
                0x08006f58       0x64 ./Middlewares/Third_Party/OpenAMP/rpmsg.o
                0x08006f58                rpmsg_send_offchannel_raw
 .text.rpmsg_send_ns_message
                0x08006fbc       0x50 ./Middlewares/Third_Party/OpenAMP/rpmsg.o
                0x08006fbc                rpmsg_send_ns_message
 .text.rpmsg_get_endpoint
                0x0800700c       0xc0 ./Middlewares/Third_Party/OpenAMP/rpmsg.o
                0x0800700c                rpmsg_get_endpoint
 .text.rpmsg_unregister_endpoint
                0x080070cc       0x44 ./Middlewares/Third_Party/OpenAMP/rpmsg.o
 .text.rpmsg_register_endpoint
                0x08007110       0x28 ./Middlewares/Third_Party/OpenAMP/rpmsg.o
                0x08007110                rpmsg_register_endpoint
 .text.rpmsg_create_ept
                0x08007138       0xfc ./Middlewares/Third_Party/OpenAMP/rpmsg.o
                0x08007138                rpmsg_create_ept
 .text.rpmsg_destroy_ept
                0x08007234       0x48 ./Middlewares/Third_Party/OpenAMP/rpmsg.o
                0x08007234                rpmsg_destroy_ept
 .text.__metal_cache_invalidate
                0x0800727c       0x1a ./Middlewares/Third_Party/OpenAMP/rpmsg_virtio.o
 .text.metal_cache_invalidate
                0x08007296       0x1a ./Middlewares/Third_Party/OpenAMP/rpmsg_virtio.o
 .text.__metal_sleep_usec
                0x080072b0       0x16 ./Middlewares/Third_Party/OpenAMP/rpmsg_virtio.o
 .text.metal_sleep_usec
                0x080072c6       0x18 ./Middlewares/Third_Party/OpenAMP/rpmsg_virtio.o
 .text.metal_list_init
                0x080072de       0x22 ./Middlewares/Third_Party/OpenAMP/rpmsg_virtio.o
 .text.metal_list_is_empty
                0x08007300       0x24 ./Middlewares/Third_Party/OpenAMP/rpmsg_virtio.o
 .text.metal_io_virt_to_offset
                0x08007324       0x32 ./Middlewares/Third_Party/OpenAMP/rpmsg_virtio.o
 .text.__metal_mutex_init
                0x08007356       0x2c ./Middlewares/Third_Party/OpenAMP/rpmsg_virtio.o
 .text.__metal_mutex_deinit
                0x08007382       0x14 ./Middlewares/Third_Party/OpenAMP/rpmsg_virtio.o
 .text.__metal_mutex_acquire
                0x08007396       0x38 ./Middlewares/Third_Party/OpenAMP/rpmsg_virtio.o
 .text.__metal_mutex_release
                0x080073ce       0x22 ./Middlewares/Third_Party/OpenAMP/rpmsg_virtio.o
 .text.metal_mutex_init
                0x080073f0       0x16 ./Middlewares/Third_Party/OpenAMP/rpmsg_virtio.o
 .text.metal_mutex_deinit
                0x08007406       0x16 ./Middlewares/Third_Party/OpenAMP/rpmsg_virtio.o
 .text.metal_mutex_acquire
                0x0800741c       0x16 ./Middlewares/Third_Party/OpenAMP/rpmsg_virtio.o
 .text.metal_mutex_release
                0x08007432       0x16 ./Middlewares/Third_Party/OpenAMP/rpmsg_virtio.o
 .text.rpmsg_init_ept
                0x08007448       0x3a ./Middlewares/Third_Party/OpenAMP/rpmsg_virtio.o
 .text.rpmsg_virtio_get_role
                0x08007482       0x1a ./Middlewares/Third_Party/OpenAMP/rpmsg_virtio.o
 .text.rpmsg_virtio_set_status
                0x0800749c       0x26 ./Middlewares/Third_Party/OpenAMP/rpmsg_virtio.o
 .text.rpmsg_virtio_get_status
                0x080074c2       0x22 ./Middlewares/Third_Party/OpenAMP/rpmsg_virtio.o
 .text.rpmsg_virtio_get_features
                0x080074e4       0x22 ./Middlewares/Third_Party/OpenAMP/rpmsg_virtio.o
 .text.rpmsg_virtio_create_virtqueues
                0x08007506       0x2a ./Middlewares/Third_Party/OpenAMP/rpmsg_virtio.o
 .text.rpmsg_get_ept_from_addr
                0x08007530       0x22 ./Middlewares/Third_Party/OpenAMP/rpmsg_virtio.o
 .text.rpmsg_virtio_shm_pool_get_buffer
                0x08007552       0x44 ./Middlewares/Third_Party/OpenAMP/rpmsg_virtio.o
                0x08007552                rpmsg_virtio_shm_pool_get_buffer
 .text.rpmsg_virtio_init_shm_pool
                0x08007596       0x5a ./Middlewares/Third_Party/OpenAMP/rpmsg_virtio.o
                0x08007596                rpmsg_virtio_init_shm_pool
 .text.rpmsg_virtio_return_buffer
                0x080075f0       0x40 ./Middlewares/Third_Party/OpenAMP/rpmsg_virtio.o
 .text.rpmsg_virtio_enqueue_buffer
                0x08007630       0x46 ./Middlewares/Third_Party/OpenAMP/rpmsg_virtio.o
 .text.rpmsg_virtio_get_tx_buffer
                0x08007676       0x56 ./Middlewares/Third_Party/OpenAMP/rpmsg_virtio.o
 .text.rpmsg_virtio_get_rx_buffer
                0x080076cc       0x4a ./Middlewares/Third_Party/OpenAMP/rpmsg_virtio.o
 .text._rpmsg_virtio_get_buffer_size
                0x08007716       0x2a ./Middlewares/Third_Party/OpenAMP/rpmsg_virtio.o
 .text.rpmsg_virtio_send_offchannel_raw
                0x08007740      0x154 ./Middlewares/Third_Party/OpenAMP/rpmsg_virtio.o
 .text.rpmsg_virtio_tx_callback
                0x08007894       0x14 ./Middlewares/Third_Party/OpenAMP/rpmsg_virtio.o
 .text.rpmsg_virtio_rx_callback
                0x080078a8       0xec ./Middlewares/Third_Party/OpenAMP/rpmsg_virtio.o
 .text.rpmsg_virtio_ns_callback
                0x08007994       0xe4 ./Middlewares/Third_Party/OpenAMP/rpmsg_virtio.o
 .text.rpmsg_init_vdev
                0x08007a78      0x1d4 ./Middlewares/Third_Party/OpenAMP/rpmsg_virtio.o
                0x08007a78                rpmsg_init_vdev
 .text.rpmsg_deinit_vdev
                0x08007c4c       0x4c ./Middlewares/Third_Party/OpenAMP/rpmsg_virtio.o
                0x08007c4c                rpmsg_deinit_vdev
 .text.metal_machine_cache_flush
                0x08007c98       0x16 ./Middlewares/Third_Party/OpenAMP/sys.o
                0x08007c98                metal_machine_cache_flush
 .text.metal_machine_cache_invalidate
                0x08007cae       0x16 ./Middlewares/Third_Party/OpenAMP/sys.o
                0x08007cae                metal_machine_cache_invalidate
 .text.metal_machine_io_mem_map
                0x08007cc4       0x1c ./Middlewares/Third_Party/OpenAMP/sys.o
                0x08007cc4                metal_machine_io_mem_map
 .text.vring_size
                0x08007ce0       0x46 ./Middlewares/Third_Party/OpenAMP/virtio.o
 .text.metal_io_virt_to_offset
                0x08007d26       0x32 ./Middlewares/Third_Party/OpenAMP/virtio.o
 .text.virtio_create_virtqueues
                0x08007d58       0xd2 ./Middlewares/Third_Party/OpenAMP/virtio.o
                0x08007d58                virtio_create_virtqueues
 .text.vring_init
                0x08007e2a       0x52 ./Middlewares/Third_Party/OpenAMP/virtqueue.o
 .text.vring_need_event
                0x08007e7c       0x3c ./Middlewares/Third_Party/OpenAMP/virtqueue.o
 .text.metal_io_virt_to_offset
                0x08007eb8       0x32 ./Middlewares/Third_Party/OpenAMP/virtqueue.o
 .text.metal_io_phys
                0x08007eea       0x5c ./Middlewares/Third_Party/OpenAMP/virtqueue.o
 .text.metal_io_virt_to_phys
                0x08007f46       0x26 ./Middlewares/Third_Party/OpenAMP/virtqueue.o
 .text.virtqueue_virt_to_phys
                0x08007f6c       0x22 ./Middlewares/Third_Party/OpenAMP/virtqueue.o
 .text.virtqueue_create
                0x08007f8e       0x68 ./Middlewares/Third_Party/OpenAMP/virtqueue.o
                0x08007f8e                virtqueue_create
 .text.virtqueue_add_buffer
                0x08007ff6       0x88 ./Middlewares/Third_Party/OpenAMP/virtqueue.o
                0x08007ff6                virtqueue_add_buffer
 .text.virtqueue_get_buffer
                0x0800807e       0xa0 ./Middlewares/Third_Party/OpenAMP/virtqueue.o
                0x0800807e                virtqueue_get_buffer
 .text.virtqueue_disable_cb
                0x0800811e       0x54 ./Middlewares/Third_Party/OpenAMP/virtqueue.o
                0x0800811e                virtqueue_disable_cb
 .text.virtqueue_kick
                0x08008172       0x2c ./Middlewares/Third_Party/OpenAMP/virtqueue.o
                0x08008172                virtqueue_kick
 .text.vq_ring_add_buffer
                0x0800819e       0xae ./Middlewares/Third_Party/OpenAMP/virtqueue.o
 .text.vq_ring_free_chain
                0x0800824c       0x8e ./Middlewares/Third_Party/OpenAMP/virtqueue.o
 .text.vq_ring_init
                0x080082da       0x66 ./Middlewares/Third_Party/OpenAMP/virtqueue.o
 .text.vq_ring_update_avail
                0x08008340       0x5a ./Middlewares/Third_Party/OpenAMP/virtqueue.o
 .text.virtqueue_notification
                0x0800839a       0x24 ./Middlewares/Third_Party/OpenAMP/virtqueue.o
                0x0800839a                virtqueue_notification
 .text.vq_ring_must_notify_host
                0x080083be       0x6c ./Middlewares/Third_Party/OpenAMP/virtqueue.o
 .text.vq_ring_notify_host
                0x0800842a       0x20 ./Middlewares/Third_Party/OpenAMP/virtqueue.o
 *fill*         0x0800844a        0x2 
 .text.HAL_HSEM_FreeCallback
                0x0800844c       0x20 ./OPENAMP/mbox_hsem.o
                0x0800844c                HAL_HSEM_FreeCallback
 .text.MAILBOX_Init
                0x0800846c       0x38 ./OPENAMP/mbox_hsem.o
                0x0800846c                MAILBOX_Init
 .text.MAILBOX_Poll
                0x080084a4       0x34 ./OPENAMP/mbox_hsem.o
                0x080084a4                MAILBOX_Poll
 .text.MAILBOX_Notify
                0x080084d8       0x22 ./OPENAMP/mbox_hsem.o
                0x080084d8                MAILBOX_Notify
 .text.is_rpmsg_ept_ready
                0x080084fa       0x2e ./OPENAMP/openamp.o
 .text.metal_device_io_region
                0x08008528       0x36 ./OPENAMP/openamp.o
 *fill*         0x0800855e        0x2 
 .text.OPENAMP_shmem_init
                0x08008560      0x140 ./OPENAMP/openamp.o
 .text.MX_OPENAMP_Init
                0x080086a0      0x12c ./OPENAMP/openamp.o
                0x080086a0                MX_OPENAMP_Init
 .text.OPENAMP_DeInit
                0x080087cc       0x18 ./OPENAMP/openamp.o
                0x080087cc                OPENAMP_DeInit
 .text.OPENAMP_create_endpoint
                0x080087e4       0x3c ./OPENAMP/openamp.o
                0x080087e4                OPENAMP_create_endpoint
 .text.OPENAMP_check_for_message
                0x08008820       0x18 ./OPENAMP/openamp.o
                0x08008820                OPENAMP_check_for_message
 .text.OPENAMP_Wait_EndPointready
                0x08008838       0x30 ./OPENAMP/openamp.o
                0x08008838                OPENAMP_Wait_EndPointready
 .text.resource_table_init
                0x08008868       0x94 ./OPENAMP/rsc_table.o
                0x08008868                resource_table_init
 .text.__assert_func
                0x080088fc       0x3c C:/Moje/Programy/ST/STM32CubeIDE/STM32CubeIDE/plugins/com.st.stm32cube.ide.mcu.externaltools.gnu-tools-for-stm32.12.3.rel1.win32_1.0.200.202406191623/tools/bin/../lib/gcc/arm-none-eabi/12.3.1/../../../../arm-none-eabi/lib/thumb/v7e-m+dp/hard\libc_nano.a(libc_a-assert.o)
                0x080088fc                __assert_func
 .text.malloc   0x08008938       0x10 C:/Moje/Programy/ST/STM32CubeIDE/STM32CubeIDE/plugins/com.st.stm32cube.ide.mcu.externaltools.gnu-tools-for-stm32.12.3.rel1.win32_1.0.200.202406191623/tools/bin/../lib/gcc/arm-none-eabi/12.3.1/../../../../arm-none-eabi/lib/thumb/v7e-m+dp/hard\libc_nano.a(libc_a-malloc.o)
                0x08008938                malloc
 .text.free     0x08008948       0x10 C:/Moje/Programy/ST/STM32CubeIDE/STM32CubeIDE/plugins/com.st.stm32cube.ide.mcu.externaltools.gnu-tools-for-stm32.12.3.rel1.win32_1.0.200.202406191623/tools/bin/../lib/gcc/arm-none-eabi/12.3.1/../../../../arm-none-eabi/lib/thumb/v7e-m+dp/hard\libc_nano.a(libc_a-malloc.o)
                0x08008948                free
 .text.sbrk_aligned
                0x08008958       0x44 C:/Moje/Programy/ST/STM32CubeIDE/STM32CubeIDE/plugins/com.st.stm32cube.ide.mcu.externaltools.gnu-tools-for-stm32.12.3.rel1.win32_1.0.200.202406191623/tools/bin/../lib/gcc/arm-none-eabi/12.3.1/../../../../arm-none-eabi/lib/thumb/v7e-m+dp/hard\libc_nano.a(libc_a-mallocr.o)
 .text._malloc_r
                0x0800899c      0x100 C:/Moje/Programy/ST/STM32CubeIDE/STM32CubeIDE/plugins/com.st.stm32cube.ide.mcu.externaltools.gnu-tools-for-stm32.12.3.rel1.win32_1.0.200.202406191623/tools/bin/../lib/gcc/arm-none-eabi/12.3.1/../../../../arm-none-eabi/lib/thumb/v7e-m+dp/hard\libc_nano.a(libc_a-mallocr.o)
                0x0800899c                _malloc_r
 .text.__malloc_lock
                0x08008a9c        0xc C:/Moje/Programy/ST/STM32CubeIDE/STM32CubeIDE/plugins/com.st.stm32cube.ide.mcu.externaltools.gnu-tools-for-stm32.12.3.rel1.win32_1.0.200.202406191623/tools/bin/../lib/gcc/arm-none-eabi/12.3.1/../../../../arm-none-eabi/lib/thumb/v7e-m+dp/hard\libc_nano.a(libc_a-mlock.o)
                0x08008a9c                __malloc_lock
 .text.__malloc_unlock
                0x08008aa8        0xc C:/Moje/Programy/ST/STM32CubeIDE/STM32CubeIDE/plugins/com.st.stm32cube.ide.mcu.externaltools.gnu-tools-for-stm32.12.3.rel1.win32_1.0.200.202406191623/tools/bin/../lib/gcc/arm-none-eabi/12.3.1/../../../../arm-none-eabi/lib/thumb/v7e-m+dp/hard\libc_nano.a(libc_a-mlock.o)
                0x08008aa8                __malloc_unlock
 .text.std      0x08008ab4       0x6c C:/Moje/Programy/ST/STM32CubeIDE/STM32CubeIDE/plugins/com.st.stm32cube.ide.mcu.externaltools.gnu-tools-for-stm32.12.3.rel1.win32_1.0.200.202406191623/tools/bin/../lib/gcc/arm-none-eabi/12.3.1/../../../../arm-none-eabi/lib/thumb/v7e-m+dp/hard\libc_nano.a(libc_a-findfp.o)
 .text.stdio_exit_handler
                0x08008b20       0x18 C:/Moje/Programy/ST/STM32CubeIDE/STM32CubeIDE/plugins/com.st.stm32cube.ide.mcu.externaltools.gnu-tools-for-stm32.12.3.rel1.win32_1.0.200.202406191623/tools/bin/../lib/gcc/arm-none-eabi/12.3.1/../../../../arm-none-eabi/lib/thumb/v7e-m+dp/hard\libc_nano.a(libc_a-findfp.o)
 .text.cleanup_stdio
                0x08008b38       0x40 C:/Moje/Programy/ST/STM32CubeIDE/STM32CubeIDE/plugins/com.st.stm32cube.ide.mcu.externaltools.gnu-tools-for-stm32.12.3.rel1.win32_1.0.200.202406191623/tools/bin/../lib/gcc/arm-none-eabi/12.3.1/../../../../arm-none-eabi/lib/thumb/v7e-m+dp/hard\libc_nano.a(libc_a-findfp.o)
 .text.global_stdio_init.part.0
                0x08008b78       0x3c C:/Moje/Programy/ST/STM32CubeIDE/STM32CubeIDE/plugins/com.st.stm32cube.ide.mcu.externaltools.gnu-tools-for-stm32.12.3.rel1.win32_1.0.200.202406191623/tools/bin/../lib/gcc/arm-none-eabi/12.3.1/../../../../arm-none-eabi/lib/thumb/v7e-m+dp/hard\libc_nano.a(libc_a-findfp.o)
 .text.__sfp_lock_acquire
                0x08008bb4        0xc C:/Moje/Programy/ST/STM32CubeIDE/STM32CubeIDE/plugins/com.st.stm32cube.ide.mcu.externaltools.gnu-tools-for-stm32.12.3.rel1.win32_1.0.200.202406191623/tools/bin/../lib/gcc/arm-none-eabi/12.3.1/../../../../arm-none-eabi/lib/thumb/v7e-m+dp/hard\libc_nano.a(libc_a-findfp.o)
                0x08008bb4                __sfp_lock_acquire
 .text.__sfp_lock_release
                0x08008bc0        0xc C:/Moje/Programy/ST/STM32CubeIDE/STM32CubeIDE/plugins/com.st.stm32cube.ide.mcu.externaltools.gnu-tools-for-stm32.12.3.rel1.win32_1.0.200.202406191623/tools/bin/../lib/gcc/arm-none-eabi/12.3.1/../../../../arm-none-eabi/lib/thumb/v7e-m+dp/hard\libc_nano.a(libc_a-findfp.o)
                0x08008bc0                __sfp_lock_release
 .text.__sinit  0x08008bcc       0x30 C:/Moje/Programy/ST/STM32CubeIDE/STM32CubeIDE/plugins/com.st.stm32cube.ide.mcu.externaltools.gnu-tools-for-stm32.12.3.rel1.win32_1.0.200.202406191623/tools/bin/../lib/gcc/arm-none-eabi/12.3.1/../../../../arm-none-eabi/lib/thumb/v7e-m+dp/hard\libc_nano.a(libc_a-findfp.o)
                0x08008bcc                __sinit
 .text.fprintf  0x08008bfc       0x24 C:/Moje/Programy/ST/STM32CubeIDE/STM32CubeIDE/plugins/com.st.stm32cube.ide.mcu.externaltools.gnu-tools-for-stm32.12.3.rel1.win32_1.0.200.202406191623/tools/bin/../lib/gcc/arm-none-eabi/12.3.1/../../../../arm-none-eabi/lib/thumb/v7e-m+dp/hard\libc_nano.a(libc_a-fprintf.o)
                0x08008bfc                fiprintf
                0x08008bfc                fprintf
 .text._fwalk_sglue
                0x08008c20       0x3c C:/Moje/Programy/ST/STM32CubeIDE/STM32CubeIDE/plugins/com.st.stm32cube.ide.mcu.externaltools.gnu-tools-for-stm32.12.3.rel1.win32_1.0.200.202406191623/tools/bin/../lib/gcc/arm-none-eabi/12.3.1/../../../../arm-none-eabi/lib/thumb/v7e-m+dp/hard\libc_nano.a(libc_a-fwalk.o)
                0x08008c20                _fwalk_sglue
 .text.__sread  0x08008c5c       0x22 C:/Moje/Programy/ST/STM32CubeIDE/STM32CubeIDE/plugins/com.st.stm32cube.ide.mcu.externaltools.gnu-tools-for-stm32.12.3.rel1.win32_1.0.200.202406191623/tools/bin/../lib/gcc/arm-none-eabi/12.3.1/../../../../arm-none-eabi/lib/thumb/v7e-m+dp/hard\libc_nano.a(libc_a-stdio.o)
                0x08008c5c                __sread
 .text.__swrite
                0x08008c7e       0x38 C:/Moje/Programy/ST/STM32CubeIDE/STM32CubeIDE/plugins/com.st.stm32cube.ide.mcu.externaltools.gnu-tools-for-stm32.12.3.rel1.win32_1.0.200.202406191623/tools/bin/../lib/gcc/arm-none-eabi/12.3.1/../../../../arm-none-eabi/lib/thumb/v7e-m+dp/hard\libc_nano.a(libc_a-stdio.o)
                0x08008c7e                __swrite
 .text.__sseek  0x08008cb6       0x24 C:/Moje/Programy/ST/STM32CubeIDE/STM32CubeIDE/plugins/com.st.stm32cube.ide.mcu.externaltools.gnu-tools-for-stm32.12.3.rel1.win32_1.0.200.202406191623/tools/bin/../lib/gcc/arm-none-eabi/12.3.1/../../../../arm-none-eabi/lib/thumb/v7e-m+dp/hard\libc_nano.a(libc_a-stdio.o)
                0x08008cb6                __sseek
 .text.__sclose
                0x08008cda        0x8 C:/Moje/Programy/ST/STM32CubeIDE/STM32CubeIDE/plugins/com.st.stm32cube.ide.mcu.externaltools.gnu-tools-for-stm32.12.3.rel1.win32_1.0.200.202406191623/tools/bin/../lib/gcc/arm-none-eabi/12.3.1/../../../../arm-none-eabi/lib/thumb/v7e-m+dp/hard\libc_nano.a(libc_a-stdio.o)
                0x08008cda                __sclose
 .text.memset   0x08008ce2       0x10 C:/Moje/Programy/ST/STM32CubeIDE/STM32CubeIDE/plugins/com.st.stm32cube.ide.mcu.externaltools.gnu-tools-for-stm32.12.3.rel1.win32_1.0.200.202406191623/tools/bin/../lib/gcc/arm-none-eabi/12.3.1/../../../../arm-none-eabi/lib/thumb/v7e-m+dp/hard\libc_nano.a(libc_a-memset.o)
                0x08008ce2                memset
 .text.strncmp  0x08008cf2       0x24 C:/Moje/Programy/ST/STM32CubeIDE/STM32CubeIDE/plugins/com.st.stm32cube.ide.mcu.externaltools.gnu-tools-for-stm32.12.3.rel1.win32_1.0.200.202406191623/tools/bin/../lib/gcc/arm-none-eabi/12.3.1/../../../../arm-none-eabi/lib/thumb/v7e-m+dp/hard\libc_nano.a(libc_a-strncmp.o)
                0x08008cf2                strncmp
 .text.strncpy  0x08008d16       0x26 C:/Moje/Programy/ST/STM32CubeIDE/STM32CubeIDE/plugins/com.st.stm32cube.ide.mcu.externaltools.gnu-tools-for-stm32.12.3.rel1.win32_1.0.200.202406191623/tools/bin/../lib/gcc/arm-none-eabi/12.3.1/../../../../arm-none-eabi/lib/thumb/v7e-m+dp/hard\libc_nano.a(libc_a-strncpy.o)
                0x08008d16                strncpy
 .text._close_r
                0x08008d3c       0x20 C:/Moje/Programy/ST/STM32CubeIDE/STM32CubeIDE/plugins/com.st.stm32cube.ide.mcu.externaltools.gnu-tools-for-stm32.12.3.rel1.win32_1.0.200.202406191623/tools/bin/../lib/gcc/arm-none-eabi/12.3.1/../../../../arm-none-eabi/lib/thumb/v7e-m+dp/hard\libc_nano.a(libc_a-closer.o)
                0x08008d3c                _close_r
 .text._reclaim_reent
                0x08008d5c       0xac C:/Moje/Programy/ST/STM32CubeIDE/STM32CubeIDE/plugins/com.st.stm32cube.ide.mcu.externaltools.gnu-tools-for-stm32.12.3.rel1.win32_1.0.200.202406191623/tools/bin/../lib/gcc/arm-none-eabi/12.3.1/../../../../arm-none-eabi/lib/thumb/v7e-m+dp/hard\libc_nano.a(libc_a-reent.o)
                0x08008d5c                _reclaim_reent
 .text._lseek_r
                0x08008e08       0x24 C:/Moje/Programy/ST/STM32CubeIDE/STM32CubeIDE/plugins/com.st.stm32cube.ide.mcu.externaltools.gnu-tools-for-stm32.12.3.rel1.win32_1.0.200.202406191623/tools/bin/../lib/gcc/arm-none-eabi/12.3.1/../../../../arm-none-eabi/lib/thumb/v7e-m+dp/hard\libc_nano.a(libc_a-lseekr.o)
                0x08008e08                _lseek_r
 .text._read_r  0x08008e2c       0x24 C:/Moje/Programy/ST/STM32CubeIDE/STM32CubeIDE/plugins/com.st.stm32cube.ide.mcu.externaltools.gnu-tools-for-stm32.12.3.rel1.win32_1.0.200.202406191623/tools/bin/../lib/gcc/arm-none-eabi/12.3.1/../../../../arm-none-eabi/lib/thumb/v7e-m+dp/hard\libc_nano.a(libc_a-readr.o)
                0x08008e2c                _read_r
 .text._sbrk_r  0x08008e50       0x20 C:/Moje/Programy/ST/STM32CubeIDE/STM32CubeIDE/plugins/com.st.stm32cube.ide.mcu.externaltools.gnu-tools-for-stm32.12.3.rel1.win32_1.0.200.202406191623/tools/bin/../lib/gcc/arm-none-eabi/12.3.1/../../../../arm-none-eabi/lib/thumb/v7e-m+dp/hard\libc_nano.a(libc_a-sbrkr.o)
                0x08008e50                _sbrk_r
 .text._write_r
                0x08008e70       0x24 C:/Moje/Programy/ST/STM32CubeIDE/STM32CubeIDE/plugins/com.st.stm32cube.ide.mcu.externaltools.gnu-tools-for-stm32.12.3.rel1.win32_1.0.200.202406191623/tools/bin/../lib/gcc/arm-none-eabi/12.3.1/../../../../arm-none-eabi/lib/thumb/v7e-m+dp/hard\libc_nano.a(libc_a-writer.o)
                0x08008e70                _write_r
 .text.__errno  0x08008e94        0xc C:/Moje/Programy/ST/STM32CubeIDE/STM32CubeIDE/plugins/com.st.stm32cube.ide.mcu.externaltools.gnu-tools-for-stm32.12.3.rel1.win32_1.0.200.202406191623/tools/bin/../lib/gcc/arm-none-eabi/12.3.1/../../../../arm-none-eabi/lib/thumb/v7e-m+dp/hard\libc_nano.a(libc_a-errno.o)
                0x08008e94                __errno
 .text.__libc_init_array
                0x08008ea0       0x48 C:/Moje/Programy/ST/STM32CubeIDE/STM32CubeIDE/plugins/com.st.stm32cube.ide.mcu.externaltools.gnu-tools-for-stm32.12.3.rel1.win32_1.0.200.202406191623/tools/bin/../lib/gcc/arm-none-eabi/12.3.1/../../../../arm-none-eabi/lib/thumb/v7e-m+dp/hard\libc_nano.a(libc_a-init.o)
                0x08008ea0                __libc_init_array
 .text.__retarget_lock_init_recursive
                0x08008ee8        0x2 C:/Moje/Programy/ST/STM32CubeIDE/STM32CubeIDE/plugins/com.st.stm32cube.ide.mcu.externaltools.gnu-tools-for-stm32.12.3.rel1.win32_1.0.200.202406191623/tools/bin/../lib/gcc/arm-none-eabi/12.3.1/../../../../arm-none-eabi/lib/thumb/v7e-m+dp/hard\libc_nano.a(libc_a-lock.o)
                0x08008ee8                __retarget_lock_init_recursive
 .text.__retarget_lock_acquire_recursive
                0x08008eea        0x2 C:/Moje/Programy/ST/STM32CubeIDE/STM32CubeIDE/plugins/com.st.stm32cube.ide.mcu.externaltools.gnu-tools-for-stm32.12.3.rel1.win32_1.0.200.202406191623/tools/bin/../lib/gcc/arm-none-eabi/12.3.1/../../../../arm-none-eabi/lib/thumb/v7e-m+dp/hard\libc_nano.a(libc_a-lock.o)
                0x08008eea                __retarget_lock_acquire_recursive
 .text.__retarget_lock_release_recursive
                0x08008eec        0x2 C:/Moje/Programy/ST/STM32CubeIDE/STM32CubeIDE/plugins/com.st.stm32cube.ide.mcu.externaltools.gnu-tools-for-stm32.12.3.rel1.win32_1.0.200.202406191623/tools/bin/../lib/gcc/arm-none-eabi/12.3.1/../../../../arm-none-eabi/lib/thumb/v7e-m+dp/hard\libc_nano.a(libc_a-lock.o)
                0x08008eec                __retarget_lock_release_recursive
 .text.memcpy   0x08008eee       0x1c C:/Moje/Programy/ST/STM32CubeIDE/STM32CubeIDE/plugins/com.st.stm32cube.ide.mcu.externaltools.gnu-tools-for-stm32.12.3.rel1.win32_1.0.200.202406191623/tools/bin/../lib/gcc/arm-none-eabi/12.3.1/../../../../arm-none-eabi/lib/thumb/v7e-m+dp/hard\libc_nano.a(libc_a-memcpy-stub.o)
                0x08008eee                memcpy
 .text.abort    0x08008f0a        0xe C:/Moje/Programy/ST/STM32CubeIDE/STM32CubeIDE/plugins/com.st.stm32cube.ide.mcu.externaltools.gnu-tools-for-stm32.12.3.rel1.win32_1.0.200.202406191623/tools/bin/../lib/gcc/arm-none-eabi/12.3.1/../../../../arm-none-eabi/lib/thumb/v7e-m+dp/hard\libc_nano.a(libc_a-abort.o)
                0x08008f0a                abort
 .text._free_r  0x08008f18       0x94 C:/Moje/Programy/ST/STM32CubeIDE/STM32CubeIDE/plugins/com.st.stm32cube.ide.mcu.externaltools.gnu-tools-for-stm32.12.3.rel1.win32_1.0.200.202406191623/tools/bin/../lib/gcc/arm-none-eabi/12.3.1/../../../../arm-none-eabi/lib/thumb/v7e-m+dp/hard\libc_nano.a(libc_a-freer.o)
                0x08008f18                _free_r
 .text.__sfputc_r
                0x08008fac       0x2e C:/Moje/Programy/ST/STM32CubeIDE/STM32CubeIDE/plugins/com.st.stm32cube.ide.mcu.externaltools.gnu-tools-for-stm32.12.3.rel1.win32_1.0.200.202406191623/tools/bin/../lib/gcc/arm-none-eabi/12.3.1/../../../../arm-none-eabi/lib/thumb/v7e-m+dp/hard\libc_nano.a(libc_a-nano-vfprintf.o)
 .text.__sfputs_r
                0x08008fda       0x24 C:/Moje/Programy/ST/STM32CubeIDE/STM32CubeIDE/plugins/com.st.stm32cube.ide.mcu.externaltools.gnu-tools-for-stm32.12.3.rel1.win32_1.0.200.202406191623/tools/bin/../lib/gcc/arm-none-eabi/12.3.1/../../../../arm-none-eabi/lib/thumb/v7e-m+dp/hard\libc_nano.a(libc_a-nano-vfprintf.o)
                0x08008fda                __sfputs_r
 *fill*         0x08008ffe        0x2 
 .text._vfprintf_r
                0x08009000      0x230 C:/Moje/Programy/ST/STM32CubeIDE/STM32CubeIDE/plugins/com.st.stm32cube.ide.mcu.externaltools.gnu-tools-for-stm32.12.3.rel1.win32_1.0.200.202406191623/tools/bin/../lib/gcc/arm-none-eabi/12.3.1/../../../../arm-none-eabi/lib/thumb/v7e-m+dp/hard\libc_nano.a(libc_a-nano-vfprintf.o)
                0x08009000                _vfprintf_r
                0x08009000                _vfiprintf_r
 .text._printf_common
                0x08009230       0xda C:/Moje/Programy/ST/STM32CubeIDE/STM32CubeIDE/plugins/com.st.stm32cube.ide.mcu.externaltools.gnu-tools-for-stm32.12.3.rel1.win32_1.0.200.202406191623/tools/bin/../lib/gcc/arm-none-eabi/12.3.1/../../../../arm-none-eabi/lib/thumb/v7e-m+dp/hard\libc_nano.a(libc_a-nano-vfprintf_i.o)
                0x08009230                _printf_common
 *fill*         0x0800930a        0x2 
 .text._printf_i
                0x0800930c      0x240 C:/Moje/Programy/ST/STM32CubeIDE/STM32CubeIDE/plugins/com.st.stm32cube.ide.mcu.externaltools.gnu-tools-for-stm32.12.3.rel1.win32_1.0.200.202406191623/tools/bin/../lib/gcc/arm-none-eabi/12.3.1/../../../../arm-none-eabi/lib/thumb/v7e-m+dp/hard\libc_nano.a(libc_a-nano-vfprintf_i.o)
                0x0800930c                _printf_i
 .text.__sflush_r
                0x0800954c      0x108 C:/Moje/Programy/ST/STM32CubeIDE/STM32CubeIDE/plugins/com.st.stm32cube.ide.mcu.externaltools.gnu-tools-for-stm32.12.3.rel1.win32_1.0.200.202406191623/tools/bin/../lib/gcc/arm-none-eabi/12.3.1/../../../../arm-none-eabi/lib/thumb/v7e-m+dp/hard\libc_nano.a(libc_a-fflush.o)
                0x0800954c                __sflush_r
 .text._fflush_r
                0x08009654       0x50 C:/Moje/Programy/ST/STM32CubeIDE/STM32CubeIDE/plugins/com.st.stm32cube.ide.mcu.externaltools.gnu-tools-for-stm32.12.3.rel1.win32_1.0.200.202406191623/tools/bin/../lib/gcc/arm-none-eabi/12.3.1/../../../../arm-none-eabi/lib/thumb/v7e-m+dp/hard\libc_nano.a(libc_a-fflush.o)
                0x08009654                _fflush_r
 .text.__swbuf_r
                0x080096a4       0x7c C:/Moje/Programy/ST/STM32CubeIDE/STM32CubeIDE/plugins/com.st.stm32cube.ide.mcu.externaltools.gnu-tools-for-stm32.12.3.rel1.win32_1.0.200.202406191623/tools/bin/../lib/gcc/arm-none-eabi/12.3.1/../../../../arm-none-eabi/lib/thumb/v7e-m+dp/hard\libc_nano.a(libc_a-wbuf.o)
                0x080096a4                __swbuf_r
 .text.__swsetup_r
                0x08009720       0xac C:/Moje/Programy/ST/STM32CubeIDE/STM32CubeIDE/plugins/com.st.stm32cube.ide.mcu.externaltools.gnu-tools-for-stm32.12.3.rel1.win32_1.0.200.202406191623/tools/bin/../lib/gcc/arm-none-eabi/12.3.1/../../../../arm-none-eabi/lib/thumb/v7e-m+dp/hard\libc_nano.a(libc_a-wsetup.o)
                0x08009720                __swsetup_r
 .text._raise_r
                0x080097cc       0x50 C:/Moje/Programy/ST/STM32CubeIDE/STM32CubeIDE/plugins/com.st.stm32cube.ide.mcu.externaltools.gnu-tools-for-stm32.12.3.rel1.win32_1.0.200.202406191623/tools/bin/../lib/gcc/arm-none-eabi/12.3.1/../../../../arm-none-eabi/lib/thumb/v7e-m+dp/hard\libc_nano.a(libc_a-signal.o)
                0x080097cc                _raise_r
 .text.raise    0x0800981c       0x10 C:/Moje/Programy/ST/STM32CubeIDE/STM32CubeIDE/plugins/com.st.stm32cube.ide.mcu.externaltools.gnu-tools-for-stm32.12.3.rel1.win32_1.0.200.202406191623/tools/bin/../lib/gcc/arm-none-eabi/12.3.1/../../../../arm-none-eabi/lib/thumb/v7e-m+dp/hard\libc_nano.a(libc_a-signal.o)
                0x0800981c                raise
 .text._kill_r  0x0800982c       0x24 C:/Moje/Programy/ST/STM32CubeIDE/STM32CubeIDE/plugins/com.st.stm32cube.ide.mcu.externaltools.gnu-tools-for-stm32.12.3.rel1.win32_1.0.200.202406191623/tools/bin/../lib/gcc/arm-none-eabi/12.3.1/../../../../arm-none-eabi/lib/thumb/v7e-m+dp/hard\libc_nano.a(libc_a-signalr.o)
                0x0800982c                _kill_r
 .text._getpid_r
                0x08009850        0x4 C:/Moje/Programy/ST/STM32CubeIDE/STM32CubeIDE/plugins/com.st.stm32cube.ide.mcu.externaltools.gnu-tools-for-stm32.12.3.rel1.win32_1.0.200.202406191623/tools/bin/../lib/gcc/arm-none-eabi/12.3.1/../../../../arm-none-eabi/lib/thumb/v7e-m+dp/hard\libc_nano.a(libc_a-signalr.o)
                0x08009850                _getpid_r
 .text.__swhatbuf_r
                0x08009854       0x4c C:/Moje/Programy/ST/STM32CubeIDE/STM32CubeIDE/plugins/com.st.stm32cube.ide.mcu.externaltools.gnu-tools-for-stm32.12.3.rel1.win32_1.0.200.202406191623/tools/bin/../lib/gcc/arm-none-eabi/12.3.1/../../../../arm-none-eabi/lib/thumb/v7e-m+dp/hard\libc_nano.a(libc_a-makebuf.o)
                0x08009854                __swhatbuf_r
 .text.__smakebuf_r
                0x080098a0       0x78 C:/Moje/Programy/ST/STM32CubeIDE/STM32CubeIDE/plugins/com.st.stm32cube.ide.mcu.externaltools.gnu-tools-for-stm32.12.3.rel1.win32_1.0.200.202406191623/tools/bin/../lib/gcc/arm-none-eabi/12.3.1/../../../../arm-none-eabi/lib/thumb/v7e-m+dp/hard\libc_nano.a(libc_a-makebuf.o)
                0x080098a0                __smakebuf_r
 .text._fstat_r
                0x08009918       0x24 C:/Moje/Programy/ST/STM32CubeIDE/STM32CubeIDE/plugins/com.st.stm32cube.ide.mcu.externaltools.gnu-tools-for-stm32.12.3.rel1.win32_1.0.200.202406191623/tools/bin/../lib/gcc/arm-none-eabi/12.3.1/../../../../arm-none-eabi/lib/thumb/v7e-m+dp/hard\libc_nano.a(libc_a-fstatr.o)
                0x08009918                _fstat_r
 .text._isatty_r
                0x0800993c       0x20 C:/Moje/Programy/ST/STM32CubeIDE/STM32CubeIDE/plugins/com.st.stm32cube.ide.mcu.externaltools.gnu-tools-for-stm32.12.3.rel1.win32_1.0.200.202406191623/tools/bin/../lib/gcc/arm-none-eabi/12.3.1/../../../../arm-none-eabi/lib/thumb/v7e-m+dp/hard\libc_nano.a(libc_a-isattyr.o)
                0x0800993c                _isatty_r
 *(.glue_7)
 .glue_7        0x0800995c        0x0 linker stubs
 *(.glue_7t)
 .glue_7t       0x0800995c        0x0 linker stubs
 *(.eh_frame)
 .eh_frame      0x0800995c        0x0 C:/Moje/Programy/ST/STM32CubeIDE/STM32CubeIDE/plugins/com.st.stm32cube.ide.mcu.externaltools.gnu-tools-for-stm32.12.3.rel1.win32_1.0.200.202406191623/tools/bin/../lib/gcc/arm-none-eabi/12.3.1/thumb/v7e-m+dp/hard/crtbegin.o
 *(.init)
 .init          0x0800995c        0x4 C:/Moje/Programy/ST/STM32CubeIDE/STM32CubeIDE/plugins/com.st.stm32cube.ide.mcu.externaltools.gnu-tools-for-stm32.12.3.rel1.win32_1.0.200.202406191623/tools/bin/../lib/gcc/arm-none-eabi/12.3.1/thumb/v7e-m+dp/hard/crti.o
                0x0800995c                _init
 .init          0x08009960        0x8 C:/Moje/Programy/ST/STM32CubeIDE/STM32CubeIDE/plugins/com.st.stm32cube.ide.mcu.externaltools.gnu-tools-for-stm32.12.3.rel1.win32_1.0.200.202406191623/tools/bin/../lib/gcc/arm-none-eabi/12.3.1/thumb/v7e-m+dp/hard/crtn.o
 *(.fini)
 .fini          0x08009968        0x4 C:/Moje/Programy/ST/STM32CubeIDE/STM32CubeIDE/plugins/com.st.stm32cube.ide.mcu.externaltools.gnu-tools-for-stm32.12.3.rel1.win32_1.0.200.202406191623/tools/bin/../lib/gcc/arm-none-eabi/12.3.1/thumb/v7e-m+dp/hard/crti.o
                0x08009968                _fini
 .fini          0x0800996c        0x8 C:/Moje/Programy/ST/STM32CubeIDE/STM32CubeIDE/plugins/com.st.stm32cube.ide.mcu.externaltools.gnu-tools-for-stm32.12.3.rel1.win32_1.0.200.202406191623/tools/bin/../lib/gcc/arm-none-eabi/12.3.1/thumb/v7e-m+dp/hard/crtn.o
                0x08009974                        . = ALIGN (0x4)
                0x08009974                        _etext = .

.vfp11_veneer   0x08009974        0x0
 .vfp11_veneer  0x08009974        0x0 linker stubs

.v4_bx          0x08009974        0x0
 .v4_bx         0x08009974        0x0 linker stubs

.iplt           0x08009974        0x0
 .iplt          0x08009974        0x0 C:/Moje/Programy/ST/STM32CubeIDE/STM32CubeIDE/plugins/com.st.stm32cube.ide.mcu.externaltools.gnu-tools-for-stm32.12.3.rel1.win32_1.0.200.202406191623/tools/bin/../lib/gcc/arm-none-eabi/12.3.1/thumb/v7e-m+dp/hard/crtbegin.o

.rodata         0x08009974      0x364
                0x08009974                        . = ALIGN (0x4)
 *(.rodata)
 .rodata        0x08009974       0x1d ./Core/Src/freertos.o
 *fill*         0x08009991        0x3 
 .rodata        0x08009994        0x5 ./Middlewares/Third_Party/FreeRTOS/tasks.o
 *fill*         0x08009999        0x3 
 .rodata        0x0800999c        0xd ./Middlewares/Third_Party/FreeRTOS/timers.o
 *fill*         0x080099a9        0x3 
 .rodata        0x080099ac       0xcc ./Middlewares/Third_Party/OpenAMP/device.o
 .rodata        0x08009a78       0xfd ./Middlewares/Third_Party/OpenAMP/remoteproc_virtio.o
 *fill*         0x08009b75        0x3 
 .rodata        0x08009b78       0x13 ./Middlewares/Third_Party/OpenAMP/rpmsg_virtio.o
 *fill*         0x08009b8b        0x1 
 .rodata        0x08009b8c       0x1d ./OPENAMP/openamp.o
 *(.rodata*)
 *fill*         0x08009ba9        0x3 
 .rodata.D1CorePrescTable
                0x08009bac       0x10 ./Common/Src/system_stm32h7xx_dualcore_boot_cm4_cm7.o
                0x08009bac                D1CorePrescTable
 .rodata.RX_Task_attributes
                0x08009bbc       0x24 ./Core/Src/freertos.o
                0x08009bbc                RX_Task_attributes
 .rodata.TX_Task_attributes
                0x08009be0       0x24 ./Core/Src/freertos.o
                0x08009be0                TX_Task_attributes
 .rodata.remoteproc_virtio_dispatch_funcs
                0x08009c04       0x24 ./Middlewares/Third_Party/OpenAMP/remoteproc_virtio.o
                0x08009c04                remoteproc_virtio_dispatch_funcs
 .rodata.__func__.2
                0x08009c28       0x1e ./Middlewares/Third_Party/OpenAMP/remoteproc_virtio.o
 *fill*         0x08009c46        0x2 
 .rodata.__func__.1
                0x08009c48        0xe ./Middlewares/Third_Party/OpenAMP/remoteproc_virtio.o
 *fill*         0x08009c56        0x2 
 .rodata.__func__.0
                0x08009c58        0xf ./Middlewares/Third_Party/OpenAMP/remoteproc_virtio.o
 .rodata.__assert_func.str1.1
                0x08009c67       0x3c C:/Moje/Programy/ST/STM32CubeIDE/STM32CubeIDE/plugins/com.st.stm32cube.ide.mcu.externaltools.gnu-tools-for-stm32.12.3.rel1.win32_1.0.200.202406191623/tools/bin/../lib/gcc/arm-none-eabi/12.3.1/../../../../arm-none-eabi/lib/thumb/v7e-m+dp/hard\libc_nano.a(libc_a-assert.o)
                                 0x3d (size before relaxing)
 .rodata._vfprintf_r.str1.1
                0x08009ca3       0x11 C:/Moje/Programy/ST/STM32CubeIDE/STM32CubeIDE/plugins/com.st.stm32cube.ide.mcu.externaltools.gnu-tools-for-stm32.12.3.rel1.win32_1.0.200.202406191623/tools/bin/../lib/gcc/arm-none-eabi/12.3.1/../../../../arm-none-eabi/lib/thumb/v7e-m+dp/hard\libc_nano.a(libc_a-nano-vfprintf.o)
 .rodata._printf_i.str1.1
                0x08009cb4       0x22 C:/Moje/Programy/ST/STM32CubeIDE/STM32CubeIDE/plugins/com.st.stm32cube.ide.mcu.externaltools.gnu-tools-for-stm32.12.3.rel1.win32_1.0.200.202406191623/tools/bin/../lib/gcc/arm-none-eabi/12.3.1/../../../../arm-none-eabi/lib/thumb/v7e-m+dp/hard\libc_nano.a(libc_a-nano-vfprintf_i.o)
                0x08009cd8                        . = ALIGN (0x4)
 *fill*         0x08009cd6        0x2 

.ARM.extab      0x08009cd8        0x0
                0x08009cd8                        . = ALIGN (0x4)
 *(.ARM.extab* .gnu.linkonce.armextab.*)
                0x08009cd8                        . = ALIGN (0x4)

.ARM            0x08009cd8        0x8
                0x08009cd8                        . = ALIGN (0x4)
                0x08009cd8                        __exidx_start = .
 *(.ARM.exidx*)
 .ARM.exidx     0x08009cd8        0x8 C:/Moje/Programy/ST/STM32CubeIDE/STM32CubeIDE/plugins/com.st.stm32cube.ide.mcu.externaltools.gnu-tools-for-stm32.12.3.rel1.win32_1.0.200.202406191623/tools/bin/../lib/gcc/arm-none-eabi/12.3.1/../../../../arm-none-eabi/lib/thumb/v7e-m+dp/hard\libc_nano.a(libc_a-strcmp.o)
 .ARM.exidx     0x08009ce0        0x0 C:/Moje/Programy/ST/STM32CubeIDE/STM32CubeIDE/plugins/com.st.stm32cube.ide.mcu.externaltools.gnu-tools-for-stm32.12.3.rel1.win32_1.0.200.202406191623/tools/bin/../lib/gcc/arm-none-eabi/12.3.1/../../../../arm-none-eabi/lib/thumb/v7e-m+dp/hard\libc_nano.a(libc_a-strlen.o)
                                  0x8 (size before relaxing)
 .ARM.exidx     0x08009ce0        0x0 C:/Moje/Programy/ST/STM32CubeIDE/STM32CubeIDE/plugins/com.st.stm32cube.ide.mcu.externaltools.gnu-tools-for-stm32.12.3.rel1.win32_1.0.200.202406191623/tools/bin/../lib/gcc/arm-none-eabi/12.3.1/../../../../arm-none-eabi/lib/thumb/v7e-m+dp/hard\libc_nano.a(libc_a-memchr.o)
                                  0x8 (size before relaxing)
                0x08009ce0                        __exidx_end = .
                0x08009ce0                        . = ALIGN (0x4)

.preinit_array  0x08009ce0        0x0
                0x08009ce0                        . = ALIGN (0x4)
                0x08009ce0                        PROVIDE (__preinit_array_start = .)
 *(.preinit_array*)
                0x08009ce0                        PROVIDE (__preinit_array_end = .)
                0x08009ce0                        . = ALIGN (0x4)

.init_array     0x08009ce0        0x4
                0x08009ce0                        . = ALIGN (0x4)
                0x08009ce0                        PROVIDE (__init_array_start = .)
 *(SORT_BY_NAME(.init_array.*))
 *(.init_array*)
 .init_array    0x08009ce0        0x4 C:/Moje/Programy/ST/STM32CubeIDE/STM32CubeIDE/plugins/com.st.stm32cube.ide.mcu.externaltools.gnu-tools-for-stm32.12.3.rel1.win32_1.0.200.202406191623/tools/bin/../lib/gcc/arm-none-eabi/12.3.1/thumb/v7e-m+dp/hard/crtbegin.o
                0x08009ce4                        PROVIDE (__init_array_end = .)
                0x08009ce4                        . = ALIGN (0x4)

.fini_array     0x08009ce4        0x4
                0x08009ce4                        . = ALIGN (0x4)
                [!provide]                        PROVIDE (__fini_array_start = .)
 *(SORT_BY_NAME(.fini_array.*))
 *(.fini_array*)
 .fini_array    0x08009ce4        0x4 C:/Moje/Programy/ST/STM32CubeIDE/STM32CubeIDE/plugins/com.st.stm32cube.ide.mcu.externaltools.gnu-tools-for-stm32.12.3.rel1.win32_1.0.200.202406191623/tools/bin/../lib/gcc/arm-none-eabi/12.3.1/thumb/v7e-m+dp/hard/crtbegin.o
                [!provide]                        PROVIDE (__fini_array_end = .)
                0x08009ce8                        . = ALIGN (0x4)
                0x08009ce8                        _sidata = LOADADDR (.data)

.rel.dyn        0x08009ce8        0x0
 .rel.iplt      0x08009ce8        0x0 C:/Moje/Programy/ST/STM32CubeIDE/STM32CubeIDE/plugins/com.st.stm32cube.ide.mcu.externaltools.gnu-tools-for-stm32.12.3.rel1.win32_1.0.200.202406191623/tools/bin/../lib/gcc/arm-none-eabi/12.3.1/thumb/v7e-m+dp/hard/crtbegin.o

.data           0x24000000      0x12c load address 0x08009ce8
                0x24000000                        . = ALIGN (0x4)
                0x24000000                        _sdata = .
 *(.data)
 *(.data*)
 .data.SystemCoreClock
                0x24000000        0x4 ./Common/Src/system_stm32h7xx_dualcore_boot_cm4_cm7.o
                0x24000000                SystemCoreClock
 .data.SystemD2Clock
                0x24000004        0x4 ./Common/Src/system_stm32h7xx_dualcore_boot_cm4_cm7.o
                0x24000004                SystemD2Clock
 .data.msg      0x24000008       0x14 ./Core/Src/freertos.o
                0x24000008                msg
 .data.uwTickPrio
                0x2400001c        0x4 ./Drivers/STM32H7xx_HAL_Driver/stm32h7xx_hal.o
                0x2400001c                uwTickPrio
 .data.uwTickFreq
                0x24000020        0x1 ./Drivers/STM32H7xx_HAL_Driver/stm32h7xx_hal.o
                0x24000020                uwTickFreq
 *fill*         0x24000021        0x3 
 .data.uxCriticalNesting
                0x24000024        0x4 ./Middlewares/Third_Party/FreeRTOS/port.o
 .data.metal_generic_bus
                0x24000028       0x2c ./Middlewares/Third_Party/OpenAMP/device.o
                0x24000028                metal_generic_bus
 .data.shm_device
                0x24000054       0x7c ./OPENAMP/openamp.o
                0x24000054                shm_device
 .data.__sglue  0x240000d0        0xc C:/Moje/Programy/ST/STM32CubeIDE/STM32CubeIDE/plugins/com.st.stm32cube.ide.mcu.externaltools.gnu-tools-for-stm32.12.3.rel1.win32_1.0.200.202406191623/tools/bin/../lib/gcc/arm-none-eabi/12.3.1/../../../../arm-none-eabi/lib/thumb/v7e-m+dp/hard\libc_nano.a(libc_a-findfp.o)
                0x240000d0                __sglue
 .data._impure_ptr
                0x240000dc        0x4 C:/Moje/Programy/ST/STM32CubeIDE/STM32CubeIDE/plugins/com.st.stm32cube.ide.mcu.externaltools.gnu-tools-for-stm32.12.3.rel1.win32_1.0.200.202406191623/tools/bin/../lib/gcc/arm-none-eabi/12.3.1/../../../../arm-none-eabi/lib/thumb/v7e-m+dp/hard\libc_nano.a(libc_a-impure.o)
                0x240000dc                _impure_ptr
 .data._impure_data
                0x240000e0       0x4c C:/Moje/Programy/ST/STM32CubeIDE/STM32CubeIDE/plugins/com.st.stm32cube.ide.mcu.externaltools.gnu-tools-for-stm32.12.3.rel1.win32_1.0.200.202406191623/tools/bin/../lib/gcc/arm-none-eabi/12.3.1/../../../../arm-none-eabi/lib/thumb/v7e-m+dp/hard\libc_nano.a(libc_a-impure.o)
                0x240000e0                _impure_data
 *(.RamFunc)
 *(.RamFunc*)
                0x2400012c                        . = ALIGN (0x4)
                0x2400012c                        _edata = .

.igot.plt       0x2400012c        0x0 load address 0x08009e14
 .igot.plt      0x2400012c        0x0 C:/Moje/Programy/ST/STM32CubeIDE/STM32CubeIDE/plugins/com.st.stm32cube.ide.mcu.externaltools.gnu-tools-for-stm32.12.3.rel1.win32_1.0.200.202406191623/tools/bin/../lib/gcc/arm-none-eabi/12.3.1/thumb/v7e-m+dp/hard/crtbegin.o
                0x2400012c                        . = ALIGN (0x4)

.bss            0x2400012c     0x4cb0 load address 0x08009e14
                0x2400012c                        _sbss = .
                0x2400012c                        __bss_start__ = _sbss
 *(.bss)