../../Middlewares/Third_Party/OpenAMP/open-amp/lib/include/openamp/rpmsg.h:147:19:rpmsg_send	32	static
../../Middlewares/Third_Party/OpenAMP/open-amp/lib/include/openamp/rpmsg.h:286:20:rpmsg_init_ept	24	static
../Core/Src/freertos.c:97:6:MX_FREERTOS_Init	8	static
../Core/Src/freertos.c:142:6:Start_RX_Task	32	static
../Core/Src/freertos.c:188:6:Start_TX_Task	16	static
../Core/Src/freertos.c:213:12:rpmsg_recv_callback	24	static
../Core/Src/freertos.c:220:6:service_destroy_cb	16	static
../Core/Src/freertos.c:224:6:new_service_cb	32	static
