Archive member included to satisfy reference by file (symbol)

C:/Moje/Programy/ST/STM32CubeIDE/STM32CubeIDE/plugins/com.st.stm32cube.ide.mcu.externaltools.gnu-tools-for-stm32.12.3.rel1.win32_1.0.200.202406191623/tools/bin/../lib/gcc/arm-none-eabi/12.3.1/../../../../arm-none-eabi/lib/thumb/v7e-m+fp/hard\libc_nano.a(libc_a-assert.o)
                              ./Middlewares/Third_Party/OpenAMP/device.o (__assert_func)
C:/Moje/Programy/ST/STM32CubeIDE/STM32CubeIDE/plugins/com.st.stm32cube.ide.mcu.externaltools.gnu-tools-for-stm32.12.3.rel1.win32_1.0.200.202406191623/tools/bin/../lib/gcc/arm-none-eabi/12.3.1/../../../../arm-none-eabi/lib/thumb/v7e-m+fp/hard\libc_nano.a(libc_a-exit.o)
                              C:/Moje/Programy/ST/STM32CubeIDE/STM32CubeIDE/plugins/com.st.stm32cube.ide.mcu.externaltools.gnu-tools-for-stm32.12.3.rel1.win32_1.0.200.202406191623/tools/bin/../lib/gcc/arm-none-eabi/12.3.1/../../../../arm-none-eabi/lib/thumb/v7e-m+fp/hard/crt0.o (exit)
C:/Moje/Programy/ST/STM32CubeIDE/STM32CubeIDE/plugins/com.st.stm32cube.ide.mcu.externaltools.gnu-tools-for-stm32.12.3.rel1.win32_1.0.200.202406191623/tools/bin/../lib/gcc/arm-none-eabi/12.3.1/../../../../arm-none-eabi/lib/thumb/v7e-m+fp/hard\libc_nano.a(libc_a-malloc.o)
                              ./Middlewares/Third_Party/OpenAMP/remoteproc_virtio.o (malloc)
C:/Moje/Programy/ST/STM32CubeIDE/STM32CubeIDE/plugins/com.st.stm32cube.ide.mcu.externaltools.gnu-tools-for-stm32.12.3.rel1.win32_1.0.200.202406191623/tools/bin/../lib/gcc/arm-none-eabi/12.3.1/../../../../arm-none-eabi/lib/thumb/v7e-m+fp/hard\libc_nano.a(libc_a-mallocr.o)
                              C:/Moje/Programy/ST/STM32CubeIDE/STM32CubeIDE/plugins/com.st.stm32cube.ide.mcu.externaltools.gnu-tools-for-stm32.12.3.rel1.win32_1.0.200.202406191623/tools/bin/../lib/gcc/arm-none-eabi/12.3.1/../../../../arm-none-eabi/lib/thumb/v7e-m+fp/hard\libc_nano.a(libc_a-malloc.o) (_malloc_r)
C:/Moje/Programy/ST/STM32CubeIDE/STM32CubeIDE/plugins/com.st.stm32cube.ide.mcu.externaltools.gnu-tools-for-stm32.12.3.rel1.win32_1.0.200.202406191623/tools/bin/../lib/gcc/arm-none-eabi/12.3.1/../../../../arm-none-eabi/lib/thumb/v7e-m+fp/hard\libc_nano.a(libc_a-mlock.o)
                              C:/Moje/Programy/ST/STM32CubeIDE/STM32CubeIDE/plugins/com.st.stm32cube.ide.mcu.externaltools.gnu-tools-for-stm32.12.3.rel1.win32_1.0.200.202406191623/tools/bin/../lib/gcc/arm-none-eabi/12.3.1/../../../../arm-none-eabi/lib/thumb/v7e-m+fp/hard\libc_nano.a(libc_a-mallocr.o) (__malloc_lock)
C:/Moje/Programy/ST/STM32CubeIDE/STM32CubeIDE/plugins/com.st.stm32cube.ide.mcu.externaltools.gnu-tools-for-stm32.12.3.rel1.win32_1.0.200.202406191623/tools/bin/../lib/gcc/arm-none-eabi/12.3.1/../../../../arm-none-eabi/lib/thumb/v7e-m+fp/hard\libc_nano.a(libc_a-findfp.o)
                              C:/Moje/Programy/ST/STM32CubeIDE/STM32CubeIDE/plugins/com.st.stm32cube.ide.mcu.externaltools.gnu-tools-for-stm32.12.3.rel1.win32_1.0.200.202406191623/tools/bin/../lib/gcc/arm-none-eabi/12.3.1/../../../../arm-none-eabi/lib/thumb/v7e-m+fp/hard\libc_nano.a(libc_a-exit.o) (__stdio_exit_handler)
C:/Moje/Programy/ST/STM32CubeIDE/STM32CubeIDE/plugins/com.st.stm32cube.ide.mcu.externaltools.gnu-tools-for-stm32.12.3.rel1.win32_1.0.200.202406191623/tools/bin/../lib/gcc/arm-none-eabi/12.3.1/../../../../arm-none-eabi/lib/thumb/v7e-m+fp/hard\libc_nano.a(libc_a-fprintf.o)
                              C:/Moje/Programy/ST/STM32CubeIDE/STM32CubeIDE/plugins/com.st.stm32cube.ide.mcu.externaltools.gnu-tools-for-stm32.12.3.rel1.win32_1.0.200.202406191623/tools/bin/../lib/gcc/arm-none-eabi/12.3.1/../../../../arm-none-eabi/lib/thumb/v7e-m+fp/hard\libc_nano.a(libc_a-assert.o) (fiprintf)
C:/Moje/Programy/ST/STM32CubeIDE/STM32CubeIDE/plugins/com.st.stm32cube.ide.mcu.externaltools.gnu-tools-for-stm32.12.3.rel1.win32_1.0.200.202406191623/tools/bin/../lib/gcc/arm-none-eabi/12.3.1/../../../../arm-none-eabi/lib/thumb/v7e-m+fp/hard\libc_nano.a(libc_a-fwalk.o)
                              C:/Moje/Programy/ST/STM32CubeIDE/STM32CubeIDE/plugins/com.st.stm32cube.ide.mcu.externaltools.gnu-tools-for-stm32.12.3.rel1.win32_1.0.200.202406191623/tools/bin/../lib/gcc/arm-none-eabi/12.3.1/../../../../arm-none-eabi/lib/thumb/v7e-m+fp/hard\libc_nano.a(libc_a-findfp.o) (_fwalk_sglue)
C:/Moje/Programy/ST/STM32CubeIDE/STM32CubeIDE/plugins/com.st.stm32cube.ide.mcu.externaltools.gnu-tools-for-stm32.12.3.rel1.win32_1.0.200.202406191623/tools/bin/../lib/gcc/arm-none-eabi/12.3.1/../../../../arm-none-eabi/lib/thumb/v7e-m+fp/hard\libc_nano.a(libc_a-sprintf.o)
                              ./Core/Src/main.o (sprintf)
C:/Moje/Programy/ST/STM32CubeIDE/STM32CubeIDE/plugins/com.st.stm32cube.ide.mcu.externaltools.gnu-tools-for-stm32.12.3.rel1.win32_1.0.200.202406191623/tools/bin/../lib/gcc/arm-none-eabi/12.3.1/../../../../arm-none-eabi/lib/thumb/v7e-m+fp/hard\libc_nano.a(libc_a-stdio.o)
[...]
Memory Configuration

Name             Origin             Length             Attributes
FLASH            0x08100000         0x00100000         xr
RAM              0x10000000         0x00048000         xrw
OPENAMP_RSC_TAB  0x38000000         0x00000400         xrw
OPEN_AMP_SHMEM   0x38000400         0x0000fc00         xrw
*default*        0x00000000         0xffffffff

Linker script and memory map

LOAD C:/Moje/Programy/ST/STM32CubeIDE/STM32CubeIDE/plugins/com.st.stm32cube.ide.mcu.externaltools.gnu-tools-for-stm32.12.3.rel1.win32_1.0.200.202406191623/tools/bin/../lib/gcc/arm-none-eabi/12.3.1/thumb/v7e-m+fp/hard/crti.o
LOAD C:/Moje/Programy/ST/STM32CubeIDE/STM32CubeIDE/plugins/com.st.stm32cube.ide.mcu.externaltools.gnu-tools-for-stm32.12.3.rel1.win32_1.0.200.202406191623/tools/bin/../lib/gcc/arm-none-eabi/12.3.1/thumb/v7e-m+fp/hard/crtbegin.o
LOAD C:/Moje/Programy/ST/STM32CubeIDE/STM32CubeIDE/plugins/com.st.stm32cube.ide.mcu.externaltools.gnu-tools-for-stm32.12.3.rel1.win32_1.0.200.202406191623/tools/bin/../lib/gcc/arm-none-eabi/12.3.1/../../../../arm-none-eabi/lib/thumb/v7e-m+fp/hard/crt0.o
LOAD ./Common/Src/system_stm32h7xx_dualcore_boot_cm4_cm7.o
LOAD ./Core/Src/gpio.o
LOAD ./Core/Src/main.o
LOAD ./Core/Src/stm32h7xx_hal_msp.o
LOAD ./Core/Src/stm32h7xx_it.o
LOAD ./Core/Src/syscalls.o
LOAD ./Core/Src/sysmem.o
LOAD ./Core/Src/usart.o
LOAD ./Core/Startup/startup_stm32h755zitx.o
LOAD ./Drivers/STM32H7xx_HAL_Driver/stm32h7xx_hal.o
LOAD ./Drivers/STM32H7xx_HAL_Driver/stm32h7xx_hal_cortex.o
LOAD ./Drivers/STM32H7xx_HAL_Driver/stm32h7xx_hal_dma.o
LOAD ./Drivers/STM32H7xx_HAL_Driver/stm32h7xx_hal_dma_ex.o
LOAD ./Drivers/STM32H7xx_HAL_Driver/stm32h7xx_hal_exti.o
LOAD ./Drivers/STM32H7xx_HAL_Driver/stm32h7xx_hal_flash.o
LOAD ./Drivers/STM32H7xx_HAL_Driver/stm32h7xx_hal_flash_ex.o
LOAD ./Drivers/STM32H7xx_HAL_Driver/stm32h7xx_hal_gpio.o
LOAD ./Drivers/STM32H7xx_HAL_Driver/stm32h7xx_hal_hsem.o
LOAD ./Drivers/STM32H7xx_HAL_Driver/stm32h7xx_hal_i2c.o
LOAD ./Drivers/STM32H7xx_HAL_Driver/stm32h7xx_hal_i2c_ex.o
LOAD ./Drivers/STM32H7xx_HAL_Driver/stm32h7xx_hal_mdma.o
LOAD ./Drivers/STM32H7xx_HAL_Driver/stm32h7xx_hal_pwr.o
LOAD ./Drivers/STM32H7xx_HAL_Driver/stm32h7xx_hal_pwr_ex.o
LOAD ./Drivers/STM32H7xx_HAL_Driver/stm32h7xx_hal_rcc.o
LOAD ./Drivers/STM32H7xx_HAL_Driver/stm32h7xx_hal_rcc_ex.o
LOAD ./Drivers/STM32H7xx_HAL_Driver/stm32h7xx_hal_tim.o
LOAD ./Drivers/STM32H7xx_HAL_Driver/stm32h7xx_hal_tim_ex.o
LOAD ./Drivers/STM32H7xx_HAL_Driver/stm32h7xx_hal_uart.o
LOAD ./Drivers/STM32H7xx_HAL_Driver/stm32h7xx_hal_uart_ex.o
LOAD ./Middlewares/Third_Party/OpenAMP/condition.o
LOAD ./Middlewares/Third_Party/OpenAMP/device.o
LOAD ./Middlewares/Third_Party/OpenAMP/generic_device.o
LOAD ./Middlewares/Third_Party/OpenAMP/generic_init.o
LOAD ./Middlewares/Third_Party/OpenAMP/generic_io.o
LOAD ./Middlewares/Third_Party/OpenAMP/generic_shmem.o
LOAD ./Middlewares/Third_Party/OpenAMP/init.o
LOAD ./Middlewares/Third_Party/OpenAMP/io.o
LOAD ./Middlewares/Third_Party/OpenAMP/log.o
LOAD ./Middlewares/Third_Party/OpenAMP/remoteproc_virtio.o
LOAD ./Middlewares/Third_Party/OpenAMP/rpmsg.o
LOAD ./Middlewares/Third_Party/OpenAMP/rpmsg_virtio.o
LOAD ./Middlewares/Third_Party/OpenAMP/shmem.o
LOAD ./Middlewares/Third_Party/OpenAMP/sys.o
LOAD ./Middlewares/Third_Party/OpenAMP/time.o
LOAD ./Middlewares/Third_Party/OpenAMP/virtio.o
LOAD ./Middlewares/Third_Party/OpenAMP/virtqueue.o
LOAD ./OPENAMP/mbox_hsem.o
LOAD ./OPENAMP/openamp.o
LOAD ./OPENAMP/rsc_table.o
START GROUP
LOAD C:/Moje/Programy/ST/STM32CubeIDE/STM32CubeIDE/plugins/com.st.stm32cube.ide.mcu.externaltools.gnu-tools-for-stm32.12.3.rel1.win32_1.0.200.202406191623/tools/bin/../lib/gcc/arm-none-eabi/12.3.1/../../../../arm-none-eabi/lib/thumb/v7e-m+fp/hard\libc_nano.a
LOAD C:/Moje/Programy/ST/STM32CubeIDE/STM32CubeIDE/plugins/com.st.stm32cube.ide.mcu.externaltools.gnu-tools-for-stm32.12.3.rel1.win32_1.0.200.202406191623/tools/bin/../lib/gcc/arm-none-eabi/12.3.1/../../../../arm-none-eabi/lib/thumb/v7e-m+fp/hard\libm.a
END GROUP
START GROUP
LOAD C:/Moje/Programy/ST/STM32CubeIDE/STM32CubeIDE/plugins/com.st.stm32cube.ide.mcu.externaltools.gnu-tools-for-stm32.12.3.rel1.win32_1.0.200.202406191623/tools/bin/../lib/gcc/arm-none-eabi/12.3.1/thumb/v7e-m+fp/hard\libgcc.a
LOAD C:/Moje/Programy/ST/STM32CubeIDE/STM32CubeIDE/plugins/com.st.stm32cube.ide.mcu.externaltools.gnu-tools-for-stm32.12.3.rel1.win32_1.0.200.202406191623/tools/bin/../lib/gcc/arm-none-eabi/12.3.1/../../../../arm-none-eabi/lib/thumb/v7e-m+fp/hard\libc_nano.a
END GROUP
START GROUP
LOAD C:/Moje/Programy/ST/STM32CubeIDE/STM32CubeIDE/plugins/com.st.stm32cube.ide.mcu.externaltools.gnu-tools-for-stm32.12.3.rel1.win32_1.0.200.202406191623/tools/bin/../lib/gcc/arm-none-eabi/12.3.1/thumb/v7e-m+fp/hard\libgcc.a
LOAD C:/Moje/Programy/ST/STM32CubeIDE/STM32CubeIDE/plugins/com.st.stm32cube.ide.mcu.externaltools.gnu-tools-for-stm32.12.3.rel1.win32_1.0.200.202406191623/tools/bin/../lib/gcc/arm-none-eabi/12.3.1/../../../../arm-none-eabi/lib/thumb/v7e-m+fp/hard\libc_nano.a
LOAD C:/Moje/Programy/ST/STM32CubeIDE/STM32CubeIDE/plugins/com.st.stm32cube.ide.mcu.externaltools.gnu-tools-for-stm32.12.3.rel1.win32_1.0.200.202406191623/tools/bin/../lib/gcc/arm-none-eabi/12.3.1/../../../../arm-none-eabi/lib/thumb/v7e-m+fp/hard\libnosys.a
END GROUP
START GROUP
LOAD C:/Moje/Programy/ST/STM32CubeIDE/STM32CubeIDE/plugins/com.st.stm32cube.ide.mcu.externaltools.gnu-tools-for-stm32.12.3.rel1.win32_1.0.200.202406191623/tools/bin/../lib/gcc/arm-none-eabi/12.3.1/thumb/v7e-m+fp/hard\libgcc.a
LOAD C:/Moje/Programy/ST/STM32CubeIDE/STM32CubeIDE/plugins/com.st.stm32cube.ide.mcu.externaltools.gnu-tools-for-stm32.12.3.rel1.win32_1.0.200.202406191623/tools/bin/../lib/gcc/arm-none-eabi/12.3.1/../../../../arm-none-eabi/lib/thumb/v7e-m+fp/hard\libc_nano.a
LOAD C:/Moje/Programy/ST/STM32CubeIDE/STM32CubeIDE/plugins/com.st.stm32cube.ide.mcu.externaltools.gnu-tools-for-stm32.12.3.rel1.win32_1.0.200.202406191623/tools/bin/../lib/gcc/arm-none-eabi/12.3.1/../../../../arm-none-eabi/lib/thumb/v7e-m+fp/hard\libnosys.a
END GROUP
LOAD C:/Moje/Programy/ST/STM32CubeIDE/STM32CubeIDE/plugins/com.st.stm32cube.ide.mcu.externaltools.gnu-tools-for-stm32.12.3.rel1.win32_1.0.200.202406191623/tools/bin/../lib/gcc/arm-none-eabi/12.3.1/thumb/v7e-m+fp/hard/crtend.o
LOAD C:/Moje/Programy/ST/STM32CubeIDE/STM32CubeIDE/plugins/com.st.stm32cube.ide.mcu.externaltools.gnu-tools-for-stm32.12.3.rel1.win32_1.0.200.202406191623/tools/bin/../lib/gcc/arm-none-eabi/12.3.1/thumb/v7e-m+fp/hard/crtn.o
                0x10048000                        _estack = (ORIGIN (RAM) + LENGTH (RAM))
                0x00000200                        _Min_Heap_Size = 0x200
                0x00000400                        _Min_Stack_Size = 0x400
                0x38000400                        __OPENAMP_region_start__ = ORIGIN (OPEN_AMP_SHMEM)
                0x38010000                        __OPENAMP_region_end__ = (ORIGIN (OPEN_AMP_SHMEM) + LENGTH (OPEN_AMP_SHMEM))

.isr_vector     0x08100000      0x298
                0x08100000                        . = ALIGN (0x4)
 *(.isr_vector)
 .isr_vector    0x08100000      0x298 ./Core/Startup/startup_stm32h755zitx.o
                0x08100000                g_pfnVectors
                0x08100298                        . = ALIGN (0x4)

.text           0x081002a0     0x7f5c
                0x081002a0                        . = ALIGN (0x4)
 *(.text)
 .text          0x081002a0       0x40 C:/Moje/Programy/ST/STM32CubeIDE/STM32CubeIDE/plugins/com.st.stm32cube.ide.mcu.externaltools.gnu-tools-for-stm32.12.3.rel1.win32_1.0.200.202406191623/tools/bin/../lib/gcc/arm-none-eabi/12.3.1/thumb/v7e-m+fp/hard/crtbegin.o
 .text          0x081002e0       0x14 C:/Moje/Programy/ST/STM32CubeIDE/STM32CubeIDE/plugins/com.st.stm32cube.ide.mcu.externaltools.gnu-tools-for-stm32.12.3.rel1.win32_1.0.200.202406191623/tools/bin/../lib/gcc/arm-none-eabi/12.3.1/../../../../arm-none-eabi/lib/thumb/v7e-m+fp/hard\libc_nano.a(libc_a-strcmp.o)
                0x081002e0                strcmp
 .text          0x081002f4       0x10 C:/Moje/Programy/ST/STM32CubeIDE/STM32CubeIDE/plugins/com.st.stm32cube.ide.mcu.externaltools.gnu-tools-for-stm32.12.3.rel1.win32_1.0.200.202406191623/tools/bin/../lib/gcc/arm-none-eabi/12.3.1/../../../../arm-none-eabi/lib/thumb/v7e-m+fp/hard\libc_nano.a(libc_a-strlen.o)
                0x081002f4                strlen
 *fill*         0x08100304        0xc 
 .text          0x08100310       0xa0 C:/Moje/Programy/ST/STM32CubeIDE/STM32CubeIDE/plugins/com.st.stm32cube.ide.mcu.externaltools.gnu-tools-for-stm32.12.3.rel1.win32_1.0.200.202406191623/tools/bin/../lib/gcc/arm-none-eabi/12.3.1/../../../../arm-none-eabi/lib/thumb/v7e-m+fp/hard\libc_nano.a(libc_a-memchr.o)
                0x08100310                memchr
 .text          0x081003b0       0x30 C:/Moje/Programy/ST/STM32CubeIDE/STM32CubeIDE/plugins/com.st.stm32cube.ide.mcu.externaltools.gnu-tools-for-stm32.12.3.rel1.win32_1.0.200.202406191623/tools/bin/../lib/gcc/arm-none-eabi/12.3.1/thumb/v7e-m+fp/hard\libgcc.a(_aeabi_uldivmod.o)
                0x081003b0                __aeabi_uldivmod
 .text          0x081003e0      0x2bc C:/Moje/Programy/ST/STM32CubeIDE/STM32CubeIDE/plugins/com.st.stm32cube.ide.mcu.externaltools.gnu-tools-for-stm32.12.3.rel1.win32_1.0.200.202406191623/tools/bin/../lib/gcc/arm-none-eabi/12.3.1/thumb/v7e-m+fp/hard\libgcc.a(_udivmoddi4.o)
                0x081003e0                __udivmoddi4
 .text          0x0810069c        0x4 C:/Moje/Programy/ST/STM32CubeIDE/STM32CubeIDE/plugins/com.st.stm32cube.ide.mcu.externaltools.gnu-tools-for-stm32.12.3.rel1.win32_1.0.200.202406191623/tools/bin/../lib/gcc/arm-none-eabi/12.3.1/thumb/v7e-m+fp/hard\libgcc.a(_dvmd_tls.o)
                0x0810069c                __aeabi_idiv0
                0x0810069c                __aeabi_ldiv0
 *(.text*)
 .text.SystemInit
                0x081006a0       0x30 ./Common/Src/system_stm32h7xx_dualcore_boot_cm4_cm7.o
                0x081006a0                SystemInit
 .text.MX_GPIO_Init
                0x081006d0       0x88 ./Core/Src/gpio.o
                0x081006d0                MX_GPIO_Init
 .text.rpmsg_recv_callback
                0x08100758       0x34 ./Core/Src/main.o
 .text.receive_message
                0x0810078c       0x24 ./Core/Src/main.o
                0x0810078c                receive_message
 .text.main     0x081007b0      0x124 ./Core/Src/main.o
                0x081007b0                main
 .text.Error_Handler
                0x081008d4        0xc ./Core/Src/main.o
                0x081008d4                Error_Handler
 .text.HAL_MspInit
                0x081008e0       0x40 ./Core/Src/stm32h7xx_hal_msp.o
                0x081008e0                HAL_MspInit
 .text.NMI_Handler
                0x08100920        0x8 ./Core/Src/stm32h7xx_it.o
                0x08100920                NMI_Handler
 .text.HardFault_Handler
                0x08100928        0x8 ./Core/Src/stm32h7xx_it.o
                0x08100928                HardFault_Handler
 .text.MemManage_Handler
                0x08100930        0x8 ./Core/Src/stm32h7xx_it.o
                0x08100930                MemManage_Handler
 .text.BusFault_Handler
                0x08100938        0x8 ./Core/Src/stm32h7xx_it.o
                0x08100938                BusFault_Handler
 .text.UsageFault_Handler
                0x08100940        0x8 ./Core/Src/stm32h7xx_it.o
                0x08100940                UsageFault_Handler
 .text.SVC_Handler
                0x08100948        0xe ./Core/Src/stm32h7xx_it.o
                0x08100948                SVC_Handler
 .text.DebugMon_Handler
                0x08100956        0xe ./Core/Src/stm32h7xx_it.o
                0x08100956                DebugMon_Handler
 .text.PendSV_Handler
                0x08100964        0xe ./Core/Src/stm32h7xx_it.o
                0x08100964                PendSV_Handler
 .text.SysTick_Handler
                0x08100972        0xc ./Core/Src/stm32h7xx_it.o
                0x08100972                SysTick_Handler
 .text.HSEM2_IRQHandler
                0x0810097e        0xc ./Core/Src/stm32h7xx_it.o
                0x0810097e                HSEM2_IRQHandler
 .text._getpid  0x0810098a       0x10 ./Core/Src/syscalls.o
                0x0810098a                _getpid
 .text._kill    0x0810099a       0x20 ./Core/Src/syscalls.o
                0x0810099a                _kill
 .text._exit    0x081009ba       0x16 ./Core/Src/syscalls.o
                0x081009ba                _exit
 .text._read    0x081009d0       0x3a ./Core/Src/syscalls.o
                0x081009d0                _read
 .text._write   0x08100a0a       0x38 ./Core/Src/syscalls.o
                0x08100a0a                _write
 .text._close   0x08100a42       0x18 ./Core/Src/syscalls.o
                0x08100a42                _close
 .text._fstat   0x08100a5a       0x20 ./Core/Src/syscalls.o
                0x08100a5a                _fstat
 .text._isatty  0x08100a7a       0x16 ./Core/Src/syscalls.o
                0x08100a7a                _isatty
 .text._lseek   0x08100a90       0x1a ./Core/Src/syscalls.o
                0x08100a90                _lseek
 *fill*         0x08100aaa        0x2 
 .text._sbrk    0x08100aac       0x6c ./Core/Src/sysmem.o
                0x08100aac                _sbrk
 .text.MX_USART3_UART_Init
                0x08100b18       0x98 ./Core/Src/usart.o
                0x08100b18                MX_USART3_UART_Init
 .text.HAL_UART_MspInit
                0x08100bb0       0xd4 ./Core/Src/usart.o
                0x08100bb0                HAL_UART_MspInit
 .text.Reset_Handler
                0x08100c84       0x50 ./Core/Startup/startup_stm32h755zitx.o
                0x08100c84                Reset_Handler
 .text.Default_Handler
                0x08100cd4        0x2 ./Core/Startup/startup_stm32h755zitx.o
                0x08100cd4                RTC_Alarm_IRQHandler
                0x08100cd4                HASH_RNG_IRQHandler
                0x08100cd4                EXTI2_IRQHandler
                0x08100cd4                TIM8_CC_IRQHandler
                0x08100cd4                HRTIM1_Master_IRQHandler
                0x08100cd4                UART8_IRQHandler
                0x08100cd4                SPI4_IRQHandler
                0x08100cd4                TIM1_CC_IRQHandler
                0x08100cd4                BDMA_Channel6_IRQHandler
                0x08100cd4                DMA2_Stream5_IRQHandler
                0x08100cd4                HRTIM1_FLT_IRQHandler
                0x08100cd4                JPEG_IRQHandler
                0x08100cd4                DMA1_Stream5_IRQHandler
                0x08100cd4                BDMA_Channel1_IRQHandler
                0x08100cd4                HRTIM1_TIMD_IRQHandler
                0x08100cd4                TAMP_STAMP_IRQHandler
                0x08100cd4                EXTI3_IRQHandler
                0x08100cd4                LPTIM4_IRQHandler
                0x08100cd4                TIM8_TRG_COM_TIM14_IRQHandler
                0x08100cd4                LPTIM2_IRQHandler
                0x08100cd4                DFSDM1_FLT1_IRQHandler
                0x08100cd4                DMAMUX2_OVR_IRQHandler
                0x08100cd4                TIM8_UP_TIM13_IRQHandler
                0x08100cd4                I2C3_ER_IRQHandler
                0x08100cd4                DFSDM1_FLT2_IRQHandler
                0x08100cd4                MDMA_IRQHandler
                0x08100cd4                LPTIM3_IRQHandler
                0x08100cd4                HSEM1_IRQHandler
                0x08100cd4                EXTI0_IRQHandler
                0x08100cd4                I2C2_EV_IRQHandler
                0x08100cd4                DMA1_Stream2_IRQHandler
                0x08100cd4                FPU_IRQHandler
                0x08100cd4                OTG_HS_WKUP_IRQHandler
                0x08100cd4                FDCAN1_IT1_IRQHandler
                0x08100cd4                LTDC_ER_IRQHandler
                0x08100cd4                DMA2_Stream2_IRQHandler
                0x08100cd4                HRTIM1_TIME_IRQHandler
                0x08100cd4                SPI1_IRQHandler
                0x08100cd4                TIM6_DAC_IRQHandler
                0x08100cd4                DCMI_IRQHandler
                0x08100cd4                HRTIM1_TIMC_IRQHandler
                0x08100cd4                DMA2_Stream3_IRQHandler
                0x08100cd4                SAI2_IRQHandler
                0x08100cd4                DFSDM1_FLT3_IRQHandler
                0x08100cd4                USART6_IRQHandler
                0x08100cd4                TIM17_IRQHandler
                0x08100cd4                USART3_IRQHandler
                0x08100cd4                BDMA_Channel7_IRQHandler
                0x08100cd4                CRYP_IRQHandler
                0x08100cd4                LPTIM5_IRQHandler
                0x08100cd4                UART5_IRQHandler
                0x08100cd4                ADC3_IRQHandler
                0x08100cd4                DMA2_Stream0_IRQHandler
                0x08100cd4                TIM4_IRQHandler
                0x08100cd4                BDMA_Channel2_IRQHandler
                0x08100cd4                QUADSPI_IRQHandler
                0x08100cd4                I2C1_EV_IRQHandler
                0x08100cd4                DMA1_Stream6_IRQHandler
                0x08100cd4                DMAMUX1_OVR_IRQHandler
                0x08100cd4                DMA1_Stream1_IRQHandler
                0x08100cd4                TIM16_IRQHandler
                0x08100cd4                UART4_IRQHandler
                0x08100cd4                BDMA_Channel5_IRQHandler
                0x08100cd4                TIM3_IRQHandler
                0x08100cd4                RCC_IRQHandler
                0x08100cd4                TIM8_BRK_TIM12_IRQHandler
                0x08100cd4                TIM1_TRG_COM_IRQHandler
                0x08100cd4                Default_Handler
                0x08100cd4                ECC_IRQHandler
                0x08100cd4                CEC_IRQHandler
                0x08100cd4                EXTI15_10_IRQHandler
                0x08100cd4                BDMA_Channel0_IRQHandler
                0x08100cd4                ADC_IRQHandler
                0x08100cd4                DMA1_Stream7_IRQHandler
                0x08100cd4                HRTIM1_TIMA_IRQHandler
                0x08100cd4                SPI5_IRQHandler
                0x08100cd4                TIM7_IRQHandler
                0x08100cd4                SDMMC1_IRQHandler
                0x08100cd4                TIM5_IRQHandler
                0x08100cd4                DMA2_Stream7_IRQHandler
                0x08100cd4                TIM15_IRQHandler
                0x08100cd4                PVD_AVD_IRQHandler
                0x08100cd4                I2C3_EV_IRQHandler
                0x08100cd4                EXTI9_5_IRQHandler
                0x08100cd4                RTC_WKUP_IRQHandler
                0x08100cd4                LTDC_IRQHandler
                0x08100cd4                SAI3_IRQHandler
                0x08100cd4                ETH_WKUP_IRQHandler
                0x08100cd4                SPDIF_RX_IRQHandler
                0x08100cd4                SPI2_IRQHandler
                0x08100cd4                OTG_HS_EP1_IN_IRQHandler
                0x08100cd4                DMA1_Stream0_IRQHandler
                0x08100cd4                CRS_IRQHandler
                0x08100cd4                CM7_SEV_IRQHandler
                0x08100cd4                EXTI4_IRQHandler
                0x08100cd4                CM4_SEV_IRQHandler
                0x08100cd4                HRTIM1_TIMB_IRQHandler
                0x08100cd4                FDCAN2_IT1_IRQHandler
                0x08100cd4                ETH_IRQHandler
                0x08100cd4                TIM1_UP_IRQHandler
                0x08100cd4                WWDG_RST_IRQHandler
                0x08100cd4                BDMA_Channel4_IRQHandler
                0x08100cd4                OTG_HS_EP1_OUT_IRQHandler
                0x08100cd4                WWDG_IRQHandler
                0x08100cd4                SPI6_IRQHandler
                0x08100cd4                MDIOS_IRQHandler
                0x08100cd4                I2C4_EV_IRQHandler
                0x08100cd4                FDCAN2_IT0_IRQHandler
                0x08100cd4                LPUART1_IRQHandler
                0x08100cd4                FDCAN1_IT0_IRQHandler
                0x08100cd4                TIM2_IRQHandler
                0x08100cd4                OTG_FS_WKUP_IRQHandler
                0x08100cd4                OTG_HS_IRQHandler
                0x08100cd4                DMA2D_IRQHandler
                0x08100cd4                TIM1_BRK_IRQHandler
                0x08100cd4                EXTI1_IRQHandler
                0x08100cd4                SDMMC2_IRQHandler
                0x08100cd4                OTG_FS_EP1_OUT_IRQHandler
                0x08100cd4                BDMA_Channel3_IRQHandler
                0x08100cd4                HOLD_CORE_IRQHandler
                0x08100cd4                UART7_IRQHandler
                0x08100cd4                MDIOS_WKUP_IRQHandler
                0x08100cd4                USART2_IRQHandler
                0x08100cd4                DFSDM1_FLT0_IRQHandler
                0x08100cd4                SAI4_IRQHandler
                0x08100cd4                I2C2_ER_IRQHandler
                0x08100cd4                DMA2_Stream1_IRQHandler
                0x08100cd4                FLASH_IRQHandler
                0x08100cd4                DMA2_Stream4_IRQHandler
                0x08100cd4                USART1_IRQHandler
                0x08100cd4                OTG_FS_IRQHandler
                0x08100cd4                SPI3_IRQHandler
                0x08100cd4                WAKEUP_PIN_IRQHandler
                0x08100cd4                DMA1_Stream4_IRQHandler
                0x08100cd4                OTG_FS_EP1_IN_IRQHandler
                0x08100cd4                I2C1_ER_IRQHandler
                0x08100cd4                FMC_IRQHandler
                0x08100cd4                FDCAN_CAL_IRQHandler
                0x08100cd4                SWPMI1_IRQHandler
                0x08100cd4                COMP1_IRQHandler
                0x08100cd4                LPTIM1_IRQHandler
                0x08100cd4                I2C4_ER_IRQHandler
                0x08100cd4                DMA2_Stream6_IRQHandler
                0x08100cd4                SAI1_IRQHandler
                0x08100cd4                DMA1_Stream3_IRQHandler
 *fill*         0x08100cd6        0x2 
 .text.HAL_Init
                0x08100cd8       0xbc ./Drivers/STM32H7xx_HAL_Driver/stm32h7xx_hal.o
                0x08100cd8                HAL_Init
 .text.HAL_InitTick
                0x08100d94       0x6c ./Drivers/STM32H7xx_HAL_Driver/stm32h7xx_hal.o
                0x08100d94                HAL_InitTick
 .text.HAL_IncTick
                0x08100e00       0x28 ./Drivers/STM32H7xx_HAL_Driver/stm32h7xx_hal.o
                0x08100e00                HAL_IncTick
 .text.HAL_GetTick
                0x08100e28       0x18 ./Drivers/STM32H7xx_HAL_Driver/stm32h7xx_hal.o
                0x08100e28                HAL_GetTick
 .text.__NVIC_SetPriorityGrouping
                0x08100e40       0x48 ./Drivers/STM32H7xx_HAL_Driver/stm32h7xx_hal_cortex.o
 .text.__NVIC_GetPriorityGrouping
                0x08100e88       0x1c ./Drivers/STM32H7xx_HAL_Driver/stm32h7xx_hal_cortex.o
 .text.__NVIC_EnableIRQ
                0x08100ea4       0x3c ./Drivers/STM32H7xx_HAL_Driver/stm32h7xx_hal_cortex.o
 .text.__NVIC_SetPriority
                0x08100ee0       0x54 ./Drivers/STM32H7xx_HAL_Driver/stm32h7xx_hal_cortex.o
 .text.NVIC_EncodePriority
                0x08100f34       0x66 ./Drivers/STM32H7xx_HAL_Driver/stm32h7xx_hal_cortex.o
 *fill*         0x08100f9a        0x2 
 .text.SysTick_Config
                0x08100f9c       0x44 ./Drivers/STM32H7xx_HAL_Driver/stm32h7xx_hal_cortex.o
 .text.HAL_NVIC_SetPriorityGrouping
                0x08100fe0       0x16 ./Drivers/STM32H7xx_HAL_Driver/stm32h7xx_hal_cortex.o
                0x08100fe0                HAL_NVIC_SetPriorityGrouping
 .text.HAL_NVIC_SetPriority
                0x08100ff6       0x34 ./Drivers/STM32H7xx_HAL_Driver/stm32h7xx_hal_cortex.o
                0x08100ff6                HAL_NVIC_SetPriority
 .text.HAL_NVIC_EnableIRQ
                0x0810102a       0x1c ./Drivers/STM32H7xx_HAL_Driver/stm32h7xx_hal_cortex.o
                0x0810102a                HAL_NVIC_EnableIRQ
 .text.HAL_SYSTICK_Config
                0x08101046       0x18 ./Drivers/STM32H7xx_HAL_Driver/stm32h7xx_hal_cortex.o
                0x08101046                HAL_SYSTICK_Config
 *fill*         0x0810105e        0x2 
 .text.HAL_GetCurrentCPUID
                0x08101060       0x28 ./Drivers/STM32H7xx_HAL_Driver/stm32h7xx_hal_cortex.o
                0x08101060                HAL_GetCurrentCPUID
 .text.HAL_GPIO_Init
                0x08101088      0x360 ./Drivers/STM32H7xx_HAL_Driver/stm32h7xx_hal_gpio.o
                0x08101088                HAL_GPIO_Init
 .text.HAL_GPIO_WritePin
                0x081013e8       0x32 ./Drivers/STM32H7xx_HAL_Driver/stm32h7xx_hal_gpio.o
                0x081013e8                HAL_GPIO_WritePin
 *fill*         0x0810141a        0x2 
 .text.HAL_HSEM_FastTake
                0x0810141c       0x34 ./Drivers/STM32H7xx_HAL_Driver/stm32h7xx_hal_hsem.o
                0x0810141c                HAL_HSEM_FastTake
 .text.HAL_HSEM_Release
                0x08101450       0x28 ./Drivers/STM32H7xx_HAL_Driver/stm32h7xx_hal_hsem.o
                0x08101450                HAL_HSEM_Release
 .text.HAL_HSEM_ActivateNotification
                0x08101478       0x24 ./Drivers/STM32H7xx_HAL_Driver/stm32h7xx_hal_hsem.o
                0x08101478                HAL_HSEM_ActivateNotification
 .text.HAL_HSEM_IRQHandler
                0x0810149c       0x34 ./Drivers/STM32H7xx_HAL_Driver/stm32h7xx_hal_hsem.o
                0x0810149c                HAL_HSEM_IRQHandler
 .text.HAL_PWREx_EnterSTOPMode
                0x081014d0       0xf4 ./Drivers/STM32H7xx_HAL_Driver/stm32h7xx_hal_pwr_ex.o
                0x081014d0                HAL_PWREx_EnterSTOPMode
 .text.HAL_PWREx_ClearPendingEvent
                0x081015c4       0x1a ./Drivers/STM32H7xx_HAL_Driver/stm32h7xx_hal_pwr_ex.o
                0x081015c4                HAL_PWREx_ClearPendingEvent
 *fill*         0x081015de        0x2 
 .text.HAL_RCC_GetSysClockFreq
                0x081015e0      0x2f4 ./Drivers/STM32H7xx_HAL_Driver/stm32h7xx_hal_rcc.o
                0x081015e0                HAL_RCC_GetSysClockFreq
 .text.HAL_RCC_GetHCLKFreq
                0x081018d4       0x64 ./Drivers/STM32H7xx_HAL_Driver/stm32h7xx_hal_rcc.o
                0x081018d4                HAL_RCC_GetHCLKFreq
 .text.HAL_RCC_GetPCLK1Freq
                0x08101938       0x2c ./Drivers/STM32H7xx_HAL_Driver/stm32h7xx_hal_rcc.o
                0x08101938                HAL_RCC_GetPCLK1Freq
 .text.HAL_RCC_GetPCLK2Freq
                0x08101964       0x2c ./Drivers/STM32H7xx_HAL_Driver/stm32h7xx_hal_rcc.o
                0x08101964                HAL_RCC_GetPCLK2Freq
 .text.HAL_RCCEx_PeriphCLKConfig
                0x08101990     0x1414 ./Drivers/STM32H7xx_HAL_Driver/stm32h7xx_hal_rcc_ex.o
                0x08101990                HAL_RCCEx_PeriphCLKConfig
 .text.HAL_RCCEx_GetD3PCLK1Freq
                0x08102da4       0x2c ./Drivers/STM32H7xx_HAL_Driver/stm32h7xx_hal_rcc_ex.o
                0x08102da4                HAL_RCCEx_GetD3PCLK1Freq
 .text.HAL_RCCEx_GetPLL2ClockFreq
                0x08102dd0      0x2a8 ./Drivers/STM32H7xx_HAL_Driver/stm32h7xx_hal_rcc_ex.o
                0x08102dd0                HAL_RCCEx_GetPLL2ClockFreq
 .text.HAL_RCCEx_GetPLL3ClockFreq
                0x08103078      0x2a8 ./Drivers/STM32H7xx_HAL_Driver/stm32h7xx_hal_rcc_ex.o
                0x08103078                HAL_RCCEx_GetPLL3ClockFreq
 .text.RCCEx_PLL2_Config
                0x08103320      0x164 ./Drivers/STM32H7xx_HAL_Driver/stm32h7xx_hal_rcc_ex.o
 .text.RCCEx_PLL3_Config
                0x08103484      0x164 ./Drivers/STM32H7xx_HAL_Driver/stm32h7xx_hal_rcc_ex.o
 .text.HAL_UART_Init
                0x081035e8       0xa0 ./Drivers/STM32H7xx_HAL_Driver/stm32h7xx_hal_uart.o
                0x081035e8                HAL_UART_Init
 .text.HAL_UART_Transmit
                0x08103688      0x11c ./Drivers/STM32H7xx_HAL_Driver/stm32h7xx_hal_uart.o
                0x08103688                HAL_UART_Transmit
 .text.UART_SetConfig
                0x081037a4      0xad0 ./Drivers/STM32H7xx_HAL_Driver/stm32h7xx_hal_uart.o
                0x081037a4                UART_SetConfig
 .text.UART_AdvFeatureConfig
                0x08104274      0x144 ./Drivers/STM32H7xx_HAL_Driver/stm32h7xx_hal_uart.o
                0x08104274                UART_AdvFeatureConfig
 .text.UART_CheckIdleState
                0x081043b8      0x154 ./Drivers/STM32H7xx_HAL_Driver/stm32h7xx_hal_uart.o
                0x081043b8                UART_CheckIdleState
 .text.UART_WaitOnFlagUntilTimeout
                0x0810450c       0xda ./Drivers/STM32H7xx_HAL_Driver/stm32h7xx_hal_uart.o
                0x0810450c                UART_WaitOnFlagUntilTimeout
 .text.UART_EndRxTransfer
                0x081045e6       0xcc ./Drivers/STM32H7xx_HAL_Driver/stm32h7xx_hal_uart.o
 .text.HAL_UARTEx_DisableFifoMode
                0x081046b2       0x72 ./Drivers/STM32H7xx_HAL_Driver/stm32h7xx_hal_uart_ex.o
                0x081046b2                HAL_UARTEx_DisableFifoMode
 .text.HAL_UARTEx_SetTxFifoThreshold
                0x08104724       0x7c ./Drivers/STM32H7xx_HAL_Driver/stm32h7xx_hal_uart_ex.o
                0x08104724                HAL_UARTEx_SetTxFifoThreshold
 .text.HAL_UARTEx_SetRxFifoThreshold
                0x081047a0       0x7c ./Drivers/STM32H7xx_HAL_Driver/stm32h7xx_hal_uart_ex.o
                0x081047a0                HAL_UARTEx_SetRxFifoThreshold
 .text.UARTEx_SetNbDataToProcess
                0x0810481c       0x9c ./Drivers/STM32H7xx_HAL_Driver/stm32h7xx_hal_uart_ex.o
 .text.metal_list_init
                0x081048b8       0x22 ./Middlewares/Third_Party/OpenAMP/device.o
 .text.metal_list_add_before
                0x081048da       0x34 ./Middlewares/Third_Party/OpenAMP/device.o
 .text.metal_list_add_tail
                0x0810490e       0x1a ./Middlewares/Third_Party/OpenAMP/device.o
 .text.__metal_cache_flush
                0x08104928       0x1a ./Middlewares/Third_Party/OpenAMP/device.o
 .text.__metal_cache_invalidate
                0x08104942       0x1a ./Middlewares/Third_Party/OpenAMP/device.o
 .text.metal_cache_flush
                0x0810495c       0x1a ./Middlewares/Third_Party/OpenAMP/device.o
 .text.metal_cache_invalidate
                0x08104976       0x1a ./Middlewares/Third_Party/OpenAMP/device.o
 .text.metal_bus_register
                0x08104990       0x88 ./Middlewares/Third_Party/OpenAMP/device.o
                0x08104990                metal_bus_register
 .text.metal_bus_find
                0x08104a18       0x60 ./Middlewares/Third_Party/OpenAMP/device.o
                0x08104a18                metal_bus_find
 .text.metal_device_open
                0x08104a78       0x7c ./Middlewares/Third_Party/OpenAMP/device.o
                0x08104a78                metal_device_open
 .text.metal_register_generic_device
                0x08104af4       0x4c ./Middlewares/Third_Party/OpenAMP/device.o
                0x08104af4                metal_register_generic_device
 .text.metal_generic_dev_open
                0x08104b40       0x60 ./Middlewares/Third_Party/OpenAMP/device.o
                0x08104b40                metal_generic_dev_open
 .text.metal_generic_dev_dma_map
                0x08104ba0       0xa2 ./Middlewares/Third_Party/OpenAMP/device.o
                0x08104ba0                metal_generic_dev_dma_map
 .text.metal_generic_dev_dma_unmap
                0x08104c42       0x56 ./Middlewares/Third_Party/OpenAMP/device.o
                0x08104c42                metal_generic_dev_dma_unmap
 .text.metal_generic_dev_sys_open
                0x08104c98       0x4e ./Middlewares/Third_Party/OpenAMP/generic_device.o
                0x08104c98                metal_generic_dev_sys_open
 *fill*         0x08104ce6        0x2 
 .text.metal_sys_init
                0x08104ce8       0x1c ./Middlewares/Third_Party/OpenAMP/generic_init.o
                0x08104ce8                metal_sys_init
 .text.metal_sys_io_mem_map
                0x08104d04       0x7c ./Middlewares/Third_Party/OpenAMP/generic_io.o
                0x08104d04                metal_sys_io_mem_map
 .text.metal_list_init
                0x08104d80       0x22 ./Middlewares/Third_Party/OpenAMP/init.o
 *fill*         0x08104da2        0x2 
 .text.metal_init
                0x08104da4       0x64 ./Middlewares/Third_Party/OpenAMP/init.o
                0x08104da4                metal_init
 .text.metal_io_virt
                0x08104e08       0x36 ./Middlewares/Third_Party/OpenAMP/io.o
 .text.metal_io_init
                0x08104e3e       0x9e ./Middlewares/Third_Party/OpenAMP/io.o
                0x08104e3e                metal_io_init
 .text.metal_io_block_read
                0x08104edc       0xee ./Middlewares/Third_Party/OpenAMP/io.o
                0x08104edc                metal_io_block_read
 .text.metal_io_block_write
                0x08104fca       0xec ./Middlewares/Third_Party/OpenAMP/io.o
                0x08104fca                metal_io_block_write
 .text.metal_default_log_handler
                0x081050b6       0x1a ./Middlewares/Third_Party/OpenAMP/log.o
                0x081050b6                metal_default_log_handler
 .text.metal_io_virt
                0x081050d0       0x36 ./Middlewares/Third_Party/OpenAMP/remoteproc_virtio.o
 .text.metal_io_virt_to_offset
                0x08105106       0x32 ./Middlewares/Third_Party/OpenAMP/remoteproc_virtio.o
 .text.metal_io_read
                0x08105138      0x104 ./Middlewares/Third_Party/OpenAMP/remoteproc_virtio.o
 .text.metal_allocate_memory
                0x0810523c       0x18 ./Middlewares/Third_Party/OpenAMP/remoteproc_virtio.o
 .text.metal_free_memory
                0x08105254       0x16 ./Middlewares/Third_Party/OpenAMP/remoteproc_virtio.o
 .text.virtqueue_allocate
                0x0810526a       0x32 ./Middlewares/Third_Party/OpenAMP/remoteproc_virtio.o
 .text.rproc_virtio_virtqueue_notify
                0x0810529c       0x68 ./Middlewares/Third_Party/OpenAMP/remoteproc_virtio.o
 .text.rproc_virtio_get_status
                0x08105304       0x44 ./Middlewares/Third_Party/OpenAMP/remoteproc_virtio.o
 .text.rproc_virtio_get_features
                0x08105348       0x44 ./Middlewares/Third_Party/OpenAMP/remoteproc_virtio.o
 .text.rproc_virtio_negotiate_features
                0x0810538c       0x18 ./Middlewares/Third_Party/OpenAMP/remoteproc_virtio.o
 .text.rproc_virtio_read_config
                0x081053a4       0x1a ./Middlewares/Third_Party/OpenAMP/remoteproc_virtio.o
 *fill*         0x081053be        0x2 
 .text.rproc_virtio_create_vdev
                0x081053c0      0x15c ./Middlewares/Third_Party/OpenAMP/remoteproc_virtio.o
                0x081053c0                rproc_virtio_create_vdev
 .text.rproc_virtio_init_vring
                0x0810551c       0x62 ./Middlewares/Third_Party/OpenAMP/remoteproc_virtio.o
                0x0810551c                rproc_virtio_init_vring
 .text.rproc_virtio_notified
                0x0810557e       0x78 ./Middlewares/Third_Party/OpenAMP/remoteproc_virtio.o
                0x0810557e                rproc_virtio_notified
 .text.rproc_virtio_wait_remote_ready
                0x081055f6       0x32 ./Middlewares/Third_Party/OpenAMP/remoteproc_virtio.o
                0x081055f6                rproc_virtio_wait_remote_ready
 .text.__metal_mutex_acquire
                0x08105628       0x38 ./Middlewares/Third_Party/OpenAMP/rpmsg.o
 .text.__metal_mutex_release
                0x08105660       0x22 ./Middlewares/Third_Party/OpenAMP/rpmsg.o
 .text.metal_mutex_acquire
                0x08105682       0x16 ./Middlewares/Third_Party/OpenAMP/rpmsg.o
 .text.metal_mutex_release
                0x08105698       0x16 ./Middlewares/Third_Party/OpenAMP/rpmsg.o
 .text.metal_list_add_before
                0x081056ae       0x34 ./Middlewares/Third_Party/OpenAMP/rpmsg.o
 .text.metal_list_add_tail
                0x081056e2       0x1a ./Middlewares/Third_Party/OpenAMP/rpmsg.o
 .text.metal_list_del
                0x081056fc       0x36 ./Middlewares/Third_Party/OpenAMP/rpmsg.o
 .text.metal_bitmap_set_bit
                0x08105732       0x38 ./Middlewares/Third_Party/OpenAMP/rpmsg.o
 .text.metal_bitmap_is_bit_set
                0x0810576a       0x30 ./Middlewares/Third_Party/OpenAMP/rpmsg.o
 .text.metal_bitmap_clear_bit
                0x0810579a       0x3a ./Middlewares/Third_Party/OpenAMP/rpmsg.o
 .text.metal_bitmap_is_bit_clear
                0x081057d4       0x26 ./Middlewares/Third_Party/OpenAMP/rpmsg.o
 .text.metal_bitmap_next_clear_bit
                0x081057fa       0x3a ./Middlewares/Third_Party/OpenAMP/rpmsg.o
 .text.rpmsg_init_ept
                0x08105834       0x3a ./Middlewares/Third_Party/OpenAMP/rpmsg.o
 .text.rpmsg_get_address
                0x0810586e       0x3e ./Middlewares/Third_Party/OpenAMP/rpmsg.o
 .text.rpmsg_release_address
                0x081058ac       0x24 ./Middlewares/Third_Party/OpenAMP/rpmsg.o
 .text.rpmsg_is_address_set
                0x081058d0       0x30 ./Middlewares/Third_Party/OpenAMP/rpmsg.o
 .text.rpmsg_set_address
                0x08105900       0x30 ./Middlewares/Third_Party/OpenAMP/rpmsg.o
 .text.rpmsg_send_offchannel_raw
                0x08105930       0x64 ./Middlewares/Third_Party/OpenAMP/rpmsg.o
                0x08105930                rpmsg_send_offchannel_raw
 .text.rpmsg_send_ns_message
                0x08105994       0x50 ./Middlewares/Third_Party/OpenAMP/rpmsg.o
                0x08105994                rpmsg_send_ns_message
 .text.rpmsg_get_endpoint
                0x081059e4       0xc0 ./Middlewares/Third_Party/OpenAMP/rpmsg.o
                0x081059e4                rpmsg_get_endpoint
 .text.rpmsg_unregister_endpoint
                0x08105aa4       0x44 ./Middlewares/Third_Party/OpenAMP/rpmsg.o
 .text.rpmsg_register_endpoint
                0x08105ae8       0x28 ./Middlewares/Third_Party/OpenAMP/rpmsg.o
                0x08105ae8                rpmsg_register_endpoint
 .text.rpmsg_create_ept
                0x08105b10       0xfc ./Middlewares/Third_Party/OpenAMP/rpmsg.o
                0x08105b10                rpmsg_create_ept
 .text.__metal_cache_invalidate
                0x08105c0c       0x1a ./Middlewares/Third_Party/OpenAMP/rpmsg_virtio.o
 .text.metal_cache_invalidate
                0x08105c26       0x1a ./Middlewares/Third_Party/OpenAMP/rpmsg_virtio.o
 .text.__metal_sleep_usec
                0x08105c40       0x16 ./Middlewares/Third_Party/OpenAMP/rpmsg_virtio.o
 .text.metal_sleep_usec
                0x08105c56       0x18 ./Middlewares/Third_Party/OpenAMP/rpmsg_virtio.o
 .text.metal_list_init
                0x08105c6e       0x22 ./Middlewares/Third_Party/OpenAMP/rpmsg_virtio.o
 .text.metal_io_virt_to_offset
                0x08105c90       0x32 ./Middlewares/Third_Party/OpenAMP/rpmsg_virtio.o
 .text.__metal_mutex_init
                0x08105cc2       0x2c ./Middlewares/Third_Party/OpenAMP/rpmsg_virtio.o
 .text.__metal_mutex_acquire
                0x08105cee       0x38 ./Middlewares/Third_Party/OpenAMP/rpmsg_virtio.o
 .text.__metal_mutex_release
                0x08105d26       0x22 ./Middlewares/Third_Party/OpenAMP/rpmsg_virtio.o
 .text.metal_mutex_init
                0x08105d48       0x16 ./Middlewares/Third_Party/OpenAMP/rpmsg_virtio.o
 .text.metal_mutex_acquire
                0x08105d5e       0x16 ./Middlewares/Third_Party/OpenAMP/rpmsg_virtio.o
 .text.metal_mutex_release
                0x08105d74       0x16 ./Middlewares/Third_Party/OpenAMP/rpmsg_virtio.o
 .text.rpmsg_init_ept
                0x08105d8a       0x3a ./Middlewares/Third_Party/OpenAMP/rpmsg_virtio.o
 .text.rpmsg_virtio_get_role
                0x08105dc4       0x1a ./Middlewares/Third_Party/OpenAMP/rpmsg_virtio.o
 .text.rpmsg_virtio_set_status
                0x08105dde       0x26 ./Middlewares/Third_Party/OpenAMP/rpmsg_virtio.o
 .text.rpmsg_virtio_get_status
                0x08105e04       0x22 ./Middlewares/Third_Party/OpenAMP/rpmsg_virtio.o
 .text.rpmsg_virtio_get_features
                0x08105e26       0x22 ./Middlewares/Third_Party/OpenAMP/rpmsg_virtio.o
 .text.rpmsg_virtio_create_virtqueues
                0x08105e48       0x2a ./Middlewares/Third_Party/OpenAMP/rpmsg_virtio.o
 .text.rpmsg_get_ept_from_addr
                0x08105e72       0x22 ./Middlewares/Third_Party/OpenAMP/rpmsg_virtio.o
 .text.rpmsg_virtio_init_shm_pool
                0x08105e94       0x5a ./Middlewares/Third_Party/OpenAMP/rpmsg_virtio.o
                0x08105e94                rpmsg_virtio_init_shm_pool
 .text.rpmsg_virtio_return_buffer
                0x08105eee       0x32 ./Middlewares/Third_Party/OpenAMP/rpmsg_virtio.o
 .text.rpmsg_virtio_enqueue_buffer
                0x08105f20       0x38 ./Middlewares/Third_Party/OpenAMP/rpmsg_virtio.o
 .text.rpmsg_virtio_get_tx_buffer
                0x08105f58       0x38 ./Middlewares/Third_Party/OpenAMP/rpmsg_virtio.o
 .text.rpmsg_virtio_get_rx_buffer
                0x08105f90       0x4a ./Middlewares/Third_Party/OpenAMP/rpmsg_virtio.o
 .text.rpmsg_virtio_wait_remote_ready
                0x08105fda       0x3a ./Middlewares/Third_Party/OpenAMP/rpmsg_virtio.o
 .text._rpmsg_virtio_get_buffer_size
                0x08106014       0x34 ./Middlewares/Third_Party/OpenAMP/rpmsg_virtio.o
 .text.rpmsg_virtio_send_offchannel_raw
                0x08106048      0x154 ./Middlewares/Third_Party/OpenAMP/rpmsg_virtio.o
 .text.rpmsg_virtio_tx_callback
                0x0810619c       0x14 ./Middlewares/Third_Party/OpenAMP/rpmsg_virtio.o
 .text.rpmsg_virtio_rx_callback
                0x081061b0       0xec ./Middlewares/Third_Party/OpenAMP/rpmsg_virtio.o
 .text.rpmsg_virtio_ns_callback
                0x0810629c       0xe4 ./Middlewares/Third_Party/OpenAMP/rpmsg_virtio.o
 .text.rpmsg_init_vdev
                0x08106380      0x138 ./Middlewares/Third_Party/OpenAMP/rpmsg_virtio.o
                0x08106380                rpmsg_init_vdev
 .text.metal_machine_cache_flush
                0x081064b8       0x16 ./Middlewares/Third_Party/OpenAMP/sys.o
                0x081064b8                metal_machine_cache_flush
 .text.metal_machine_cache_invalidate
                0x081064ce       0x16 ./Middlewares/Third_Party/OpenAMP/sys.o
                0x081064ce                metal_machine_cache_invalidate
 .text.metal_machine_io_mem_map
                0x081064e4       0x1c ./Middlewares/Third_Party/OpenAMP/sys.o
                0x081064e4                metal_machine_io_mem_map
 .text.virtio_create_virtqueues
                0x08106500       0x98 ./Middlewares/Third_Party/OpenAMP/virtio.o
                0x08106500                virtio_create_virtqueues
 .text.vring_init
                0x08106598       0x52 ./Middlewares/Third_Party/OpenAMP/virtqueue.o
 .text.vring_need_event
                0x081065ea       0x3c ./Middlewares/Third_Party/OpenAMP/virtqueue.o
 .text.metal_io_virt
                0x08106626       0x36 ./Middlewares/Third_Party/OpenAMP/virtqueue.o
 .text.metal_io_phys
                0x0810665c       0x5c ./Middlewares/Third_Party/OpenAMP/virtqueue.o
 .text.metal_io_phys_to_offset
                0x081066b8       0x60 ./Middlewares/Third_Party/OpenAMP/virtqueue.o
 .text.metal_io_phys_to_virt
                0x08106718       0x26 ./Middlewares/Third_Party/OpenAMP/virtqueue.o
 .text.virtqueue_phys_to_virt
                0x0810673e       0x22 ./Middlewares/Third_Party/OpenAMP/virtqueue.o
 .text.virtqueue_create
                0x08106760       0x68 ./Middlewares/Third_Party/OpenAMP/virtqueue.o
                0x08106760                virtqueue_create
 .text.virtqueue_get_available_buffer
                0x081067c8       0x8c ./Middlewares/Third_Party/OpenAMP/virtqueue.o
                0x081067c8                virtqueue_get_available_buffer
 .text.virtqueue_add_consumed_buffer
                0x08106854       0x74 ./Middlewares/Third_Party/OpenAMP/virtqueue.o
                0x08106854                virtqueue_add_consumed_buffer
 .text.virtqueue_disable_cb
                0x081068c8       0x54 ./Middlewares/Third_Party/OpenAMP/virtqueue.o
                0x081068c8                virtqueue_disable_cb
 .text.virtqueue_kick
                0x0810691c       0x2c ./Middlewares/Third_Party/OpenAMP/virtqueue.o
                0x0810691c                virtqueue_kick
 .text.virtqueue_get_desc_size
                0x08106948       0x66 ./Middlewares/Third_Party/OpenAMP/virtqueue.o
                0x08106948                virtqueue_get_desc_size
 .text.vq_ring_init
                0x081069ae       0x66 ./Middlewares/Third_Party/OpenAMP/virtqueue.o
 .text.virtqueue_notification
                0x08106a14       0x24 ./Middlewares/Third_Party/OpenAMP/virtqueue.o
                0x08106a14                virtqueue_notification
 .text.vq_ring_must_notify_host
                0x08106a38       0x6c ./Middlewares/Third_Party/OpenAMP/virtqueue.o
 .text.vq_ring_notify_host
                0x08106aa4       0x20 ./Middlewares/Third_Party/OpenAMP/virtqueue.o
 .text.HAL_HSEM_FreeCallback
                0x08106ac4       0x20 ./OPENAMP/mbox_hsem.o
                0x08106ac4                HAL_HSEM_FreeCallback
 .text.MAILBOX_Init
                0x08106ae4       0x38 ./OPENAMP/mbox_hsem.o
                0x08106ae4                MAILBOX_Init
 .text.MAILBOX_Poll
                0x08106b1c       0x34 ./OPENAMP/mbox_hsem.o
                0x08106b1c                MAILBOX_Poll
 .text.MAILBOX_Notify
                0x08106b50       0x22 ./OPENAMP/mbox_hsem.o
                0x08106b50                MAILBOX_Notify
 .text.metal_device_io_region
                0x08106b72       0x36 ./OPENAMP/openamp.o
 .text.OPENAMP_shmem_init
                0x08106ba8      0x140 ./OPENAMP/openamp.o
 .text.MX_OPENAMP_Init
                0x08106ce8      0x12c ./OPENAMP/openamp.o
                0x08106ce8                MX_OPENAMP_Init
 .text.OPENAMP_create_endpoint
                0x08106e14       0x3c ./OPENAMP/openamp.o
                0x08106e14                OPENAMP_create_endpoint
 .text.OPENAMP_check_for_message
                0x08106e50       0x18 ./OPENAMP/openamp.o
                0x08106e50                OPENAMP_check_for_message
 .text.resource_table_init
                0x08106e68       0x38 ./OPENAMP/rsc_table.o
                0x08106e68                resource_table_init
 .text.__assert_func
                0x08106ea0       0x3c C:/Moje/Programy/ST/STM32CubeIDE/STM32CubeIDE/plugins/com.st.stm32cube.ide.mcu.externaltools.gnu-tools-for-stm32.12.3.rel1.win32_1.0.200.202406191623/tools/bin/../lib/gcc/arm-none-eabi/12.3.1/../../../../arm-none-eabi/lib/thumb/v7e-m+fp/hard\libc_nano.a(libc_a-assert.o)
                0x08106ea0                __assert_func
 .text.malloc   0x08106edc       0x10 C:/Moje/Programy/ST/STM32CubeIDE/STM32CubeIDE/plugins/com.st.stm32cube.ide.mcu.externaltools.gnu-tools-for-stm32.12.3.rel1.win32_1.0.200.202406191623/tools/bin/../lib/gcc/arm-none-eabi/12.3.1/../../../../arm-none-eabi/lib/thumb/v7e-m+fp/hard\libc_nano.a(libc_a-malloc.o)
                0x08106edc                malloc
 .text.free     0x08106eec       0x10 C:/Moje/Programy/ST/STM32CubeIDE/STM32CubeIDE/plugins/com.st.stm32cube.ide.mcu.externaltools.gnu-tools-for-stm32.12.3.rel1.win32_1.0.200.202406191623/tools/bin/../lib/gcc/arm-none-eabi/12.3.1/../../../../arm-none-eabi/lib/thumb/v7e-m+fp/hard\libc_nano.a(libc_a-malloc.o)
                0x08106eec                free
 .text.sbrk_aligned
                0x08106efc       0x44 C:/Moje/Programy/ST/STM32CubeIDE/STM32CubeIDE/plugins/com.st.stm32cube.ide.mcu.externaltools.gnu-tools-for-stm32.12.3.rel1.win32_1.0.200.202406191623/tools/bin/../lib/gcc/arm-none-eabi/12.3.1/../../../../arm-none-eabi/lib/thumb/v7e-m+fp/hard\libc_nano.a(libc_a-mallocr.o)
 .text._malloc_r
                0x08106f40      0x100 C:/Moje/Programy/ST/STM32CubeIDE/STM32CubeIDE/plugins/com.st.stm32cube.ide.mcu.externaltools.gnu-tools-for-stm32.12.3.rel1.win32_1.0.200.202406191623/tools/bin/../lib/gcc/arm-none-eabi/12.3.1/../../../../arm-none-eabi/lib/thumb/v7e-m+fp/hard\libc_nano.a(libc_a-mallocr.o)
                0x08106f40                _malloc_r
 .text.__malloc_lock
                0x08107040        0xc C:/Moje/Programy/ST/STM32CubeIDE/STM32CubeIDE/plugins/com.st.stm32cube.ide.mcu.externaltools.gnu-tools-for-stm32.12.3.rel1.win32_1.0.200.202406191623/tools/bin/../lib/gcc/arm-none-eabi/12.3.1/../../../../arm-none-eabi/lib/thumb/v7e-m+fp/hard\libc_nano.a(libc_a-mlock.o)
                0x08107040                __malloc_lock
 .text.__malloc_unlock
                0x0810704c        0xc C:/Moje/Programy/ST/STM32CubeIDE/STM32CubeIDE/plugins/com.st.stm32cube.ide.mcu.externaltools.gnu-tools-for-stm32.12.3.rel1.win32_1.0.200.202406191623/tools/bin/../lib/gcc/arm-none-eabi/12.3.1/../../../../arm-none-eabi/lib/thumb/v7e-m+fp/hard\libc_nano.a(libc_a-mlock.o)
                0x0810704c                __malloc_unlock
 .text.std      0x08107058       0x6c C:/Moje/Programy/ST/STM32CubeIDE/STM32CubeIDE/plugins/com.st.stm32cube.ide.mcu.externaltools.gnu-tools-for-stm32.12.3.rel1.win32_1.0.200.202406191623/tools/bin/../lib/gcc/arm-none-eabi/12.3.1/../../../../arm-none-eabi/lib/thumb/v7e-m+fp/hard\libc_nano.a(libc_a-findfp.o)
 .text.stdio_exit_handler
                0x081070c4       0x18 C:/Moje/Programy/ST/STM32CubeIDE/STM32CubeIDE/plugins/com.st.stm32cube.ide.mcu.externaltools.gnu-tools-for-stm32.12.3.rel1.win32_1.0.200.202406191623/tools/bin/../lib/gcc/arm-none-eabi/12.3.1/../../../../arm-none-eabi/lib/thumb/v7e-m+fp/hard\libc_nano.a(libc_a-findfp.o)
 .text.cleanup_stdio
                0x081070dc       0x40 C:/Moje/Programy/ST/STM32CubeIDE/STM32CubeIDE/plugins/com.st.stm32cube.ide.mcu.externaltools.gnu-tools-for-stm32.12.3.rel1.win32_1.0.200.202406191623/tools/bin/../lib/gcc/arm-none-eabi/12.3.1/../../../../arm-none-eabi/lib/thumb/v7e-m+fp/hard\libc_nano.a(libc_a-findfp.o)
 .text.global_stdio_init.part.0
                0x0810711c       0x3c C:/Moje/Programy/ST/STM32CubeIDE/STM32CubeIDE/plugins/com.st.stm32cube.ide.mcu.externaltools.gnu-tools-for-stm32.12.3.rel1.win32_1.0.200.202406191623/tools/bin/../lib/gcc/arm-none-eabi/12.3.1/../../../../arm-none-eabi/lib/thumb/v7e-m+fp/hard\libc_nano.a(libc_a-findfp.o)
 .text.__sfp_lock_acquire
                0x08107158        0xc C:/Moje/Programy/ST/STM32CubeIDE/STM32CubeIDE/plugins/com.st.stm32cube.ide.mcu.externaltools.gnu-tools-for-stm32.12.3.rel1.win32_1.0.200.202406191623/tools/bin/../lib/gcc/arm-none-eabi/12.3.1/../../../../arm-none-eabi/lib/thumb/v7e-m+fp/hard\libc_nano.a(libc_a-findfp.o)
                0x08107158                __sfp_lock_acquire
 .text.__sfp_lock_release
                0x08107164        0xc C:/Moje/Programy/ST/STM32CubeIDE/STM32CubeIDE/plugins/com.st.stm32cube.ide.mcu.externaltools.gnu-tools-for-stm32.12.3.rel1.win32_1.0.200.202406191623/tools/bin/../lib/gcc/arm-none-eabi/12.3.1/../../../../arm-none-eabi/lib/thumb/v7e-m+fp/hard\libc_nano.a(libc_a-findfp.o)
                0x08107164                __sfp_lock_release
 .text.__sinit  0x08107170       0x30 C:/Moje/Programy/ST/STM32CubeIDE/STM32CubeIDE/plugins/com.st.stm32cube.ide.mcu.externaltools.gnu-tools-for-stm32.12.3.rel1.win32_1.0.200.202406191623/tools/bin/../lib/gcc/arm-none-eabi/12.3.1/../../../../arm-none-eabi/lib/thumb/v7e-m+fp/hard\libc_nano.a(libc_a-findfp.o)
                0x08107170                __sinit
 .text.fprintf  0x081071a0       0x24 C:/Moje/Programy/ST/STM32CubeIDE/STM32CubeIDE/plugins/com.st.stm32cube.ide.mcu.externaltools.gnu-tools-for-stm32.12.3.rel1.win32_1.0.200.202406191623/tools/bin/../lib/gcc/arm-none-eabi/12.3.1/../../../../arm-none-eabi/lib/thumb/v7e-m+fp/hard\libc_nano.a(libc_a-fprintf.o)
                0x081071a0                fiprintf
                0x081071a0                fprintf
 .text._fwalk_sglue
                0x081071c4       0x3c C:/Moje/Programy/ST/STM32CubeIDE/STM32CubeIDE/plugins/com.st.stm32cube.ide.mcu.externaltools.gnu-tools-for-stm32.12.3.rel1.win32_1.0.200.202406191623/tools/bin/../lib/gcc/arm-none-eabi/12.3.1/../../../../arm-none-eabi/lib/thumb/v7e-m+fp/hard\libc_nano.a(libc_a-fwalk.o)
                0x081071c4                _fwalk_sglue
 .text.sprintf  0x08107200       0x40 C:/Moje/Programy/ST/STM32CubeIDE/STM32CubeIDE/plugins/com.st.stm32cube.ide.mcu.externaltools.gnu-tools-for-stm32.12.3.rel1.win32_1.0.200.202406191623/tools/bin/../lib/gcc/arm-none-eabi/12.3.1/../../../../arm-none-eabi/lib/thumb/v7e-m+fp/hard\libc_nano.a(libc_a-sprintf.o)
                0x08107200                siprintf
                0x08107200                sprintf
 .text.__sread  0x08107240       0x22 C:/Moje/Programy/ST/STM32CubeIDE/STM32CubeIDE/plugins/com.st.stm32cube.ide.mcu.externaltools.gnu-tools-for-stm32.12.3.rel1.win32_1.0.200.202406191623/tools/bin/../lib/gcc/arm-none-eabi/12.3.1/../../../../arm-none-eabi/lib/thumb/v7e-m+fp/hard\libc_nano.a(libc_a-stdio.o)
                0x08107240                __sread
 .text.__swrite
                0x08107262       0x38 C:/Moje/Programy/ST/STM32CubeIDE/STM32CubeIDE/plugins/com.st.stm32cube.ide.mcu.externaltools.gnu-tools-for-stm32.12.3.rel1.win32_1.0.200.202406191623/tools/bin/../lib/gcc/arm-none-eabi/12.3.1/../../../../arm-none-eabi/lib/thumb/v7e-m+fp/hard\libc_nano.a(libc_a-stdio.o)
                0x08107262                __swrite
 .text.__sseek  0x0810729a       0x24 C:/Moje/Programy/ST/STM32CubeIDE/STM32CubeIDE/plugins/com.st.stm32cube.ide.mcu.externaltools.gnu-tools-for-stm32.12.3.rel1.win32_1.0.200.202406191623/tools/bin/../lib/gcc/arm-none-eabi/12.3.1/../../../../arm-none-eabi/lib/thumb/v7e-m+fp/hard\libc_nano.a(libc_a-stdio.o)
                0x0810729a                __sseek
 .text.__sclose
                0x081072be        0x8 C:/Moje/Programy/ST/STM32CubeIDE/STM32CubeIDE/plugins/com.st.stm32cube.ide.mcu.externaltools.gnu-tools-for-stm32.12.3.rel1.win32_1.0.200.202406191623/tools/bin/../lib/gcc/arm-none-eabi/12.3.1/../../../../arm-none-eabi/lib/thumb/v7e-m+fp/hard\libc_nano.a(libc_a-stdio.o)
                0x081072be                __sclose
 .text.memset   0x081072c6       0x10 C:/Moje/Programy/ST/STM32CubeIDE/STM32CubeIDE/plugins/com.st.stm32cube.ide.mcu.externaltools.gnu-tools-for-stm32.12.3.rel1.win32_1.0.200.202406191623/tools/bin/../lib/gcc/arm-none-eabi/12.3.1/../../../../arm-none-eabi/lib/thumb/v7e-m+fp/hard\libc_nano.a(libc_a-memset.o)
                0x081072c6                memset
 .text.strncmp  0x081072d6       0x24 C:/Moje/Programy/ST/STM32CubeIDE/STM32CubeIDE/plugins/com.st.stm32cube.ide.mcu.externaltools.gnu-tools-for-stm32.12.3.rel1.win32_1.0.200.202406191623/tools/bin/../lib/gcc/arm-none-eabi/12.3.1/../../../../arm-none-eabi/lib/thumb/v7e-m+fp/hard\libc_nano.a(libc_a-strncmp.o)
                0x081072d6                strncmp
 .text.strncpy  0x081072fa       0x26 C:/Moje/Programy/ST/STM32CubeIDE/STM32CubeIDE/plugins/com.st.stm32cube.ide.mcu.externaltools.gnu-tools-for-stm32.12.3.rel1.win32_1.0.200.202406191623/tools/bin/../lib/gcc/arm-none-eabi/12.3.1/../../../../arm-none-eabi/lib/thumb/v7e-m+fp/hard\libc_nano.a(libc_a-strncpy.o)
                0x081072fa                strncpy
 .text._close_r
                0x08107320       0x20 C:/Moje/Programy/ST/STM32CubeIDE/STM32CubeIDE/plugins/com.st.stm32cube.ide.mcu.externaltools.gnu-tools-for-stm32.12.3.rel1.win32_1.0.200.202406191623/tools/bin/../lib/gcc/arm-none-eabi/12.3.1/../../../../arm-none-eabi/lib/thumb/v7e-m+fp/hard\libc_nano.a(libc_a-closer.o)
                0x08107320                _close_r
 .text._lseek_r
                0x08107340       0x24 C:/Moje/Programy/ST/STM32CubeIDE/STM32CubeIDE/plugins/com.st.stm32cube.ide.mcu.externaltools.gnu-tools-for-stm32.12.3.rel1.win32_1.0.200.202406191623/tools/bin/../lib/gcc/arm-none-eabi/12.3.1/../../../../arm-none-eabi/lib/thumb/v7e-m+fp/hard\libc_nano.a(libc_a-lseekr.o)
                0x08107340                _lseek_r
 .text._read_r  0x08107364       0x24 C:/Moje/Programy/ST/STM32CubeIDE/STM32CubeIDE/plugins/com.st.stm32cube.ide.mcu.externaltools.gnu-tools-for-stm32.12.3.rel1.win32_1.0.200.202406191623/tools/bin/../lib/gcc/arm-none-eabi/12.3.1/../../../../arm-none-eabi/lib/thumb/v7e-m+fp/hard\libc_nano.a(libc_a-readr.o)
                0x08107364                _read_r
 .text._sbrk_r  0x08107388       0x20 C:/Moje/Programy/ST/STM32CubeIDE/STM32CubeIDE/plugins/com.st.stm32cube.ide.mcu.externaltools.gnu-tools-for-stm32.12.3.rel1.win32_1.0.200.202406191623/tools/bin/../lib/gcc/arm-none-eabi/12.3.1/../../../../arm-none-eabi/lib/thumb/v7e-m+fp/hard\libc_nano.a(libc_a-sbrkr.o)
                0x08107388                _sbrk_r
 .text._write_r
                0x081073a8       0x24 C:/Moje/Programy/ST/STM32CubeIDE/STM32CubeIDE/plugins/com.st.stm32cube.ide.mcu.externaltools.gnu-tools-for-stm32.12.3.rel1.win32_1.0.200.202406191623/tools/bin/../lib/gcc/arm-none-eabi/12.3.1/../../../../arm-none-eabi/lib/thumb/v7e-m+fp/hard\libc_nano.a(libc_a-writer.o)
                0x081073a8                _write_r
 .text.__errno  0x081073cc        0xc C:/Moje/Programy/ST/STM32CubeIDE/STM32CubeIDE/plugins/com.st.stm32cube.ide.mcu.externaltools.gnu-tools-for-stm32.12.3.rel1.win32_1.0.200.202406191623/tools/bin/../lib/gcc/arm-none-eabi/12.3.1/../../../../arm-none-eabi/lib/thumb/v7e-m+fp/hard\libc_nano.a(libc_a-errno.o)
                0x081073cc                __errno
 .text.__libc_init_array
                0x081073d8       0x48 C:/Moje/Programy/ST/STM32CubeIDE/STM32CubeIDE/plugins/com.st.stm32cube.ide.mcu.externaltools.gnu-tools-for-stm32.12.3.rel1.win32_1.0.200.202406191623/tools/bin/../lib/gcc/arm-none-eabi/12.3.1/../../../../arm-none-eabi/lib/thumb/v7e-m+fp/hard\libc_nano.a(libc_a-init.o)
                0x081073d8                __libc_init_array
 .text.__retarget_lock_init_recursive
                0x08107420        0x2 C:/Moje/Programy/ST/STM32CubeIDE/STM32CubeIDE/plugins/com.st.stm32cube.ide.mcu.externaltools.gnu-tools-for-stm32.12.3.rel1.win32_1.0.200.202406191623/tools/bin/../lib/gcc/arm-none-eabi/12.3.1/../../../../arm-none-eabi/lib/thumb/v7e-m+fp/hard\libc_nano.a(libc_a-lock.o)
                0x08107420                __retarget_lock_init_recursive
 .text.__retarget_lock_acquire_recursive
                0x08107422        0x2 C:/Moje/Programy/ST/STM32CubeIDE/STM32CubeIDE/plugins/com.st.stm32cube.ide.mcu.externaltools.gnu-tools-for-stm32.12.3.rel1.win32_1.0.200.202406191623/tools/bin/../lib/gcc/arm-none-eabi/12.3.1/../../../../arm-none-eabi/lib/thumb/v7e-m+fp/hard\libc_nano.a(libc_a-lock.o)
                0x08107422                __retarget_lock_acquire_recursive
 .text.__retarget_lock_release_recursive
                0x08107424        0x2 C:/Moje/Programy/ST/STM32CubeIDE/STM32CubeIDE/plugins/com.st.stm32cube.ide.mcu.externaltools.gnu-tools-for-stm32.12.3.rel1.win32_1.0.200.202406191623/tools/bin/../lib/gcc/arm-none-eabi/12.3.1/../../../../arm-none-eabi/lib/thumb/v7e-m+fp/hard\libc_nano.a(libc_a-lock.o)
                0x08107424                __retarget_lock_release_recursive
 .text.memcpy   0x08107426       0x1c C:/Moje/Programy/ST/STM32CubeIDE/STM32CubeIDE/plugins/com.st.stm32cube.ide.mcu.externaltools.gnu-tools-for-stm32.12.3.rel1.win32_1.0.200.202406191623/tools/bin/../lib/gcc/arm-none-eabi/12.3.1/../../../../arm-none-eabi/lib/thumb/v7e-m+fp/hard\libc_nano.a(libc_a-memcpy-stub.o)
                0x08107426                memcpy
 .text.abort    0x08107442        0xe C:/Moje/Programy/ST/STM32CubeIDE/STM32CubeIDE/plugins/com.st.stm32cube.ide.mcu.externaltools.gnu-tools-for-stm32.12.3.rel1.win32_1.0.200.202406191623/tools/bin/../lib/gcc/arm-none-eabi/12.3.1/../../../../arm-none-eabi/lib/thumb/v7e-m+fp/hard\libc_nano.a(libc_a-abort.o)
                0x08107442                abort
 .text._free_r  0x08107450       0x94 C:/Moje/Programy/ST/STM32CubeIDE/STM32CubeIDE/plugins/com.st.stm32cube.ide.mcu.externaltools.gnu-tools-for-stm32.12.3.rel1.win32_1.0.200.202406191623/tools/bin/../lib/gcc/arm-none-eabi/12.3.1/../../../../arm-none-eabi/lib/thumb/v7e-m+fp/hard\libc_nano.a(libc_a-freer.o)
                0x08107450                _free_r
 .text.__ssputs_r
                0x081074e4       0xb6 C:/Moje/Programy/ST/STM32CubeIDE/STM32CubeIDE/plugins/com.st.stm32cube.ide.mcu.externaltools.gnu-tools-for-stm32.12.3.rel1.win32_1.0.200.202406191623/tools/bin/../lib/gcc/arm-none-eabi/12.3.1/../../../../arm-none-eabi/lib/thumb/v7e-m+fp/hard\libc_nano.a(libc_a-nano-svfprintf.o)
                0x081074e4                __ssputs_r
 *fill*         0x0810759a        0x2 
 .text._svfprintf_r
                0x0810759c      0x1f8 C:/Moje/Programy/ST/STM32CubeIDE/STM32CubeIDE/plugins/com.st.stm32cube.ide.mcu.externaltools.gnu-tools-for-stm32.12.3.rel1.win32_1.0.200.202406191623/tools/bin/../lib/gcc/arm-none-eabi/12.3.1/../../../../arm-none-eabi/lib/thumb/v7e-m+fp/hard\libc_nano.a(libc_a-nano-svfprintf.o)
                0x0810759c                _svfiprintf_r
                0x0810759c                _svfprintf_r
 .text.__sfputc_r
                0x08107794       0x2e C:/Moje/Programy/ST/STM32CubeIDE/STM32CubeIDE/plugins/com.st.stm32cube.ide.mcu.externaltools.gnu-tools-for-stm32.12.3.rel1.win32_1.0.200.202406191623/tools/bin/../lib/gcc/arm-none-eabi/12.3.1/../../../../arm-none-eabi/lib/thumb/v7e-m+fp/hard\libc_nano.a(libc_a-nano-vfprintf.o)
 .text.__sfputs_r
                0x081077c2       0x24 C:/Moje/Programy/ST/STM32CubeIDE/STM32CubeIDE/plugins/com.st.stm32cube.ide.mcu.externaltools.gnu-tools-for-stm32.12.3.rel1.win32_1.0.200.202406191623/tools/bin/../lib/gcc/arm-none-eabi/12.3.1/../../../../arm-none-eabi/lib/thumb/v7e-m+fp/hard\libc_nano.a(libc_a-nano-vfprintf.o)
                0x081077c2                __sfputs_r
 *fill*         0x081077e6        0x2 
 .text._vfprintf_r
                0x081077e8      0x230 C:/Moje/Programy/ST/STM32CubeIDE/STM32CubeIDE/plugins/com.st.stm32cube.ide.mcu.externaltools.gnu-tools-for-stm32.12.3.rel1.win32_1.0.200.202406191623/tools/bin/../lib/gcc/arm-none-eabi/12.3.1/../../../../arm-none-eabi/lib/thumb/v7e-m+fp/hard\libc_nano.a(libc_a-nano-vfprintf.o)
                0x081077e8                _vfprintf_r
                0x081077e8                _vfiprintf_r
 .text._printf_common
                0x08107a18       0xda C:/Moje/Programy/ST/STM32CubeIDE/STM32CubeIDE/plugins/com.st.stm32cube.ide.mcu.externaltools.gnu-tools-for-stm32.12.3.rel1.win32_1.0.200.202406191623/tools/bin/../lib/gcc/arm-none-eabi/12.3.1/../../../../arm-none-eabi/lib/thumb/v7e-m+fp/hard\libc_nano.a(libc_a-nano-vfprintf_i.o)
                0x08107a18                _printf_common
 *fill*         0x08107af2        0x2 
 .text._printf_i
                0x08107af4      0x240 C:/Moje/Programy/ST/STM32CubeIDE/STM32CubeIDE/plugins/com.st.stm32cube.ide.mcu.externaltools.gnu-tools-for-stm32.12.3.rel1.win32_1.0.200.202406191623/tools/bin/../lib/gcc/arm-none-eabi/12.3.1/../../../../arm-none-eabi/lib/thumb/v7e-m+fp/hard\libc_nano.a(libc_a-nano-vfprintf_i.o)
                0x08107af4                _printf_i
 .text.__sflush_r
                0x08107d34      0x108 C:/Moje/Programy/ST/STM32CubeIDE/STM32CubeIDE/plugins/com.st.stm32cube.ide.mcu.externaltools.gnu-tools-for-stm32.12.3.rel1.win32_1.0.200.202406191623/tools/bin/../lib/gcc/arm-none-eabi/12.3.1/../../../../arm-none-eabi/lib/thumb/v7e-m+fp/hard\libc_nano.a(libc_a-fflush.o)
                0x08107d34                __sflush_r
 .text._fflush_r
                0x08107e3c       0x50 C:/Moje/Programy/ST/STM32CubeIDE/STM32CubeIDE/plugins/com.st.stm32cube.ide.mcu.externaltools.gnu-tools-for-stm32.12.3.rel1.win32_1.0.200.202406191623/tools/bin/../lib/gcc/arm-none-eabi/12.3.1/../../../../arm-none-eabi/lib/thumb/v7e-m+fp/hard\libc_nano.a(libc_a-fflush.o)
                0x08107e3c                _fflush_r
 .text.__swbuf_r
                0x08107e8c       0x7c C:/Moje/Programy/ST/STM32CubeIDE/STM32CubeIDE/plugins/com.st.stm32cube.ide.mcu.externaltools.gnu-tools-for-stm32.12.3.rel1.win32_1.0.200.202406191623/tools/bin/../lib/gcc/arm-none-eabi/12.3.1/../../../../arm-none-eabi/lib/thumb/v7e-m+fp/hard\libc_nano.a(libc_a-wbuf.o)
                0x08107e8c                __swbuf_r
 .text.__swsetup_r
                0x08107f08       0xac C:/Moje/Programy/ST/STM32CubeIDE/STM32CubeIDE/plugins/com.st.stm32cube.ide.mcu.externaltools.gnu-tools-for-stm32.12.3.rel1.win32_1.0.200.202406191623/tools/bin/../lib/gcc/arm-none-eabi/12.3.1/../../../../arm-none-eabi/lib/thumb/v7e-m+fp/hard\libc_nano.a(libc_a-wsetup.o)
                0x08107f08                __swsetup_r
 .text.memmove  0x08107fb4       0x34 C:/Moje/Programy/ST/STM32CubeIDE/STM32CubeIDE/plugins/com.st.stm32cube.ide.mcu.externaltools.gnu-tools-for-stm32.12.3.rel1.win32_1.0.200.202406191623/tools/bin/../lib/gcc/arm-none-eabi/12.3.1/../../../../arm-none-eabi/lib/thumb/v7e-m+fp/hard\libc_nano.a(libc_a-memmove.o)
                0x08107fb4                memmove
 .text._raise_r
                0x08107fe8       0x50 C:/Moje/Programy/ST/STM32CubeIDE/STM32CubeIDE/plugins/com.st.stm32cube.ide.mcu.externaltools.gnu-tools-for-stm32.12.3.rel1.win32_1.0.200.202406191623/tools/bin/../lib/gcc/arm-none-eabi/12.3.1/../../../../arm-none-eabi/lib/thumb/v7e-m+fp/hard\libc_nano.a(libc_a-signal.o)
                0x08107fe8                _raise_r
 .text.raise    0x08108038       0x10 C:/Moje/Programy/ST/STM32CubeIDE/STM32CubeIDE/plugins/com.st.stm32cube.ide.mcu.externaltools.gnu-tools-for-stm32.12.3.rel1.win32_1.0.200.202406191623/tools/bin/../lib/gcc/arm-none-eabi/12.3.1/../../../../arm-none-eabi/lib/thumb/v7e-m+fp/hard\libc_nano.a(libc_a-signal.o)
                0x08108038                raise
 .text._kill_r  0x08108048       0x24 C:/Moje/Programy/ST/STM32CubeIDE/STM32CubeIDE/plugins/com.st.stm32cube.ide.mcu.externaltools.gnu-tools-for-stm32.12.3.rel1.win32_1.0.200.202406191623/tools/bin/../lib/gcc/arm-none-eabi/12.3.1/../../../../arm-none-eabi/lib/thumb/v7e-m+fp/hard\libc_nano.a(libc_a-signalr.o)
                0x08108048                _kill_r
 .text._getpid_r
                0x0810806c        0x4 C:/Moje/Programy/ST/STM32CubeIDE/STM32CubeIDE/plugins/com.st.stm32cube.ide.mcu.externaltools.gnu-tools-for-stm32.12.3.rel1.win32_1.0.200.202406191623/tools/bin/../lib/gcc/arm-none-eabi/12.3.1/../../../../arm-none-eabi/lib/thumb/v7e-m+fp/hard\libc_nano.a(libc_a-signalr.o)
                0x0810806c                _getpid_r
 .text._realloc_r
                0x08108070       0x5c C:/Moje/Programy/ST/STM32CubeIDE/STM32CubeIDE/plugins/com.st.stm32cube.ide.mcu.externaltools.gnu-tools-for-stm32.12.3.rel1.win32_1.0.200.202406191623/tools/bin/../lib/gcc/arm-none-eabi/12.3.1/../../../../arm-none-eabi/lib/thumb/v7e-m+fp/hard\libc_nano.a(libc_a-reallocr.o)
                0x08108070                _realloc_r
 .text.__swhatbuf_r
                0x081080cc       0x4c C:/Moje/Programy/ST/STM32CubeIDE/STM32CubeIDE/plugins/com.st.stm32cube.ide.mcu.externaltools.gnu-tools-for-stm32.12.3.rel1.win32_1.0.200.202406191623/tools/bin/../lib/gcc/arm-none-eabi/12.3.1/../../../../arm-none-eabi/lib/thumb/v7e-m+fp/hard\libc_nano.a(libc_a-makebuf.o)
                0x081080cc                __swhatbuf_r
 .text.__smakebuf_r
                0x08108118       0x78 C:/Moje/Programy/ST/STM32CubeIDE/STM32CubeIDE/plugins/com.st.stm32cube.ide.mcu.externaltools.gnu-tools-for-stm32.12.3.rel1.win32_1.0.200.202406191623/tools/bin/../lib/gcc/arm-none-eabi/12.3.1/../../../../arm-none-eabi/lib/thumb/v7e-m+fp/hard\libc_nano.a(libc_a-makebuf.o)
                0x08108118                __smakebuf_r
 .text._fstat_r
                0x08108190       0x24 C:/Moje/Programy/ST/STM32CubeIDE/STM32CubeIDE/plugins/com.st.stm32cube.ide.mcu.externaltools.gnu-tools-for-stm32.12.3.rel1.win32_1.0.200.202406191623/tools/bin/../lib/gcc/arm-none-eabi/12.3.1/../../../../arm-none-eabi/lib/thumb/v7e-m+fp/hard\libc_nano.a(libc_a-fstatr.o)
                0x08108190                _fstat_r
 .text._isatty_r
                0x081081b4       0x20 C:/Moje/Programy/ST/STM32CubeIDE/STM32CubeIDE/plugins/com.st.stm32cube.ide.mcu.externaltools.gnu-tools-for-stm32.12.3.rel1.win32_1.0.200.202406191623/tools/bin/../lib/gcc/arm-none-eabi/12.3.1/../../../../arm-none-eabi/lib/thumb/v7e-m+fp/hard\libc_nano.a(libc_a-isattyr.o)
                0x081081b4                _isatty_r
 .text._malloc_usable_size_r
                0x081081d4       0x10 C:/Moje/Programy/ST/STM32CubeIDE/STM32CubeIDE/plugins/com.st.stm32cube.ide.mcu.externaltools.gnu-tools-for-stm32.12.3.rel1.win32_1.0.200.202406191623/tools/bin/../lib/gcc/arm-none-eabi/12.3.1/../../../../arm-none-eabi/lib/thumb/v7e-m+fp/hard\libc_nano.a(libc_a-msizer.o)
                0x081081d4                _malloc_usable_size_r
 *(.glue_7)
 .glue_7        0x081081e4        0x0 linker stubs
 *(.glue_7t)
 .glue_7t       0x081081e4        0x0 linker stubs
 *(.eh_frame)
 .eh_frame      0x081081e4        0x0 C:/Moje/Programy/ST/STM32CubeIDE/STM32CubeIDE/plugins/com.st.stm32cube.ide.mcu.externaltools.gnu-tools-for-stm32.12.3.rel1.win32_1.0.200.202406191623/tools/bin/../lib/gcc/arm-none-eabi/12.3.1/thumb/v7e-m+fp/hard/crtbegin.o
 *(.init)
 .init          0x081081e4        0x4 C:/Moje/Programy/ST/STM32CubeIDE/STM32CubeIDE/plugins/com.st.stm32cube.ide.mcu.externaltools.gnu-tools-for-stm32.12.3.rel1.win32_1.0.200.202406191623/tools/bin/../lib/gcc/arm-none-eabi/12.3.1/thumb/v7e-m+fp/hard/crti.o
                0x081081e4                _init
 .init          0x081081e8        0x8 C:/Moje/Programy/ST/STM32CubeIDE/STM32CubeIDE/plugins/com.st.stm32cube.ide.mcu.externaltools.gnu-tools-for-stm32.12.3.rel1.win32_1.0.200.202406191623/tools/bin/../lib/gcc/arm-none-eabi/12.3.1/thumb/v7e-m+fp/hard/crtn.o
 *(.fini)
 .fini          0x081081f0        0x4 C:/Moje/Programy/ST/STM32CubeIDE/STM32CubeIDE/plugins/com.st.stm32cube.ide.mcu.externaltools.gnu-tools-for-stm32.12.3.rel1.win32_1.0.200.202406191623/tools/bin/../lib/gcc/arm-none-eabi/12.3.1/thumb/v7e-m+fp/hard/crti.o
                0x081081f0                _fini
 .fini          0x081081f4        0x8 C:/Moje/Programy/ST/STM32CubeIDE/STM32CubeIDE/plugins/com.st.stm32cube.ide.mcu.externaltools.gnu-tools-for-stm32.12.3.rel1.win32_1.0.200.202406191623/tools/bin/../lib/gcc/arm-none-eabi/12.3.1/thumb/v7e-m+fp/hard/crtn.o
                0x081081fc                        . = ALIGN (0x4)
                0x081081fc                        _etext = .

.vfp11_veneer   0x081081fc        0x0
 .vfp11_veneer  0x081081fc        0x0 linker stubs

.v4_bx          0x081081fc        0x0
 .v4_bx         0x081081fc        0x0 linker stubs

.iplt           0x081081fc        0x0
 .iplt          0x081081fc        0x0 C:/Moje/Programy/ST/STM32CubeIDE/STM32CubeIDE/plugins/com.st.stm32cube.ide.mcu.externaltools.gnu-tools-for-stm32.12.3.rel1.win32_1.0.200.202406191623/tools/bin/../lib/gcc/arm-none-eabi/12.3.1/thumb/v7e-m+fp/hard/crtbegin.o

.rodata         0x081081fc      0x314
                0x081081fc                        . = ALIGN (0x4)
 *(.rodata)
 .rodata        0x081081fc       0x15 ./Core/Src/main.o
 *fill*         0x08108211        0x3 
 .rodata        0x08108214       0xcc ./Middlewares/Third_Party/OpenAMP/device.o
 .rodata        0x081082e0       0xfd ./Middlewares/Third_Party/OpenAMP/remoteproc_virtio.o
 *fill*         0x081083dd        0x3 
 .rodata        0x081083e0       0x13 ./Middlewares/Third_Party/OpenAMP/rpmsg_virtio.o
 *fill*         0x081083f3        0x1 
 .rodata        0x081083f4       0x1d ./OPENAMP/openamp.o
 *(.rodata*)
 *fill*         0x08108411        0x3 
 .rodata.D1CorePrescTable
                0x08108414       0x10 ./Common/Src/system_stm32h7xx_dualcore_boot_cm4_cm7.o
                0x08108414                D1CorePrescTable
 .rodata.UARTPrescTable
                0x08108424       0x18 ./Drivers/STM32H7xx_HAL_Driver/stm32h7xx_hal_uart.o
                0x08108424                UARTPrescTable
 .rodata.numerator.1
                0x0810843c        0x8 ./Drivers/STM32H7xx_HAL_Driver/stm32h7xx_hal_uart_ex.o
 .rodata.denominator.0
                0x08108444        0x8 ./Drivers/STM32H7xx_HAL_Driver/stm32h7xx_hal_uart_ex.o
 .rodata.remoteproc_virtio_dispatch_funcs
                0x0810844c       0x24 ./Middlewares/Third_Party/OpenAMP/remoteproc_virtio.o
                0x0810844c                remoteproc_virtio_dispatch_funcs
 .rodata.__func__.1
                0x08108470       0x1e ./Middlewares/Third_Party/OpenAMP/remoteproc_virtio.o
 *fill*         0x0810848e        0x2 
 .rodata.__func__.0
                0x08108490        0xe ./Middlewares/Third_Party/OpenAMP/remoteproc_virtio.o
 .rodata.__assert_func.str1.1
                0x0810849e       0x3c C:/Moje/Programy/ST/STM32CubeIDE/STM32CubeIDE/plugins/com.st.stm32cube.ide.mcu.externaltools.gnu-tools-for-stm32.12.3.rel1.win32_1.0.200.202406191623/tools/bin/../lib/gcc/arm-none-eabi/12.3.1/../../../../arm-none-eabi/lib/thumb/v7e-m+fp/hard\libc_nano.a(libc_a-assert.o)
                                 0x3d (size before relaxing)
 .rodata._svfprintf_r.str1.1
                0x081084da       0x11 C:/Moje/Programy/ST/STM32CubeIDE/STM32CubeIDE/plugins/com.st.stm32cube.ide.mcu.externaltools.gnu-tools-for-stm32.12.3.rel1.win32_1.0.200.202406191623/tools/bin/../lib/gcc/arm-none-eabi/12.3.1/../../../../arm-none-eabi/lib/thumb/v7e-m+fp/hard\libc_nano.a(libc_a-nano-svfprintf.o)
 .rodata._vfprintf_r.str1.1
                0x081084eb       0x11 C:/Moje/Programy/ST/STM32CubeIDE/STM32CubeIDE/plugins/com.st.stm32cube.ide.mcu.externaltools.gnu-tools-for-stm32.12.3.rel1.win32_1.0.200.202406191623/tools/bin/../lib/gcc/arm-none-eabi/12.3.1/../../../../arm-none-eabi/lib/thumb/v7e-m+fp/hard\libc_nano.a(libc_a-nano-vfprintf.o)
 .rodata._printf_i.str1.1
                0x081084eb       0x22 C:/Moje/Programy/ST/STM32CubeIDE/STM32CubeIDE/plugins/com.st.stm32cube.ide.mcu.externaltools.gnu-tools-for-stm32.12.3.rel1.win32_1.0.200.202406191623/tools/bin/../lib/gcc/arm-none-eabi/12.3.1/../../../../arm-none-eabi/lib/thumb/v7e-m+fp/hard\libc_nano.a(libc_a-nano-vfprintf_i.o)
                0x08108510                        . = ALIGN (0x4)
 *fill*         0x0810850d        0x3 

.ARM.extab
 *(.ARM.extab* .gnu.linkonce.armextab.*)

.ARM            0x08108510        0x8
                0x08108510                        __exidx_start = .
 *(.ARM.exidx*)
 .ARM.exidx     0x08108510        0x8 C:/Moje/Programy/ST/STM32CubeIDE/STM32CubeIDE/plugins/com.st.stm32cube.ide.mcu.externaltools.gnu-tools-for-stm32.12.3.rel1.win32_1.0.200.202406191623/tools/bin/../lib/gcc/arm-none-eabi/12.3.1/../../../../arm-none-eabi/lib/thumb/v7e-m+fp/hard\libc_nano.a(libc_a-strcmp.o)
 .ARM.exidx     0x08108518        0x0 C:/Moje/Programy/ST/STM32CubeIDE/STM32CubeIDE/plugins/com.st.stm32cube.ide.mcu.externaltools.gnu-tools-for-stm32.12.3.rel1.win32_1.0.200.202406191623/tools/bin/../lib/gcc/arm-none-eabi/12.3.1/../../../../arm-none-eabi/lib/thumb/v7e-m+fp/hard\libc_nano.a(libc_a-strlen.o)
                                  0x8 (size before relaxing)
 .ARM.exidx     0x08108518        0x0 C:/Moje/Programy/ST/STM32CubeIDE/STM32CubeIDE/plugins/com.st.stm32cube.ide.mcu.externaltools.gnu-tools-for-stm32.12.3.rel1.win32_1.0.200.202406191623/tools/bin/../lib/gcc/arm-none-eabi/12.3.1/../../../../arm-none-eabi/lib/thumb/v7e-m+fp/hard\libc_nano.a(libc_a-memchr.o)
                                  0x8 (size before relaxing)
 .ARM.exidx     0x08108518        0x0 C:/Moje/Programy/ST/STM32CubeIDE/STM32CubeIDE/plugins/com.st.stm32cube.ide.mcu.externaltools.gnu-tools-for-stm32.12.3.rel1.win32_1.0.200.202406191623/tools/bin/../lib/gcc/arm-none-eabi/12.3.1/thumb/v7e-m+fp/hard\libgcc.a(_udivmoddi4.o)
                                  0x8 (size before relaxing)
                0x08108518                        __exidx_end = .

.preinit_array  0x08108518        0x0
                0x08108518                        PROVIDE (__preinit_array_start = .)
 *(.preinit_array*)
                0x08108518                        PROVIDE (__preinit_array_end = .)

.init_array     0x08108518        0x4
                0x08108518                        PROVIDE (__init_array_start = .)
 *(SORT_BY_NAME(.init_array.*))
 *(.init_array*)
 .init_array    0x08108518        0x4 C:/Moje/Programy/ST/STM32CubeIDE/STM32CubeIDE/plugins/com.st.stm32cube.ide.mcu.externaltools.gnu-tools-for-stm32.12.3.rel1.win32_1.0.200.202406191623/tools/bin/../lib/gcc/arm-none-eabi/12.3.1/thumb/v7e-m+fp/hard/crtbegin.o
                0x0810851c                        PROVIDE (__init_array_end = .)

.fini_array     0x0810851c        0x4
                [!provide]                        PROVIDE (__fini_array_start = .)
 *(SORT_BY_NAME(.fini_array.*))
 *(.fini_array*)
 .fini_array    0x0810851c        0x4 C:/Moje/Programy/ST/STM32CubeIDE/STM32CubeIDE/plugins/com.st.stm32cube.ide.mcu.externaltools.gnu-tools-for-stm32.12.3.rel1.win32_1.0.200.202406191623/tools/bin/../lib/gcc/arm-none-eabi/12.3.1/thumb/v7e-m+fp/hard/crtbegin.o
                [!provide]                        PROVIDE (__fini_array_end = .)
                0x08108520                        _sidata = LOADADDR (.data)

.rel.dyn        0x08108520        0x0
 .rel.iplt      0x08108520        0x0 C:/Moje/Programy/ST/STM32CubeIDE/STM32CubeIDE/plugins/com.st.stm32cube.ide.mcu.externaltools.gnu-tools-for-stm32.12.3.rel1.win32_1.0.200.202406191623/tools/bin/../lib/gcc/arm-none-eabi/12.3.1/thumb/v7e-m+fp/hard/crtbegin.o

.data           0x10000000      0x114 load address 0x08108520
                0x10000000                        . = ALIGN (0x4)
                0x10000000                        _sdata = .
 *(.data)
 *(.data*)
 .data.SystemCoreClock
                0x10000000        0x4 ./Common/Src/system_stm32h7xx_dualcore_boot_cm4_cm7.o
                0x10000000                SystemCoreClock
 .data.SystemD2Clock
                0x10000004        0x4 ./Common/Src/system_stm32h7xx_dualcore_boot_cm4_cm7.o
                0x10000004                SystemD2Clock
 .data.uwTickPrio
                0x10000008        0x4 ./Drivers/STM32H7xx_HAL_Driver/stm32h7xx_hal.o
                0x10000008                uwTickPrio
 .data.uwTickFreq
                0x1000000c        0x1 ./Drivers/STM32H7xx_HAL_Driver/stm32h7xx_hal.o
                0x1000000c                uwTickFreq
 *fill*         0x1000000d        0x3 
 .data.metal_generic_bus
                0x10000010       0x2c ./Middlewares/Third_Party/OpenAMP/device.o
                0x10000010                metal_generic_bus
 .data.shm_device
                0x1000003c       0x7c ./OPENAMP/openamp.o
                0x1000003c                shm_device
 .data.__sglue  0x100000b8        0xc C:/Moje/Programy/ST/STM32CubeIDE/STM32CubeIDE/plugins/com.st.stm32cube.ide.mcu.externaltools.gnu-tools-for-stm32.12.3.rel1.win32_1.0.200.202406191623/tools/bin/../lib/gcc/arm-none-eabi/12.3.1/../../../../arm-none-eabi/lib/thumb/v7e-m+fp/hard\libc_nano.a(libc_a-findfp.o)
                0x100000b8                __sglue
 .data._impure_ptr
                0x100000c4        0x4 C:/Moje/Programy/ST/STM32CubeIDE/STM32CubeIDE/plugins/com.st.stm32cube.ide.mcu.externaltools.gnu-tools-for-stm32.12.3.rel1.win32_1.0.200.202406191623/tools/bin/../lib/gcc/arm-none-eabi/12.3.1/../../../../arm-none-eabi/lib/thumb/v7e-m+fp/hard\libc_nano.a(libc_a-impure.o)
                0x100000c4                _impure_ptr
 .data._impure_data
                0x100000c8       0x4c C:/Moje/Programy/ST/STM32CubeIDE/STM32CubeIDE/plugins/com.st.stm32cube.ide.mcu.externaltools.gnu-tools-for-stm32.12.3.rel1.win32_1.0.200.202406191623/tools/bin/../lib/gcc/arm-none-eabi/12.3.1/../../../../arm-none-eabi/lib/thumb/v7e-m+fp/hard\libc_nano.a(libc_a-impure.o)
                0x100000c8                _impure_data
 *(.RamFunc)
 *(.RamFunc*)
                0x10000114                        . = ALIGN (0x4)
                0x10000114                        _edata = .

.igot.plt       0x10000114        0x0 load address 0x08108634
 .igot.plt      0x10000114        0x0 C:/Moje/Programy/ST/STM32CubeIDE/STM32CubeIDE/plugins/com.st.stm32cube.ide.mcu.externaltools.gnu-tools-for-stm32.12.3.rel1.win32_1.0.200.202406191623/tools/bin/../lib/gcc/arm-none-eabi/12.3.1/thumb/v7e-m+fp/hard/crtbegin.o
                0x10000114                        . = ALIGN (0x4)

.bss            0x10000114      0x368 load address 0x08108634
                0x10000114                        _sbss = .
                0x10000114                        __bss_start__ = _sbss
 *(.bss)
 .bss           0x10000114       0x1c C:/Moje/Programy/ST/STM32CubeIDE/STM32CubeIDE/plugins/com.st.stm32cube.ide.mcu.externaltools.gnu-tools-for-stm32.12.3.rel1.win32_1.0.200.202406191623/tools/bin/../lib/gcc/arm-none-eabi/12.3.1/thumb/v7e-m+fp/hard/crtbegin.o
 *(.bss*)
 .bss.message_received
                0x10000130        0x4 ./Core/Src/main.o
 .bss.received_data
                0x10000134        0x4 ./Core/Src/main.o
                0x10000134                received_data
 .bss.rp_endpoint
                0x10000138       0x40 ./Core/Src/main.o
 .bss.data      0x10000178       0x64 ./Core/Src/main.o
                0x10000178                data
 .bss.__sbrk_heap_end
                0x100001dc        0x4 ./Core/Src/sysmem.o
 .bss.huart3    0x100001e0       0x94 ./Core/Src/usart.o
                0x100001e0                huart3
 .bss.uwTick    0x10000274        0x4 ./Drivers/STM32H7xx_HAL_Driver/stm32h7xx_hal.o
                0x10000274                uwTick
 .bss._metal    0x10000278       0x20 ./Middlewares/Third_Party/OpenAMP/generic_init.o
                0x10000278                _metal
 .bss.msg_received
                0x10000298        0x4 ./OPENAMP/mbox_hsem.o
 .bss.shm_io    0x1000029c        0x4 ./OPENAMP/openamp.o
 .bss.rsc_io    0x100002a0        0x4 ./OPENAMP/openamp.o
 .bss.rsc_table
                0x100002a4        0x4 ./OPENAMP/openamp.o
 .bss.shpool    0x100002a8        0xc ./OPENAMP/openamp.o
 .bss.rvdev     0x100002b4       0x78 ./OPENAMP/openamp.o
 .bss.shm_physmap
                0x1000032c        0x4 ./OPENAMP/openamp.o
 .bss.__malloc_sbrk_start
                0x10000330        0x4 C:/Moje/Programy/ST/STM32CubeIDE/STM32CubeIDE/plugins/com.st.stm32cube.ide.mcu.externaltools.gnu-tools-for-stm32.12.3.rel1.win32_1.0.200.202406191623/tools/bin/../lib/gcc/arm-none-eabi/12.3.1/../../../../arm-none-eabi/lib/thumb/v7e-m+fp/hard\libc_nano.a(libc_a-mallocr.o)
                0x10000330                __malloc_sbrk_start
 .bss.__malloc_free_list
                0x10000334        0x4 C:/Moje/Programy/ST/STM32CubeIDE/STM32CubeIDE/plugins/com.st.stm32cube.ide.mcu.externaltools.gnu-tools-for-stm32.12.3.rel1.win32_1.0.200.202406191623/tools/bin/../lib/gcc/arm-none-eabi/12.3.1/../../../../arm-none-eabi/lib/thumb/v7e-m+fp/hard\libc_nano.a(libc_a-mallocr.o)
                0x10000334                __malloc_free_list
 .bss.__sf      0x10000338      0x138 C:/Moje/Programy/ST/STM32CubeIDE/STM32CubeIDE/plugins/com.st.stm32cube.ide.mcu.externaltools.gnu-tools-for-stm32.12.3.rel1.win32_1.0.200.202406191623/tools/bin/../lib/gcc/arm-none-eabi/12.3.1/../../../../arm-none-eabi/lib/thumb/v7e-m+fp/hard\libc_nano.a(libc_a-findfp.o)
                0x10000338                __sf
 .bss.__stdio_exit_handler
                0x10000470        0x4 C:/Moje/Programy/ST/STM32CubeIDE/STM32CubeIDE/plugins/com.st.stm32cube.ide.mcu.externaltools.gnu-tools-for-stm32.12.3.rel1.win32_1.0.200.202406191623/tools/bin/../lib/gcc/arm-none-eabi/12.3.1/../../../../arm-none-eabi/lib/thumb/v7e-m+fp/hard\libc_nano.a(libc_a-findfp.o)
                0x10000470                __stdio_exit_handler
 .bss.errno     0x10000474        0x4 C:/Moje/Programy/ST/STM32CubeIDE/STM32CubeIDE/plugins/com.st.stm32cube.ide.mcu.externaltools.gnu-tools-for-stm32.12.3.rel1.win32_1.0.200.202406191623/tools/bin/../lib/gcc/arm-none-eabi/12.3.1/../../../../arm-none-eabi/lib/thumb/v7e-m+fp/hard\libc_nano.a(libc_a-reent.o)
                0x10000474                errno
 .bss.__lock___malloc_recursive_mutex
                0x10000478        0x1 C:/Moje/Programy/ST/STM32CubeIDE/STM32CubeIDE/plugins/com.st.stm32cube.ide.mcu.externaltools.gnu-tools-for-stm32.12.3.rel1.win32_1.0.200.202406191623/tools/bin/../lib/gcc/arm-none-eabi/12.3.1/../../../../arm-none-eabi/lib/thumb/v7e-m+fp/hard\libc_nano.a(libc_a-lock.o)
                0x10000478                __lock___malloc_recursive_mutex
 .bss.__lock___sfp_recursive_mutex
                0x10000479        0x1 C:/Moje/Programy/ST/STM32CubeIDE/STM32CubeIDE/plugins/com.st.stm32cube.ide.mcu.externaltools.gnu-tools-for-stm32.12.3.rel1.win32_1.0.200.202406191623/tools/bin/../lib/gcc/arm-none-eabi/12.3.1/../../../../arm-none-eabi/lib/thumb/v7e-m+fp/hard\libc_nano.a(libc_a-lock.o)
                0x10000479                __lock___sfp_recursive_mutex
 *(COMMON)
                0x1000047c                        . = ALIGN (0x4)
 *fill*         0x1000047a        0x2 
                0x1000047c                        _ebss = .
                0x1000047c                        __bss_end__ = _ebss

._user_heap_stack
                0x1000047c      0x604 load address 0x08108634
                0x10000480                        . = ALIGN (0x8)
 *fill*         0x1000047c        0x4 
                [!provide]                        PROVIDE (end = .)
                0x10000480                        PROVIDE (_end = .)
                0x10000680                        . = (. + _Min_Heap_Size)
 *fill*         0x10000480      0x200 
                0x10000a80                        . = (. + _Min_Stack_Size)
 *fill*         0x10000680      0x400 
                0x10000a80                        . = ALIGN (0x8)

.openamp_section
                0x38000000       0x8c load address 0x08108634
                0x38000000                        . = ABSOLUTE (0x38000000)
 *(.resource_table)
 .resource_table
                0x38000000       0x8c ./OPENAMP/rsc_table.o
                0x38000000                resource_table

/DISCARD/
 libc.a(*)
 libm.a(*)
 libgcc.a(*)

.ARM.attributes
                0x00000000       0x30
 *(.ARM.attributes)
 .ARM.attributes
                0x00000000       0x22 C:/Moje/Programy/ST/STM32CubeIDE/STM32CubeIDE/plugins/com.st.stm32cube.ide.mcu.externaltools.gnu-tools-for-stm32.12.3.rel1.win32_1.0.200.202406191623/tools/bin/../lib/gcc/arm-none-eabi/12.3.1/thumb/v7e-m+fp/hard/crti.o
 .ARM.attributes
                0x00000022       0x34 C:/Moje/Programy/ST/STM32CubeIDE/STM32CubeIDE/plugins/com.st.stm32cube.ide.mcu.externaltools.gnu-tools-for-stm32.12.3.rel1.win32_1.0.200.202406191623/tools/bin/../lib/gcc/arm-none-eabi/12.3.1/thumb/v7e-m+fp/hard/crtbegin.o
 .ARM.attributes
                0x00000056       0x34 ./Common/Src/system_stm32h7xx_dualcore_boot_cm4_cm7.o
 .ARM.attributes
                0x0000008a       0x34 ./Core/Src/gpio.o
 .ARM.attributes
                0x000000be       0x34 ./Core/Src/main.o
 .ARM.attributes
                0x000000f2       0x34 ./Core/Src/stm32h7xx_hal_msp.o
 .ARM.attributes
                0x00000126       0x34 ./Core/Src/stm32h7xx_it.o
 .ARM.attributes
                0x0000015a       0x34 ./Core/Src/syscalls.o
 .ARM.attributes
                0x0000018e       0x34 ./Core/Src/sysmem.o
 .ARM.attributes
                0x000001c2       0x34 ./Core/Src/usart.o
 .ARM.attributes
                0x000001f6       0x21 ./Core/Startup/startup_stm32h755zitx.o
 .ARM.attributes
                0x00000217       0x34 ./Drivers/STM32H7xx_HAL_Driver/stm32h7xx_hal.o
 .ARM.attributes
                0x0000024b       0x34 ./Drivers/STM32H7xx_HAL_Driver/stm32h7xx_hal_cortex.o
 .ARM.attributes
                0x0000027f       0x34 ./Drivers/STM32H7xx_HAL_Driver/stm32h7xx_hal_gpio.o
 .ARM.attributes
                0x000002b3       0x34 ./Drivers/STM32H7xx_HAL_Driver/stm32h7xx_hal_hsem.o
 .ARM.attributes
                0x000002e7       0x34 ./Drivers/STM32H7xx_HAL_Driver/stm32h7xx_hal_pwr_ex.o
 .ARM.attributes
                0x0000031b       0x34 ./Drivers/STM32H7xx_HAL_Driver/stm32h7xx_hal_rcc.o
 .ARM.attributes
                0x0000034f       0x34 ./Drivers/STM32H7xx_HAL_Driver/stm32h7xx_hal_rcc_ex.o
 .ARM.attributes
                0x00000383       0x34 ./Drivers/STM32H7xx_HAL_Driver/stm32h7xx_hal_uart.o
 .ARM.attributes
                0x000003b7       0x34 ./Drivers/STM32H7xx_HAL_Driver/stm32h7xx_hal_uart_ex.o
 .ARM.attributes
                0x000003eb       0x34 ./Middlewares/Third_Party/OpenAMP/device.o
 .ARM.attributes
                0x0000041f       0x34 ./Middlewares/Third_Party/OpenAMP/generic_device.o
 .ARM.attributes
                0x00000453       0x34 ./Middlewares/Third_Party/OpenAMP/generic_init.o
 .ARM.attributes
                0x00000487       0x34 ./Middlewares/Third_Party/OpenAMP/generic_io.o
 .ARM.attributes
                0x000004bb       0x34 ./Middlewares/Third_Party/OpenAMP/init.o
 .ARM.attributes
                0x000004ef       0x34 ./Middlewares/Third_Party/OpenAMP/io.o
 .ARM.attributes
                0x00000523       0x34 ./Middlewares/Third_Party/OpenAMP/log.o
 .ARM.attributes
                0x00000557       0x34 ./Middlewares/Third_Party/OpenAMP/remoteproc_virtio.o
 .ARM.attributes
                0x0000058b       0x34 ./Middlewares/Third_Party/OpenAMP/rpmsg.o
 .ARM.attributes
                0x000005bf       0x34 ./Middlewares/Third_Party/OpenAMP/rpmsg_virtio.o
 .ARM.attributes
                0x000005f3       0x34 ./Middlewares/Third_Party/OpenAMP/sys.o
 .ARM.attributes
                0x00000627       0x34 ./Middlewares/Third_Party/OpenAMP/virtio.o
 .ARM.attributes
                0x0000065b       0x34 ./Middlewares/Third_Party/OpenAMP/virtqueue.o
 .ARM.attributes
                0x0000068f       0x34 ./OPENAMP/mbox_hsem.o
 .ARM.attributes
                0x000006c3       0x34 ./OPENAMP/openamp.o
 .ARM.attributes
                0x000006f7       0x34 ./OPENAMP/rsc_table.o
 .ARM.attributes
                0x0000072b       0x34 C:/Moje/Programy/ST/STM32CubeIDE/STM32CubeIDE/plugins/com.st.stm32cube.ide.mcu.externaltools.gnu-tools-for-stm32.12.3.rel1.win32_1.0.200.202406191623/tools/bin/../lib/gcc/arm-none-eabi/12.3.1/../../../../arm-none-eabi/lib/thumb/v7e-m+fp/hard\libc_nano.a(libc_a-assert.o)
 .ARM.attributes
                0x0000075f       0x34 C:/Moje/Programy/ST/STM32CubeIDE/STM32CubeIDE/plugins/com.st.stm32cube.ide.mcu.externaltools.gnu-tools-for-stm32.12.3.rel1.win32_1.0.200.202406191623/tools/bin/../lib/gcc/arm-none-eabi/12.3.1/../../../../arm-none-eabi/lib/thumb/v7e-m+fp/hard\libc_nano.a(libc_a-malloc.o)
 .ARM.attributes
                0x00000793       0x34 C:/Moje/Programy/ST/STM32CubeIDE/STM32CubeIDE/plugins/com.st.stm32cube.ide.mcu.externaltools.gnu-tools-for-stm32.12.3.rel1.win32_1.0.200.202406191623/tools/bin/../lib/gcc/arm-none-eabi/12.3.1/../../../../arm-none-eabi/lib/thumb/v7e-m+fp/hard\libc_nano.a(libc_a-mallocr.o)
 .ARM.attributes
                0x000007c7       0x34 C:/Moje/Programy/ST/STM32CubeIDE/STM32CubeIDE/plugins/com.st.stm32cube.ide.mcu.externaltools.gnu-tools-for-stm32.12.3.rel1.win32_1.0.200.202406191623/tools/bin/../lib/gcc/arm-none-eabi/12.3.1/../../../../arm-none-eabi/lib/thumb/v7e-m+fp/hard\libc_nano.a(libc_a-mlock.o)
 .ARM.attributes
                0x000007fb       0x34 C:/Moje/Programy/ST/STM32CubeIDE/STM32CubeIDE/plugins/com.st.stm32cube.ide.mcu.externaltools.gnu-tools-for-stm32.12.3.rel1.win32_1.0.200.202406191623/tools/bin/../lib/gcc/arm-none-eabi/12.3.1/../../../../arm-none-eabi/lib/thumb/v7e-m+fp/hard\libc_nano.a(libc_a-findfp.o)
 .ARM.attributes
                0x0000082f       0x34 C:/Moje/Programy/ST/STM32CubeIDE/STM32CubeIDE/plugins/com.st.stm32cube.ide.mcu.externaltools.gnu-tools-for-stm32.12.3.rel1.win32_1.0.200.202406191623/tools/bin/../lib/gcc/arm-none-eabi/12.3.1/../../../../arm-none-eabi/lib/thumb/v7e-m+fp/hard\libc_nano.a(libc_a-fprintf.o)
 .ARM.attributes
                0x00000863       0x34 C:/Moje/Programy/ST/STM32CubeIDE/STM32CubeIDE/plugins/com.st.stm32cube.ide.mcu.externaltools.gnu-tools-for-stm32.12.3.rel1.win32_1.0.200.202406191623/tools/bin/../lib/gcc/arm-none-eabi/12.3.1/../../../../arm-none-eabi/lib/thumb/v7e-m+fp/hard\libc_nano.a(libc_a-fwalk.o)
 .ARM.attributes
                0x00000897       0x34 C:/Moje/Programy/ST/STM32CubeIDE/STM32CubeIDE/plugins/com.st.stm32cube.ide.mcu.externaltools.gnu-tools-for-stm32.12.3.rel1.win32_1.0.200.202406191623/tools/bin/../lib/gcc/arm-none-eabi/12.3.1/../../../../arm-none-eabi/lib/thumb/v7e-m+fp/hard\libc_nano.a(libc_a-sprintf.o)
 .ARM.attributes
                0x000008cb       0x34 C:/Moje/Programy/ST/STM32CubeIDE/STM32CubeIDE/plugins/com.st.stm32cube.ide.mcu.externaltools.gnu-tools-for-stm32.12.3.rel1.win32_1.0.200.202406191623/tools/bin/../lib/gcc/arm-none-eabi/12.3.1/../../../../arm-none-eabi/lib/thumb/v7e-m+fp/hard\libc_nano.a(libc_a-stdio.o)
 .ARM.attributes
                0x000008ff       0x34 C:/Moje/Programy/ST/STM32CubeIDE/STM32CubeIDE/plugins/com.st.stm32cube.ide.mcu.externaltools.gnu-tools-for-stm32.12.3.rel1.win32_1.0.200.202406191623/tools/bin/../lib/gcc/arm-none-eabi/12.3.1/../../../../arm-none-eabi/lib/thumb/v7e-m+fp/hard\libc_nano.a(libc_a-memset.o)
 .ARM.attributes
                0x00000933       0x34 C:/Moje/Programy/ST/STM32CubeIDE/STM32CubeIDE/plugins/com.st.stm32cube.ide.mcu.externaltools.gnu-tools-for-stm32.12.3.rel1.win32_1.0.200.202406191623/tools/bin/../lib/gcc/arm-none-eabi/12.3.1/../../../../arm-none-eabi/lib/thumb/v7e-m+fp/hard\libc_nano.a(libc_a-strncmp.o)
 .ARM.attributes
                0x00000967       0x34 C:/Moje/Programy/ST/STM32CubeIDE/STM32CubeIDE/plugins/com.st.stm32cube.ide.mcu.externaltools.gnu-tools-for-stm32.12.3.rel1.win32_1.0.200.202406191623/tools/bin/../lib/gcc/arm-none-eabi/12.3.1/../../../../arm-none-eabi/lib/thumb/v7e-m+fp/hard\libc_nano.a(libc_a-strncpy.o)
 .ARM.attributes
                0x0000099b       0x34 C:/Moje/Programy/ST/STM32CubeIDE/STM32CubeIDE/plugins/com.st.stm32cube.ide.mcu.externaltools.gnu-tools-for-stm32.12.3.rel1.win32_1.0.200.202406191623/tools/bin/../lib/gcc/arm-none-eabi/12.3.1/../../../../arm-none-eabi/lib/thumb/v7e-m+fp/hard\libc_nano.a(libc_a-closer.o)
 .ARM.attributes