Archive member included to satisfy reference by file (symbol)

C:/Moje/Programy/ST/STM32CubeIDE/STM32CubeIDE/plugins/com.st.stm32cube.ide.mcu.externaltools.gnu-tools-for-stm32.12.3.rel1.win32_1.0.200.202406191623/tools/bin/../lib/gcc/arm-none-eabi/12.3.1/../../../../arm-none-eabi/lib/thumb/v7e-m+fp/hard\libc_nano.a(libc_a-assert.o)
                              ./Middlewares/Third_Party/OpenAMP/device.o (__assert_func)
C:/Moje/Programy/ST/STM32CubeIDE/STM32CubeIDE/plugins/com.st.stm32cube.ide.mcu.externaltools.gnu-tools-for-stm32.12.3.rel1.win32_1.0.200.202406191623/tools/bin/../lib/gcc/arm-none-eabi/12.3.1/../../../../arm-none-eabi/lib/thumb/v7e-m+fp/hard\libc_nano.a(libc_a-exit.o)
                              C:/Moje/Programy/ST/STM32CubeIDE/STM32CubeIDE/plugins/com.st.stm32cube.ide.mcu.externaltools.gnu-tools-for-stm32.12.3.rel1.win32_1.0.200.202406191623/tools/bin/../lib/gcc/arm-none-eabi/12.3.1/../../../../arm-none-eabi/lib/thumb/v7e-m+fp/hard/crt0.o (exit)
C:/Moje/Programy/ST/STM32CubeIDE/STM32CubeIDE/plugins/com.st.stm32cube.ide.mcu.externaltools.gnu-tools-for-stm32.12.3.rel1.win32_1.0.200.202406191623/tools/bin/../lib/gcc/arm-none-eabi/12.3.1/../../../../arm-none-eabi/lib/thumb/v7e-m+fp/hard\libc_nano.a(libc_a-malloc.o)
                              ./Middlewares/Third_Party/OpenAMP/remoteproc_virtio.o (malloc)
C:/Moje/Programy/ST/STM32CubeIDE/STM32CubeIDE/plugins/com.st.stm32cube.ide.mcu.externaltools.gnu-tools-for-stm32.12.3.rel1.win32_1.0.200.202406191623/tools/bin/../lib/gcc/arm-none-eabi/12.3.1/../../../../arm-none-eabi/lib/thumb/v7e-m+fp/hard\libc_nano.a(libc_a-mallocr.o)
                              C:/Moje/Programy/ST/STM32CubeIDE/STM32CubeIDE/plugins/com.st.stm32cube.ide.mcu.externaltools.gnu-tools-for-stm32.12.3.rel1.win32_1.0.200.202406191623/tools/bin/../lib/gcc/arm-none-eabi/12.3.1/../../../../arm-none-eabi/lib/thumb/v7e-m+fp/hard\libc_nano.a(libc_a-malloc.o) (_malloc_r)
C:/Moje/Programy/ST/STM32CubeIDE/STM32CubeIDE/plugins/com.st.stm32cube.ide.mcu.externaltools.gnu-tools-for-stm32.12.3.rel1.win32_1.0.200.202406191623/tools/bin/../lib/gcc/arm-none-eabi/12.3.1/../../../../arm-none-eabi/lib/thumb/v7e-m+fp/hard\libc_nano.a(libc_a-mlock.o)
                              C:/Moje/Programy/ST/STM32CubeIDE/STM32CubeIDE/plugins/com.st.stm32cube.ide.mcu.externaltools.gnu-tools-for-stm32.12.3.rel1.win32_1.0.200.202406191623/tools/bin/../lib/gcc/arm-none-eabi/12.3.1/../../../../arm-none-eabi/lib/thumb/v7e-m+fp/hard\libc_nano.a(libc_a-mallocr.o) (__malloc_lock)
C:/Moje/Programy/ST/STM32CubeIDE/STM32CubeIDE/plugins/com.st.stm32cube.ide.mcu.externaltools.gnu-tools-for-stm32.12.3.rel1.win32_1.0.200.202406191623/tools/bin/../lib/gcc/arm-none-eabi/12.3.1/../../../../arm-none-eabi/lib/thumb/v7e-m+fp/hard\libc_nano.a(libc_a-findfp.o)
                              ./Middlewares/Third_Party/FreeRTOS/tasks.o (__sf)
C:/Moje/Programy/ST/STM32CubeIDE/STM32CubeIDE/plugins/com.st.stm32cube.ide.mcu.externaltools.gnu-tools-for-stm32.12.3.rel1.win32_1.0.200.202406191623/tools/bin/../lib/gcc/arm-none-eabi/12.3.1/../../../../arm-none-eabi/lib/thumb/v7e-m+fp/hard\libc_nano.a(libc_a-fprintf.o)
                              C:/Moje/Programy/ST/STM32CubeIDE/STM32CubeIDE/plugins/com.st.stm32cube.ide.mcu.externaltools.gnu-tools-for-stm32.12.3.rel1.win32_1.0.200.202406191623/tools/bin/../lib/gcc/arm-none-eabi/12.3.1/../../../../arm-none-eabi/lib/thumb/v7e-m+fp/hard\libc_nano.a(libc_a-assert.o) (fiprintf)
C:/Moje/Programy/ST/STM32CubeIDE/STM32CubeIDE/plugins/com.st.stm32cube.ide.mcu.externaltools.gnu-tools-for-stm32.12.3.rel1.win32_1.0.200.202406191623/tools/bin/../lib/gcc/arm-none-eabi/12.3.1/../../../../arm-none-eabi/lib/thumb/v7e-m+fp/hard\libc_nano.a(libc_a-fwalk.o)
                              C:/Moje/Programy/ST/STM32CubeIDE/STM32CubeIDE/plugins/com.st.stm32cube.ide.mcu.externaltools.gnu-tools-for-stm32.12.3.rel1.win32_1.0.200.202406191623/tools/bin/../lib/gcc/arm-none-eabi/12.3.1/../../../../arm-none-eabi/lib/thumb/v7e-m+fp/hard\libc_nano.a(libc_a-findfp.o) (_fwalk_sglue)
C:/Moje/Programy/ST/STM32CubeIDE/STM32CubeIDE/plugins/com.st.stm32cube.ide.mcu.externaltools.gnu-tools-for-stm32.12.3.rel1.win32_1.0.200.202406191623/tools/bin/../lib/gcc/arm-none-eabi/12.3.1/../../../../arm-none-eabi/lib/thumb/v7e-m+fp/hard\libc_nano.a(libc_a-sprintf.o)
                              ./Core/Src/freertos.o (sprintf)
C:/Moje/Programy/ST/STM32CubeIDE/STM32CubeIDE/plugins/com.st.stm32cube.ide.mcu.externaltools.gnu-tools-for-stm32.12.3.rel1.win32_1.0.200.202406191623/tools/bin/../lib/gcc/arm-none-eabi/12.3.1/../../../../arm-none-eabi/lib/thumb/v7e-m+fp/hard\libc_nano.a(libc_a-stdio.o)
                              C:/Moje/Programy/ST/STM32CubeIDE/STM32CubeIDE/plugins/com.st.stm32cube.ide.mcu.externaltools.gnu-tools-for-stm32.12.3.rel1.win32_1.0.200.202406191623/tools/bin/../lib/gcc/arm-none-eabi/12.3.1/../../../../arm-none-eabi/lib/thumb/v7e-m+fp/hard\libc_nano.a(libc_a-findfp.o) (__sread)
[...]
Memory Configuration

Name             Origin             Length             Attributes
FLASH            0x08100000         0x00100000         xr
RAM              0x10000000         0x00048000         xrw
OPENAMP_RSC_TAB  0x38000000         0x00000400         xrw
OPEN_AMP_SHMEM   0x38000400         0x0000fc00         xrw
*default*        0x00000000         0xffffffff

Linker script and memory map

LOAD C:/Moje/Programy/ST/STM32CubeIDE/STM32CubeIDE/plugins/com.st.stm32cube.ide.mcu.externaltools.gnu-tools-for-stm32.12.3.rel1.win32_1.0.200.202406191623/tools/bin/../lib/gcc/arm-none-eabi/12.3.1/thumb/v7e-m+fp/hard/crti.o
LOAD C:/Moje/Programy/ST/STM32CubeIDE/STM32CubeIDE/plugins/com.st.stm32cube.ide.mcu.externaltools.gnu-tools-for-stm32.12.3.rel1.win32_1.0.200.202406191623/tools/bin/../lib/gcc/arm-none-eabi/12.3.1/thumb/v7e-m+fp/hard/crtbegin.o
LOAD C:/Moje/Programy/ST/STM32CubeIDE/STM32CubeIDE/plugins/com.st.stm32cube.ide.mcu.externaltools.gnu-tools-for-stm32.12.3.rel1.win32_1.0.200.202406191623/tools/bin/../lib/gcc/arm-none-eabi/12.3.1/../../../../arm-none-eabi/lib/thumb/v7e-m+fp/hard/crt0.o
LOAD ./Common/Src/system_stm32h7xx_dualcore_boot_cm4_cm7.o
LOAD ./Core/Src/freertos.o
LOAD ./Core/Src/gpio.o
LOAD ./Core/Src/main.o
LOAD ./Core/Src/stm32h7xx_hal_msp.o
LOAD ./Core/Src/stm32h7xx_hal_timebase_tim.o
LOAD ./Core/Src/stm32h7xx_it.o
LOAD ./Core/Src/syscalls.o
LOAD ./Core/Src/sysmem.o
LOAD ./Core/Src/usart.o
LOAD ./Core/Startup/startup_stm32h755zitx.o
LOAD ./Drivers/STM32H7xx_HAL_Driver/stm32h7xx_hal.o
LOAD ./Drivers/STM32H7xx_HAL_Driver/stm32h7xx_hal_cortex.o
LOAD ./Drivers/STM32H7xx_HAL_Driver/stm32h7xx_hal_dma.o
LOAD ./Drivers/STM32H7xx_HAL_Driver/stm32h7xx_hal_dma_ex.o
LOAD ./Drivers/STM32H7xx_HAL_Driver/stm32h7xx_hal_exti.o
LOAD ./Drivers/STM32H7xx_HAL_Driver/stm32h7xx_hal_flash.o
LOAD ./Drivers/STM32H7xx_HAL_Driver/stm32h7xx_hal_flash_ex.o
LOAD ./Drivers/STM32H7xx_HAL_Driver/stm32h7xx_hal_gpio.o
LOAD ./Drivers/STM32H7xx_HAL_Driver/stm32h7xx_hal_hsem.o
LOAD ./Drivers/STM32H7xx_HAL_Driver/stm32h7xx_hal_i2c.o
LOAD ./Drivers/STM32H7xx_HAL_Driver/stm32h7xx_hal_i2c_ex.o
LOAD ./Drivers/STM32H7xx_HAL_Driver/stm32h7xx_hal_mdma.o
LOAD ./Drivers/STM32H7xx_HAL_Driver/stm32h7xx_hal_pwr.o
LOAD ./Drivers/STM32H7xx_HAL_Driver/stm32h7xx_hal_pwr_ex.o
LOAD ./Drivers/STM32H7xx_HAL_Driver/stm32h7xx_hal_rcc.o
LOAD ./Drivers/STM32H7xx_HAL_Driver/stm32h7xx_hal_rcc_ex.o
LOAD ./Drivers/STM32H7xx_HAL_Driver/stm32h7xx_hal_tim.o
LOAD ./Drivers/STM32H7xx_HAL_Driver/stm32h7xx_hal_tim_ex.o
LOAD ./Drivers/STM32H7xx_HAL_Driver/stm32h7xx_hal_uart.o
LOAD ./Drivers/STM32H7xx_HAL_Driver/stm32h7xx_hal_uart_ex.o
LOAD ./Middlewares/Third_Party/FreeRTOS/cmsis_os2.o
LOAD ./Middlewares/Third_Party/FreeRTOS/croutine.o
LOAD ./Middlewares/Third_Party/FreeRTOS/event_groups.o
LOAD ./Middlewares/Third_Party/FreeRTOS/heap_4.o
LOAD ./Middlewares/Third_Party/FreeRTOS/list.o
LOAD ./Middlewares/Third_Party/FreeRTOS/port.o
LOAD ./Middlewares/Third_Party/FreeRTOS/queue.o
LOAD ./Middlewares/Third_Party/FreeRTOS/stream_buffer.o
LOAD ./Middlewares/Third_Party/FreeRTOS/tasks.o
LOAD ./Middlewares/Third_Party/FreeRTOS/timers.o
LOAD ./Middlewares/Third_Party/OpenAMP/condition.o
LOAD ./Middlewares/Third_Party/OpenAMP/device.o
LOAD ./Middlewares/Third_Party/OpenAMP/generic_device.o
LOAD ./Middlewares/Third_Party/OpenAMP/generic_init.o
LOAD ./Middlewares/Third_Party/OpenAMP/generic_io.o
LOAD ./Middlewares/Third_Party/OpenAMP/generic_shmem.o
LOAD ./Middlewares/Third_Party/OpenAMP/init.o
LOAD ./Middlewares/Third_Party/OpenAMP/io.o
LOAD ./Middlewares/Third_Party/OpenAMP/log.o
LOAD ./Middlewares/Third_Party/OpenAMP/remoteproc_virtio.o
LOAD ./Middlewares/Third_Party/OpenAMP/rpmsg.o
LOAD ./Middlewares/Third_Party/OpenAMP/rpmsg_virtio.o
LOAD ./Middlewares/Third_Party/OpenAMP/shmem.o
LOAD ./Middlewares/Third_Party/OpenAMP/sys.o
LOAD ./Middlewares/Third_Party/OpenAMP/time.o
LOAD ./Middlewares/Third_Party/OpenAMP/virtio.o
LOAD ./Middlewares/Third_Party/OpenAMP/virtqueue.o
LOAD ./OPENAMP/mbox_hsem.o
LOAD ./OPENAMP/openamp.o
LOAD ./OPENAMP/rsc_table.o
START GROUP
LOAD C:/Moje/Programy/ST/STM32CubeIDE/STM32CubeIDE/plugins/com.st.stm32cube.ide.mcu.externaltools.gnu-tools-for-stm32.12.3.rel1.win32_1.0.200.202406191623/tools/bin/../lib/gcc/arm-none-eabi/12.3.1/../../../../arm-none-eabi/lib/thumb/v7e-m+fp/hard\libc_nano.a
LOAD C:/Moje/Programy/ST/STM32CubeIDE/STM32CubeIDE/plugins/com.st.stm32cube.ide.mcu.externaltools.gnu-tools-for-stm32.12.3.rel1.win32_1.0.200.202406191623/tools/bin/../lib/gcc/arm-none-eabi/12.3.1/../../../../arm-none-eabi/lib/thumb/v7e-m+fp/hard\libm.a
END GROUP
START GROUP
LOAD C:/Moje/Programy/ST/STM32CubeIDE/STM32CubeIDE/plugins/com.st.stm32cube.ide.mcu.externaltools.gnu-tools-for-stm32.12.3.rel1.win32_1.0.200.202406191623/tools/bin/../lib/gcc/arm-none-eabi/12.3.1/thumb/v7e-m+fp/hard\libgcc.a
LOAD C:/Moje/Programy/ST/STM32CubeIDE/STM32CubeIDE/plugins/com.st.stm32cube.ide.mcu.externaltools.gnu-tools-for-stm32.12.3.rel1.win32_1.0.200.202406191623/tools/bin/../lib/gcc/arm-none-eabi/12.3.1/../../../../arm-none-eabi/lib/thumb/v7e-m+fp/hard\libc_nano.a
END GROUP
START GROUP
LOAD C:/Moje/Programy/ST/STM32CubeIDE/STM32CubeIDE/plugins/com.st.stm32cube.ide.mcu.externaltools.gnu-tools-for-stm32.12.3.rel1.win32_1.0.200.202406191623/tools/bin/../lib/gcc/arm-none-eabi/12.3.1/thumb/v7e-m+fp/hard\libgcc.a
LOAD C:/Moje/Programy/ST/STM32CubeIDE/STM32CubeIDE/plugins/com.st.stm32cube.ide.mcu.externaltools.gnu-tools-for-stm32.12.3.rel1.win32_1.0.200.202406191623/tools/bin/../lib/gcc/arm-none-eabi/12.3.1/../../../../arm-none-eabi/lib/thumb/v7e-m+fp/hard\libc_nano.a
LOAD C:/Moje/Programy/ST/STM32CubeIDE/STM32CubeIDE/plugins/com.st.stm32cube.ide.mcu.externaltools.gnu-tools-for-stm32.12.3.rel1.win32_1.0.200.202406191623/tools/bin/../lib/gcc/arm-none-eabi/12.3.1/../../../../arm-none-eabi/lib/thumb/v7e-m+fp/hard\libnosys.a
END GROUP
START GROUP
LOAD C:/Moje/Programy/ST/STM32CubeIDE/STM32CubeIDE/plugins/com.st.stm32cube.ide.mcu.externaltools.gnu-tools-for-stm32.12.3.rel1.win32_1.0.200.202406191623/tools/bin/../lib/gcc/arm-none-eabi/12.3.1/thumb/v7e-m+fp/hard\libgcc.a
LOAD C:/Moje/Programy/ST/STM32CubeIDE/STM32CubeIDE/plugins/com.st.stm32cube.ide.mcu.externaltools.gnu-tools-for-stm32.12.3.rel1.win32_1.0.200.202406191623/tools/bin/../lib/gcc/arm-none-eabi/12.3.1/../../../../arm-none-eabi/lib/thumb/v7e-m+fp/hard\libc_nano.a
LOAD C:/Moje/Programy/ST/STM32CubeIDE/STM32CubeIDE/plugins/com.st.stm32cube.ide.mcu.externaltools.gnu-tools-for-stm32.12.3.rel1.win32_1.0.200.202406191623/tools/bin/../lib/gcc/arm-none-eabi/12.3.1/../../../../arm-none-eabi/lib/thumb/v7e-m+fp/hard\libnosys.a
END GROUP
LOAD C:/Moje/Programy/ST/STM32CubeIDE/STM32CubeIDE/plugins/com.st.stm32cube.ide.mcu.externaltools.gnu-tools-for-stm32.12.3.rel1.win32_1.0.200.202406191623/tools/bin/../lib/gcc/arm-none-eabi/12.3.1/thumb/v7e-m+fp/hard/crtend.o
LOAD C:/Moje/Programy/ST/STM32CubeIDE/STM32CubeIDE/plugins/com.st.stm32cube.ide.mcu.externaltools.gnu-tools-for-stm32.12.3.rel1.win32_1.0.200.202406191623/tools/bin/../lib/gcc/arm-none-eabi/12.3.1/thumb/v7e-m+fp/hard/crtn.o
                0x10048000                        _estack = (ORIGIN (RAM) + LENGTH (RAM))
                0x00000200                        _Min_Heap_Size = 0x200
                0x00000400                        _Min_Stack_Size = 0x400
                0x38000400                        __OPENAMP_region_start__ = ORIGIN (OPEN_AMP_SHMEM)
                0x38010000                        __OPENAMP_region_end__ = (ORIGIN (OPEN_AMP_SHMEM) + LENGTH (OPEN_AMP_SHMEM))

.isr_vector     0x08100000      0x298
                0x08100000                        . = ALIGN (0x4)
 *(.isr_vector)
 .isr_vector    0x08100000      0x298 ./Core/Startup/startup_stm32h755zitx.o
                0x08100000                g_pfnVectors
                0x08100298                        . = ALIGN (0x4)

.text           0x081002a0     0xc1ac
                0x081002a0                        . = ALIGN (0x4)
 *(.text)
 .text          0x081002a0       0x40 C:/Moje/Programy/ST/STM32CubeIDE/STM32CubeIDE/plugins/com.st.stm32cube.ide.mcu.externaltools.gnu-tools-for-stm32.12.3.rel1.win32_1.0.200.202406191623/tools/bin/../lib/gcc/arm-none-eabi/12.3.1/thumb/v7e-m+fp/hard/crtbegin.o
 .text          0x081002e0       0x14 C:/Moje/Programy/ST/STM32CubeIDE/STM32CubeIDE/plugins/com.st.stm32cube.ide.mcu.externaltools.gnu-tools-for-stm32.12.3.rel1.win32_1.0.200.202406191623/tools/bin/../lib/gcc/arm-none-eabi/12.3.1/../../../../arm-none-eabi/lib/thumb/v7e-m+fp/hard\libc_nano.a(libc_a-strcmp.o)
                0x081002e0                strcmp
 .text          0x081002f4       0x10 C:/Moje/Programy/ST/STM32CubeIDE/STM32CubeIDE/plugins/com.st.stm32cube.ide.mcu.externaltools.gnu-tools-for-stm32.12.3.rel1.win32_1.0.200.202406191623/tools/bin/../lib/gcc/arm-none-eabi/12.3.1/../../../../arm-none-eabi/lib/thumb/v7e-m+fp/hard\libc_nano.a(libc_a-strlen.o)
                0x081002f4                strlen
 *fill*         0x08100304        0xc 
 .text          0x08100310       0xa0 C:/Moje/Programy/ST/STM32CubeIDE/STM32CubeIDE/plugins/com.st.stm32cube.ide.mcu.externaltools.gnu-tools-for-stm32.12.3.rel1.win32_1.0.200.202406191623/tools/bin/../lib/gcc/arm-none-eabi/12.3.1/../../../../arm-none-eabi/lib/thumb/v7e-m+fp/hard\libc_nano.a(libc_a-memchr.o)
                0x08100310                memchr
 .text          0x081003b0       0x30 C:/Moje/Programy/ST/STM32CubeIDE/STM32CubeIDE/plugins/com.st.stm32cube.ide.mcu.externaltools.gnu-tools-for-stm32.12.3.rel1.win32_1.0.200.202406191623/tools/bin/../lib/gcc/arm-none-eabi/12.3.1/thumb/v7e-m+fp/hard\libgcc.a(_aeabi_uldivmod.o)
                0x081003b0                __aeabi_uldivmod
 .text          0x081003e0      0x2bc C:/Moje/Programy/ST/STM32CubeIDE/STM32CubeIDE/plugins/com.st.stm32cube.ide.mcu.externaltools.gnu-tools-for-stm32.12.3.rel1.win32_1.0.200.202406191623/tools/bin/../lib/gcc/arm-none-eabi/12.3.1/thumb/v7e-m+fp/hard\libgcc.a(_udivmoddi4.o)
                0x081003e0                __udivmoddi4
 .text          0x0810069c        0x4 C:/Moje/Programy/ST/STM32CubeIDE/STM32CubeIDE/plugins/com.st.stm32cube.ide.mcu.externaltools.gnu-tools-for-stm32.12.3.rel1.win32_1.0.200.202406191623/tools/bin/../lib/gcc/arm-none-eabi/12.3.1/thumb/v7e-m+fp/hard\libgcc.a(_dvmd_tls.o)
                0x0810069c                __aeabi_idiv0
                0x0810069c                __aeabi_ldiv0
 *(.text*)
 .text.SystemInit
                0x081006a0       0x30 ./Common/Src/system_stm32h7xx_dualcore_boot_cm4_cm7.o
                0x081006a0                SystemInit
 .text.MX_FREERTOS_Init
                0x081006d0       0x58 ./Core/Src/freertos.o
                0x081006d0                MX_FREERTOS_Init
 .text.StartRX_Task
                0x08100728       0xc4 ./Core/Src/freertos.o
                0x08100728                StartRX_Task
 .text.Start_TX_Task
                0x081007ec       0x68 ./Core/Src/freertos.o
                0x081007ec                Start_TX_Task
 .text.rpmsg_recv_callback
                0x08100854       0x3c ./Core/Src/freertos.o
 .text.MX_GPIO_Init
                0x08100890       0x88 ./Core/Src/gpio.o
                0x08100890                MX_GPIO_Init
 .text.main     0x08100918       0x90 ./Core/Src/main.o
                0x08100918                main
 .text.HAL_TIM_PeriodElapsedCallback
                0x081009a8       0x24 ./Core/Src/main.o
                0x081009a8                HAL_TIM_PeriodElapsedCallback
 .text.Error_Handler
                0x081009cc        0xc ./Core/Src/main.o
                0x081009cc                Error_Handler
 .text.HAL_MspInit
                0x081009d8       0x4c ./Core/Src/stm32h7xx_hal_msp.o
                0x081009d8                HAL_MspInit
 .text.HAL_InitTick
                0x08100a24       0xd8 ./Core/Src/stm32h7xx_hal_timebase_tim.o
                0x08100a24                HAL_InitTick
 .text.NMI_Handler
                0x08100afc        0x8 ./Core/Src/stm32h7xx_it.o
                0x08100afc                NMI_Handler
 .text.HardFault_Handler
                0x08100b04        0x8 ./Core/Src/stm32h7xx_it.o
                0x08100b04                HardFault_Handler
 .text.MemManage_Handler
                0x08100b0c        0x8 ./Core/Src/stm32h7xx_it.o
                0x08100b0c                MemManage_Handler
 .text.BusFault_Handler
                0x08100b14        0x8 ./Core/Src/stm32h7xx_it.o
                0x08100b14                BusFault_Handler
 .text.UsageFault_Handler
                0x08100b1c        0x8 ./Core/Src/stm32h7xx_it.o
                0x08100b1c                UsageFault_Handler
 .text.DebugMon_Handler
                0x08100b24        0xe ./Core/Src/stm32h7xx_it.o
                0x08100b24                DebugMon_Handler
 *fill*         0x08100b32        0x2 
 .text.TIM7_IRQHandler
                0x08100b34       0x14 ./Core/Src/stm32h7xx_it.o
                0x08100b34                TIM7_IRQHandler
 .text.HSEM2_IRQHandler
                0x08100b48        0xc ./Core/Src/stm32h7xx_it.o
                0x08100b48                HSEM2_IRQHandler
 .text._getpid  0x08100b54       0x10 ./Core/Src/syscalls.o
                0x08100b54                _getpid
 .text._kill    0x08100b64       0x20 ./Core/Src/syscalls.o
                0x08100b64                _kill
 .text._exit    0x08100b84       0x16 ./Core/Src/syscalls.o
                0x08100b84                _exit
 .text._read    0x08100b9a       0x3a ./Core/Src/syscalls.o
                0x08100b9a                _read
 .text._write   0x08100bd4       0x38 ./Core/Src/syscalls.o
                0x08100bd4                _write
 .text._close   0x08100c0c       0x18 ./Core/Src/syscalls.o
                0x08100c0c                _close
 .text._fstat   0x08100c24       0x20 ./Core/Src/syscalls.o
                0x08100c24                _fstat
 .text._isatty  0x08100c44       0x16 ./Core/Src/syscalls.o
                0x08100c44                _isatty
 .text._lseek   0x08100c5a       0x1a ./Core/Src/syscalls.o
                0x08100c5a                _lseek
 .text._sbrk    0x08100c74       0x6c ./Core/Src/sysmem.o
                0x08100c74                _sbrk
 .text.MX_USART3_UART_Init
                0x08100ce0       0x98 ./Core/Src/usart.o
                0x08100ce0                MX_USART3_UART_Init
 .text.HAL_UART_MspInit
                0x08100d78       0xd4 ./Core/Src/usart.o
                0x08100d78                HAL_UART_MspInit
 .text.Reset_Handler
                0x08100e4c       0x50 ./Core/Startup/startup_stm32h755zitx.o
                0x08100e4c                Reset_Handler
 .text.Default_Handler
                0x08100e9c        0x2 ./Core/Startup/startup_stm32h755zitx.o
                0x08100e9c                RTC_Alarm_IRQHandler
                0x08100e9c                HASH_RNG_IRQHandler
                0x08100e9c                EXTI2_IRQHandler
                0x08100e9c                TIM8_CC_IRQHandler
                0x08100e9c                HRTIM1_Master_IRQHandler
                0x08100e9c                UART8_IRQHandler
                0x08100e9c                SPI4_IRQHandler
                0x08100e9c                TIM1_CC_IRQHandler
                0x08100e9c                BDMA_Channel6_IRQHandler
                0x08100e9c                DMA2_Stream5_IRQHandler
                0x08100e9c                HRTIM1_FLT_IRQHandler
                0x08100e9c                JPEG_IRQHandler
                0x08100e9c                DMA1_Stream5_IRQHandler
                0x08100e9c                BDMA_Channel1_IRQHandler
                0x08100e9c                HRTIM1_TIMD_IRQHandler
                0x08100e9c                TAMP_STAMP_IRQHandler
                0x08100e9c                EXTI3_IRQHandler
                0x08100e9c                LPTIM4_IRQHandler
                0x08100e9c                TIM8_TRG_COM_TIM14_IRQHandler
                0x08100e9c                LPTIM2_IRQHandler
                0x08100e9c                DFSDM1_FLT1_IRQHandler
                0x08100e9c                DMAMUX2_OVR_IRQHandler
                0x08100e9c                TIM8_UP_TIM13_IRQHandler
                0x08100e9c                I2C3_ER_IRQHandler
                0x08100e9c                DFSDM1_FLT2_IRQHandler
                0x08100e9c                MDMA_IRQHandler
                0x08100e9c                LPTIM3_IRQHandler
                0x08100e9c                HSEM1_IRQHandler
                0x08100e9c                EXTI0_IRQHandler
                0x08100e9c                I2C2_EV_IRQHandler
                0x08100e9c                DMA1_Stream2_IRQHandler
                0x08100e9c                FPU_IRQHandler
                0x08100e9c                OTG_HS_WKUP_IRQHandler
                0x08100e9c                FDCAN1_IT1_IRQHandler
                0x08100e9c                LTDC_ER_IRQHandler
                0x08100e9c                DMA2_Stream2_IRQHandler
                0x08100e9c                HRTIM1_TIME_IRQHandler
                0x08100e9c                SPI1_IRQHandler
                0x08100e9c                TIM6_DAC_IRQHandler
                0x08100e9c                DCMI_IRQHandler
                0x08100e9c                HRTIM1_TIMC_IRQHandler
                0x08100e9c                DMA2_Stream3_IRQHandler
                0x08100e9c                SAI2_IRQHandler
                0x08100e9c                DFSDM1_FLT3_IRQHandler
                0x08100e9c                USART6_IRQHandler
                0x08100e9c                TIM17_IRQHandler
                0x08100e9c                USART3_IRQHandler
                0x08100e9c                BDMA_Channel7_IRQHandler
                0x08100e9c                CRYP_IRQHandler
                0x08100e9c                LPTIM5_IRQHandler
                0x08100e9c                UART5_IRQHandler
                0x08100e9c                ADC3_IRQHandler
                0x08100e9c                DMA2_Stream0_IRQHandler
                0x08100e9c                TIM4_IRQHandler
                0x08100e9c                BDMA_Channel2_IRQHandler
                0x08100e9c                QUADSPI_IRQHandler
                0x08100e9c                I2C1_EV_IRQHandler
                0x08100e9c                DMA1_Stream6_IRQHandler
                0x08100e9c                DMAMUX1_OVR_IRQHandler
                0x08100e9c                DMA1_Stream1_IRQHandler
                0x08100e9c                TIM16_IRQHandler
                0x08100e9c                UART4_IRQHandler
                0x08100e9c                BDMA_Channel5_IRQHandler
                0x08100e9c                TIM3_IRQHandler
                0x08100e9c                RCC_IRQHandler
                0x08100e9c                TIM8_BRK_TIM12_IRQHandler
                0x08100e9c                TIM1_TRG_COM_IRQHandler
                0x08100e9c                Default_Handler
                0x08100e9c                ECC_IRQHandler
                0x08100e9c                CEC_IRQHandler
                0x08100e9c                EXTI15_10_IRQHandler
                0x08100e9c                BDMA_Channel0_IRQHandler
                0x08100e9c                ADC_IRQHandler
                0x08100e9c                DMA1_Stream7_IRQHandler
                0x08100e9c                HRTIM1_TIMA_IRQHandler
                0x08100e9c                SPI5_IRQHandler
                0x08100e9c                SDMMC1_IRQHandler
                0x08100e9c                TIM5_IRQHandler
                0x08100e9c                DMA2_Stream7_IRQHandler
                0x08100e9c                TIM15_IRQHandler
                0x08100e9c                PVD_AVD_IRQHandler
                0x08100e9c                I2C3_EV_IRQHandler
                0x08100e9c                EXTI9_5_IRQHandler
                0x08100e9c                RTC_WKUP_IRQHandler
                0x08100e9c                LTDC_IRQHandler
                0x08100e9c                SAI3_IRQHandler
                0x08100e9c                ETH_WKUP_IRQHandler
                0x08100e9c                SPDIF_RX_IRQHandler
                0x08100e9c                SPI2_IRQHandler
                0x08100e9c                OTG_HS_EP1_IN_IRQHandler
                0x08100e9c                DMA1_Stream0_IRQHandler
                0x08100e9c                CRS_IRQHandler
                0x08100e9c                CM7_SEV_IRQHandler
                0x08100e9c                EXTI4_IRQHandler
                0x08100e9c                CM4_SEV_IRQHandler
                0x08100e9c                HRTIM1_TIMB_IRQHandler
                0x08100e9c                FDCAN2_IT1_IRQHandler
                0x08100e9c                ETH_IRQHandler
                0x08100e9c                TIM1_UP_IRQHandler
                0x08100e9c                WWDG_RST_IRQHandler
                0x08100e9c                BDMA_Channel4_IRQHandler
                0x08100e9c                OTG_HS_EP1_OUT_IRQHandler
                0x08100e9c                WWDG_IRQHandler
                0x08100e9c                SPI6_IRQHandler
                0x08100e9c                MDIOS_IRQHandler
                0x08100e9c                I2C4_EV_IRQHandler
                0x08100e9c                FDCAN2_IT0_IRQHandler
                0x08100e9c                LPUART1_IRQHandler
                0x08100e9c                FDCAN1_IT0_IRQHandler
                0x08100e9c                TIM2_IRQHandler
                0x08100e9c                OTG_FS_WKUP_IRQHandler
                0x08100e9c                OTG_HS_IRQHandler
                0x08100e9c                DMA2D_IRQHandler
                0x08100e9c                TIM1_BRK_IRQHandler
                0x08100e9c                EXTI1_IRQHandler
                0x08100e9c                SDMMC2_IRQHandler
                0x08100e9c                OTG_FS_EP1_OUT_IRQHandler
                0x08100e9c                BDMA_Channel3_IRQHandler
                0x08100e9c                HOLD_CORE_IRQHandler
                0x08100e9c                UART7_IRQHandler
                0x08100e9c                MDIOS_WKUP_IRQHandler
                0x08100e9c                USART2_IRQHandler
                0x08100e9c                DFSDM1_FLT0_IRQHandler
                0x08100e9c                SAI4_IRQHandler
                0x08100e9c                I2C2_ER_IRQHandler
                0x08100e9c                DMA2_Stream1_IRQHandler
                0x08100e9c                FLASH_IRQHandler
                0x08100e9c                DMA2_Stream4_IRQHandler
                0x08100e9c                USART1_IRQHandler
                0x08100e9c                OTG_FS_IRQHandler
                0x08100e9c                SPI3_IRQHandler
                0x08100e9c                WAKEUP_PIN_IRQHandler
                0x08100e9c                DMA1_Stream4_IRQHandler
                0x08100e9c                OTG_FS_EP1_IN_IRQHandler
                0x08100e9c                I2C1_ER_IRQHandler
                0x08100e9c                FMC_IRQHandler
                0x08100e9c                FDCAN_CAL_IRQHandler
                0x08100e9c                SWPMI1_IRQHandler
                0x08100e9c                COMP1_IRQHandler
                0x08100e9c                LPTIM1_IRQHandler
                0x08100e9c                I2C4_ER_IRQHandler
                0x08100e9c                DMA2_Stream6_IRQHandler
                0x08100e9c                SAI1_IRQHandler
                0x08100e9c                DMA1_Stream3_IRQHandler
 *fill*         0x08100e9e        0x2 
 .text.HAL_Init
                0x08100ea0       0xbc ./Drivers/STM32H7xx_HAL_Driver/stm32h7xx_hal.o
                0x08100ea0                HAL_Init
 .text.HAL_IncTick
                0x08100f5c       0x28 ./Drivers/STM32H7xx_HAL_Driver/stm32h7xx_hal.o
                0x08100f5c                HAL_IncTick
 .text.HAL_GetTick
                0x08100f84       0x18 ./Drivers/STM32H7xx_HAL_Driver/stm32h7xx_hal.o
                0x08100f84                HAL_GetTick
 .text.__NVIC_SetPriorityGrouping
                0x08100f9c       0x48 ./Drivers/STM32H7xx_HAL_Driver/stm32h7xx_hal_cortex.o
 .text.__NVIC_GetPriorityGrouping
                0x08100fe4       0x1c ./Drivers/STM32H7xx_HAL_Driver/stm32h7xx_hal_cortex.o
 .text.__NVIC_EnableIRQ
                0x08101000       0x3c ./Drivers/STM32H7xx_HAL_Driver/stm32h7xx_hal_cortex.o
 .text.__NVIC_SetPriority
                0x0810103c       0x54 ./Drivers/STM32H7xx_HAL_Driver/stm32h7xx_hal_cortex.o
 .text.NVIC_EncodePriority
                0x08101090       0x66 ./Drivers/STM32H7xx_HAL_Driver/stm32h7xx_hal_cortex.o
 .text.HAL_NVIC_SetPriorityGrouping
                0x081010f6       0x16 ./Drivers/STM32H7xx_HAL_Driver/stm32h7xx_hal_cortex.o
                0x081010f6                HAL_NVIC_SetPriorityGrouping
 .text.HAL_NVIC_SetPriority
                0x0810110c       0x34 ./Drivers/STM32H7xx_HAL_Driver/stm32h7xx_hal_cortex.o
                0x0810110c                HAL_NVIC_SetPriority
 .text.HAL_NVIC_EnableIRQ
                0x08101140       0x1c ./Drivers/STM32H7xx_HAL_Driver/stm32h7xx_hal_cortex.o
                0x08101140                HAL_NVIC_EnableIRQ
 .text.HAL_GetCurrentCPUID
                0x0810115c       0x28 ./Drivers/STM32H7xx_HAL_Driver/stm32h7xx_hal_cortex.o
                0x0810115c                HAL_GetCurrentCPUID
 .text.HAL_GPIO_Init
                0x08101184      0x360 ./Drivers/STM32H7xx_HAL_Driver/stm32h7xx_hal_gpio.o
                0x08101184                HAL_GPIO_Init
 .text.HAL_GPIO_WritePin
                0x081014e4       0x32 ./Drivers/STM32H7xx_HAL_Driver/stm32h7xx_hal_gpio.o
                0x081014e4                HAL_GPIO_WritePin
 .text.HAL_GPIO_TogglePin
                0x08101516       0x34 ./Drivers/STM32H7xx_HAL_Driver/stm32h7xx_hal_gpio.o
                0x08101516                HAL_GPIO_TogglePin
 *fill*         0x0810154a        0x2 
 .text.HAL_HSEM_FastTake
                0x0810154c       0x34 ./Drivers/STM32H7xx_HAL_Driver/stm32h7xx_hal_hsem.o
                0x0810154c                HAL_HSEM_FastTake
 .text.HAL_HSEM_Release
                0x08101580       0x28 ./Drivers/STM32H7xx_HAL_Driver/stm32h7xx_hal_hsem.o
                0x08101580                HAL_HSEM_Release
 .text.HAL_HSEM_ActivateNotification
                0x081015a8       0x24 ./Drivers/STM32H7xx_HAL_Driver/stm32h7xx_hal_hsem.o
                0x081015a8                HAL_HSEM_ActivateNotification
 .text.HAL_HSEM_IRQHandler
                0x081015cc       0x34 ./Drivers/STM32H7xx_HAL_Driver/stm32h7xx_hal_hsem.o
                0x081015cc                HAL_HSEM_IRQHandler
 .text.HAL_PWREx_EnterSTOPMode
                0x08101600       0xf4 ./Drivers/STM32H7xx_HAL_Driver/stm32h7xx_hal_pwr_ex.o
                0x08101600                HAL_PWREx_EnterSTOPMode
 .text.HAL_PWREx_ClearPendingEvent
                0x081016f4       0x1a ./Drivers/STM32H7xx_HAL_Driver/stm32h7xx_hal_pwr_ex.o
                0x081016f4                HAL_PWREx_ClearPendingEvent
 *fill*         0x0810170e        0x2 
 .text.HAL_RCC_GetSysClockFreq
                0x08101710      0x2f4 ./Drivers/STM32H7xx_HAL_Driver/stm32h7xx_hal_rcc.o
                0x08101710                HAL_RCC_GetSysClockFreq
 .text.HAL_RCC_GetHCLKFreq
                0x08101a04       0x64 ./Drivers/STM32H7xx_HAL_Driver/stm32h7xx_hal_rcc.o
                0x08101a04                HAL_RCC_GetHCLKFreq
 .text.HAL_RCC_GetPCLK1Freq
                0x08101a68       0x2c ./Drivers/STM32H7xx_HAL_Driver/stm32h7xx_hal_rcc.o
                0x08101a68                HAL_RCC_GetPCLK1Freq
 .text.HAL_RCC_GetPCLK2Freq
                0x08101a94       0x2c ./Drivers/STM32H7xx_HAL_Driver/stm32h7xx_hal_rcc.o
                0x08101a94                HAL_RCC_GetPCLK2Freq
 .text.HAL_RCC_GetClockConfig
                0x08101ac0       0x84 ./Drivers/STM32H7xx_HAL_Driver/stm32h7xx_hal_rcc.o
                0x08101ac0                HAL_RCC_GetClockConfig
 .text.HAL_RCCEx_PeriphCLKConfig
                0x08101b44     0x1414 ./Drivers/STM32H7xx_HAL_Driver/stm32h7xx_hal_rcc_ex.o
                0x08101b44                HAL_RCCEx_PeriphCLKConfig
 .text.HAL_RCCEx_GetD3PCLK1Freq
                0x08102f58       0x2c ./Drivers/STM32H7xx_HAL_Driver/stm32h7xx_hal_rcc_ex.o
                0x08102f58                HAL_RCCEx_GetD3PCLK1Freq
 .text.HAL_RCCEx_GetPLL2ClockFreq
                0x08102f84      0x2a8 ./Drivers/STM32H7xx_HAL_Driver/stm32h7xx_hal_rcc_ex.o
                0x08102f84                HAL_RCCEx_GetPLL2ClockFreq
 .text.HAL_RCCEx_GetPLL3ClockFreq
                0x0810322c      0x2a8 ./Drivers/STM32H7xx_HAL_Driver/stm32h7xx_hal_rcc_ex.o
                0x0810322c                HAL_RCCEx_GetPLL3ClockFreq
 .text.RCCEx_PLL2_Config
                0x081034d4      0x164 ./Drivers/STM32H7xx_HAL_Driver/stm32h7xx_hal_rcc_ex.o
 .text.RCCEx_PLL3_Config
                0x08103638      0x164 ./Drivers/STM32H7xx_HAL_Driver/stm32h7xx_hal_rcc_ex.o
 .text.HAL_TIM_Base_Init
                0x0810379c       0xae ./Drivers/STM32H7xx_HAL_Driver/stm32h7xx_hal_tim.o
                0x0810379c                HAL_TIM_Base_Init
 .text.HAL_TIM_Base_MspInit
                0x0810384a       0x14 ./Drivers/STM32H7xx_HAL_Driver/stm32h7xx_hal_tim.o
                0x0810384a                HAL_TIM_Base_MspInit
 *fill*         0x0810385e        0x2 
 .text.HAL_TIM_Base_Start_IT
                0x08103860       0xf0 ./Drivers/STM32H7xx_HAL_Driver/stm32h7xx_hal_tim.o
                0x08103860                HAL_TIM_Base_Start_IT
 .text.HAL_TIM_IRQHandler
                0x08103950      0x20e ./Drivers/STM32H7xx_HAL_Driver/stm32h7xx_hal_tim.o
                0x08103950                HAL_TIM_IRQHandler
 .text.HAL_TIM_OC_DelayElapsedCallback
                0x08103b5e       0x14 ./Drivers/STM32H7xx_HAL_Driver/stm32h7xx_hal_tim.o
                0x08103b5e                HAL_TIM_OC_DelayElapsedCallback
 .text.HAL_TIM_IC_CaptureCallback
                0x08103b72       0x14 ./Drivers/STM32H7xx_HAL_Driver/stm32h7xx_hal_tim.o
                0x08103b72                HAL_TIM_IC_CaptureCallback
 .text.HAL_TIM_PWM_PulseFinishedCallback
                0x08103b86       0x14 ./Drivers/STM32H7xx_HAL_Driver/stm32h7xx_hal_tim.o
                0x08103b86                HAL_TIM_PWM_PulseFinishedCallback
 .text.HAL_TIM_TriggerCallback
                0x08103b9a       0x14 ./Drivers/STM32H7xx_HAL_Driver/stm32h7xx_hal_tim.o
                0x08103b9a                HAL_TIM_TriggerCallback
 *fill*         0x08103bae        0x2 
 .text.TIM_Base_SetConfig
                0x08103bb0      0x14c ./Drivers/STM32H7xx_HAL_Driver/stm32h7xx_hal_tim.o
                0x08103bb0                TIM_Base_SetConfig
 .text.HAL_TIMEx_CommutCallback
                0x08103cfc       0x14 ./Drivers/STM32H7xx_HAL_Driver/stm32h7xx_hal_tim_ex.o
                0x08103cfc                HAL_TIMEx_CommutCallback
 .text.HAL_TIMEx_BreakCallback
                0x08103d10       0x14 ./Drivers/STM32H7xx_HAL_Driver/stm32h7xx_hal_tim_ex.o
                0x08103d10                HAL_TIMEx_BreakCallback
 .text.HAL_TIMEx_Break2Callback
                0x08103d24       0x14 ./Drivers/STM32H7xx_HAL_Driver/stm32h7xx_hal_tim_ex.o
                0x08103d24                HAL_TIMEx_Break2Callback
 .text.HAL_UART_Init
                0x08103d38       0xa0 ./Drivers/STM32H7xx_HAL_Driver/stm32h7xx_hal_uart.o
                0x08103d38                HAL_UART_Init
 .text.HAL_UART_Transmit
                0x08103dd8      0x11c ./Drivers/STM32H7xx_HAL_Driver/stm32h7xx_hal_uart.o
                0x08103dd8                HAL_UART_Transmit
 .text.UART_SetConfig
                0x08103ef4      0xad0 ./Drivers/STM32H7xx_HAL_Driver/stm32h7xx_hal_uart.o
                0x08103ef4                UART_SetConfig
 .text.UART_AdvFeatureConfig
                0x081049c4      0x144 ./Drivers/STM32H7xx_HAL_Driver/stm32h7xx_hal_uart.o
                0x081049c4                UART_AdvFeatureConfig
 .text.UART_CheckIdleState
                0x08104b08      0x154 ./Drivers/STM32H7xx_HAL_Driver/stm32h7xx_hal_uart.o
                0x08104b08                UART_CheckIdleState
 .text.UART_WaitOnFlagUntilTimeout
                0x08104c5c       0xda ./Drivers/STM32H7xx_HAL_Driver/stm32h7xx_hal_uart.o
                0x08104c5c                UART_WaitOnFlagUntilTimeout
 .text.UART_EndRxTransfer
                0x08104d36       0xcc ./Drivers/STM32H7xx_HAL_Driver/stm32h7xx_hal_uart.o
 .text.HAL_UARTEx_DisableFifoMode
                0x08104e02       0x72 ./Drivers/STM32H7xx_HAL_Driver/stm32h7xx_hal_uart_ex.o
                0x08104e02                HAL_UARTEx_DisableFifoMode
 .text.HAL_UARTEx_SetTxFifoThreshold
                0x08104e74       0x7c ./Drivers/STM32H7xx_HAL_Driver/stm32h7xx_hal_uart_ex.o
                0x08104e74                HAL_UARTEx_SetTxFifoThreshold
 .text.HAL_UARTEx_SetRxFifoThreshold
                0x08104ef0       0x7c ./Drivers/STM32H7xx_HAL_Driver/stm32h7xx_hal_uart_ex.o
                0x08104ef0                HAL_UARTEx_SetRxFifoThreshold
 .text.UARTEx_SetNbDataToProcess
                0x08104f6c       0x9c ./Drivers/STM32H7xx_HAL_Driver/stm32h7xx_hal_uart_ex.o
 .text.__NVIC_SetPriority
                0x08105008       0x54 ./Middlewares/Third_Party/FreeRTOS/cmsis_os2.o
 .text.SysTick_Handler
                0x0810505c       0x20 ./Middlewares/Third_Party/FreeRTOS/cmsis_os2.o
                0x0810505c                SysTick_Handler
 .text.SVC_Setup
                0x0810507c       0x12 ./Middlewares/Third_Party/FreeRTOS/cmsis_os2.o
 *fill*         0x0810508e        0x2 
 .text.osKernelInitialize
                0x08105090       0x48 ./Middlewares/Third_Party/FreeRTOS/cmsis_os2.o
                0x08105090                osKernelInitialize
 .text.osKernelStart
                0x081050d8       0x4c ./Middlewares/Third_Party/FreeRTOS/cmsis_os2.o
                0x081050d8                osKernelStart
 .text.osThreadNew
                0x08105124      0x124 ./Middlewares/Third_Party/FreeRTOS/cmsis_os2.o
                0x08105124                osThreadNew
 .text.osThreadTerminate
                0x08105248       0x5a ./Middlewares/Third_Party/FreeRTOS/cmsis_os2.o
                0x08105248                osThreadTerminate
 .text.osDelay  0x081052a2       0x36 ./Middlewares/Third_Party/FreeRTOS/cmsis_os2.o
                0x081052a2                osDelay
 .text.osSemaphoreNew
                0x081052d8      0x112 ./Middlewares/Third_Party/FreeRTOS/cmsis_os2.o
                0x081052d8                osSemaphoreNew
 *fill*         0x081053ea        0x2 
 .text.osSemaphoreAcquire
                0x081053ec       0xa4 ./Middlewares/Third_Party/FreeRTOS/cmsis_os2.o
                0x081053ec                osSemaphoreAcquire
 .text.osSemaphoreRelease
                0x08105490       0x88 ./Middlewares/Third_Party/FreeRTOS/cmsis_os2.o
                0x08105490                osSemaphoreRelease
 .text.vApplicationGetIdleTaskMemory
                0x08105518       0x34 ./Middlewares/Third_Party/FreeRTOS/cmsis_os2.o
                0x08105518                vApplicationGetIdleTaskMemory
 .text.vApplicationGetTimerTaskMemory
                0x0810554c       0x34 ./Middlewares/Third_Party/FreeRTOS/cmsis_os2.o
                0x0810554c                vApplicationGetTimerTaskMemory
 .text.pvPortMalloc
                0x08105580      0x19c ./Middlewares/Third_Party/FreeRTOS/heap_4.o
                0x08105580                pvPortMalloc
 .text.vPortFree
                0x0810571c       0xc8 ./Middlewares/Third_Party/FreeRTOS/heap_4.o
                0x0810571c                vPortFree
 .text.prvHeapInit
                0x081057e4       0xc4 ./Middlewares/Third_Party/FreeRTOS/heap_4.o
 .text.prvInsertBlockIntoFreeList
                0x081058a8       0xb4 ./Middlewares/Third_Party/FreeRTOS/heap_4.o
 .text.vListInitialise
                0x0810595c       0x40 ./Middlewares/Third_Party/FreeRTOS/list.o
                0x0810595c                vListInitialise
 .text.vListInitialiseItem
                0x0810599c       0x1a ./Middlewares/Third_Party/FreeRTOS/list.o
                0x0810599c                vListInitialiseItem
 .text.vListInsertEnd
                0x081059b6       0x48 ./Middlewares/Third_Party/FreeRTOS/list.o
                0x081059b6                vListInsertEnd
 .text.vListInsert
                0x081059fe       0x72 ./Middlewares/Third_Party/FreeRTOS/list.o
                0x081059fe                vListInsert
 .text.uxListRemove
                0x08105a70       0x54 ./Middlewares/Third_Party/FreeRTOS/list.o
                0x08105a70                uxListRemove
 .text.pxPortInitialiseStack
                0x08105ac4       0x68 ./Middlewares/Third_Party/FreeRTOS/port.o
                0x08105ac4                pxPortInitialiseStack
 .text.prvTaskExitError
                0x08105b2c       0x5c ./Middlewares/Third_Party/FreeRTOS/port.o
 *fill*         0x08105b88        0x8 
 .text.SVC_Handler
                0x08105b90       0x28 ./Middlewares/Third_Party/FreeRTOS/port.o
                0x08105b90                SVC_Handler
 .text.prvPortStartFirstTask
                0x08105bb8       0x28 ./Middlewares/Third_Party/FreeRTOS/port.o
 .text.xPortStartScheduler
                0x08105be0      0x148 ./Middlewares/Third_Party/FreeRTOS/port.o
                0x08105be0                xPortStartScheduler
 .text.vPortEnterCritical
                0x08105d28       0x64 ./Middlewares/Third_Party/FreeRTOS/port.o
                0x08105d28                vPortEnterCritical
 .text.vPortExitCritical
                0x08105d8c       0x54 ./Middlewares/Third_Party/FreeRTOS/port.o
                0x08105d8c                vPortExitCritical
 .text.PendSV_Handler
                0x08105de0       0x68 ./Middlewares/Third_Party/FreeRTOS/port.o
                0x08105de0                PendSV_Handler
 .text.xPortSysTickHandler
                0x08105e48       0x44 ./Middlewares/Third_Party/FreeRTOS/port.o
                0x08105e48                xPortSysTickHandler
 .text.vPortSetupTimerInterrupt
                0x08105e8c       0x48 ./Middlewares/Third_Party/FreeRTOS/port.o
                0x08105e8c                vPortSetupTimerInterrupt
 .text.vPortEnableVFP
                0x08105ed4       0x14 ./Middlewares/Third_Party/FreeRTOS/port.o
 .text.vPortValidateInterruptPriority
                0x08105ee8       0x84 ./Middlewares/Third_Party/FreeRTOS/port.o
                0x08105ee8                vPortValidateInterruptPriority
 .text.xQueueGenericReset
                0x08105f6c       0xd4 ./Middlewares/Third_Party/FreeRTOS/queue.o
                0x08105f6c                xQueueGenericReset
 .text.xQueueGenericCreateStatic
                0x08106040       0xfa ./Middlewares/Third_Party/FreeRTOS/queue.o
                0x08106040                xQueueGenericCreateStatic
 .text.xQueueGenericCreate
                0x0810613a       0x76 ./Middlewares/Third_Party/FreeRTOS/queue.o
                0x0810613a                xQueueGenericCreate
 .text.prvInitialiseNewQueue
                0x081061b0       0x46 ./Middlewares/Third_Party/FreeRTOS/queue.o
 .text.xQueueCreateCountingSemaphoreStatic
                0x081061f6       0x72 ./Middlewares/Third_Party/FreeRTOS/queue.o
                0x081061f6                xQueueCreateCountingSemaphoreStatic
 .text.xQueueCreateCountingSemaphore
                0x08106268       0x6a ./Middlewares/Third_Party/FreeRTOS/queue.o
                0x08106268                xQueueCreateCountingSemaphore
 *fill*         0x081062d2        0x2 
 .text.xQueueGenericSend
                0x081062d4      0x204 ./Middlewares/Third_Party/FreeRTOS/queue.o
                0x081062d4                xQueueGenericSend
 .text.xQueueGenericSendFromISR
                0x081064d8      0x13c ./Middlewares/Third_Party/FreeRTOS/queue.o
                0x081064d8                xQueueGenericSendFromISR
 .text.xQueueGiveFromISR
                0x08106614      0x120 ./Middlewares/Third_Party/FreeRTOS/queue.o
                0x08106614                xQueueGiveFromISR
 .text.xQueueReceive
                0x08106734      0x1c4 ./Middlewares/Third_Party/FreeRTOS/queue.o
                0x08106734                xQueueReceive
 .text.xQueueSemaphoreTake
                0x081068f8      0x220 ./Middlewares/Third_Party/FreeRTOS/queue.o
                0x081068f8                xQueueSemaphoreTake
 .text.xQueueReceiveFromISR
                0x08106b18      0x104 ./Middlewares/Third_Party/FreeRTOS/queue.o
                0x08106b18                xQueueReceiveFromISR
 .text.vQueueDelete
                0x08106c1c       0x48 ./Middlewares/Third_Party/FreeRTOS/queue.o
                0x08106c1c                vQueueDelete
 .text.prvGetDisinheritPriorityAfterTimeout
                0x08106c64       0x30 ./Middlewares/Third_Party/FreeRTOS/queue.o
 .text.prvCopyDataToQueue
                0x08106c94       0xd4 ./Middlewares/Third_Party/FreeRTOS/queue.o
 .text.prvCopyDataFromQueue
                0x08106d68       0x4c ./Middlewares/Third_Party/FreeRTOS/queue.o
 .text.prvUnlockQueue
                0x08106db4       0xa4 ./Middlewares/Third_Party/FreeRTOS/queue.o
 .text.prvIsQueueEmpty
                0x08106e58       0x2c ./Middlewares/Third_Party/FreeRTOS/queue.o
 .text.prvIsQueueFull
                0x08106e84       0x30 ./Middlewares/Third_Party/FreeRTOS/queue.o
 .text.vQueueAddToRegistry
                0x08106eb4       0x54 ./Middlewares/Third_Party/FreeRTOS/queue.o
                0x08106eb4                vQueueAddToRegistry
 .text.vQueueUnregisterQueue
                0x08106f08       0x54 ./Middlewares/Third_Party/FreeRTOS/queue.o
                0x08106f08                vQueueUnregisterQueue
 .text.vQueueWaitForMessageRestricted
                0x08106f5c       0x68 ./Middlewares/Third_Party/FreeRTOS/queue.o
                0x08106f5c                vQueueWaitForMessageRestricted
 .text.xTaskCreateStatic
                0x08106fc4       0xc0 ./Middlewares/Third_Party/FreeRTOS/tasks.o
                0x08106fc4                xTaskCreateStatic
 .text.xTaskCreate
                0x08107084       0x8a ./Middlewares/Third_Party/FreeRTOS/tasks.o
                0x08107084                xTaskCreate
 *fill*         0x0810710e        0x2 
 .text.prvInitialiseNewTask
                0x08107110      0x150 ./Middlewares/Third_Party/FreeRTOS/tasks.o
 .text.prvAddNewTaskToReadyList
                0x08107260       0xe0 ./Middlewares/Third_Party/FreeRTOS/tasks.o
 .text.vTaskDelete
                0x08107340       0xe8 ./Middlewares/Third_Party/FreeRTOS/tasks.o
                0x08107340                vTaskDelete
 .text.vTaskDelay
                0x08107428       0x6c ./Middlewares/Third_Party/FreeRTOS/tasks.o
                0x08107428                vTaskDelay
 .text.eTaskGetState
                0x08107494       0xd0 ./Middlewares/Third_Party/FreeRTOS/tasks.o
                0x08107494                eTaskGetState
 .text.vTaskStartScheduler
                0x08107564       0xe0 ./Middlewares/Third_Party/FreeRTOS/tasks.o
                0x08107564                vTaskStartScheduler
 .text.vTaskSuspendAll
                0x08107644       0x1c ./Middlewares/Third_Party/FreeRTOS/tasks.o
                0x08107644                vTaskSuspendAll
 .text.xTaskResumeAll
                0x08107660      0x13c ./Middlewares/Third_Party/FreeRTOS/tasks.o
                0x08107660                xTaskResumeAll
 .text.xTaskGetTickCount
                0x0810779c       0x20 ./Middlewares/Third_Party/FreeRTOS/tasks.o
                0x0810779c                xTaskGetTickCount
 .text.xTaskIncrementTick
                0x081077bc      0x174 ./Middlewares/Third_Party/FreeRTOS/tasks.o
                0x081077bc                xTaskIncrementTick
 .text.vTaskSwitchContext
                0x08107930       0xcc ./Middlewares/Third_Party/FreeRTOS/tasks.o
                0x08107930                vTaskSwitchContext
 .text.vTaskPlaceOnEventList
                0x081079fc       0x4c ./Middlewares/Third_Party/FreeRTOS/tasks.o
                0x081079fc                vTaskPlaceOnEventList
 .text.vTaskPlaceOnEventListRestricted
                0x08107a48       0x58 ./Middlewares/Third_Party/FreeRTOS/tasks.o
                0x08107a48                vTaskPlaceOnEventListRestricted
 .text.xTaskRemoveFromEventList
                0x08107aa0       0xc8 ./Middlewares/Third_Party/FreeRTOS/tasks.o
                0x08107aa0                xTaskRemoveFromEventList
 .text.vTaskInternalSetTimeOutState
                0x08107b68       0x2c ./Middlewares/Third_Party/FreeRTOS/tasks.o
                0x08107b68                vTaskInternalSetTimeOutState
 .text.xTaskCheckForTimeOut
                0x08107b94       0xc8 ./Middlewares/Third_Party/FreeRTOS/tasks.o
                0x08107b94                xTaskCheckForTimeOut
 .text.vTaskMissedYield
                0x08107c5c       0x18 ./Middlewares/Third_Party/FreeRTOS/tasks.o
                0x08107c5c                vTaskMissedYield
 .text.prvIdleTask
                0x08107c74       0x30 ./Middlewares/Third_Party/FreeRTOS/tasks.o
 .text.prvInitialiseTaskLists
                0x08107ca4       0x80 ./Middlewares/Third_Party/FreeRTOS/tasks.o
 .text.prvCheckTasksWaitingTermination
                0x08107d24       0x5c ./Middlewares/Third_Party/FreeRTOS/tasks.o
 .text.prvDeleteTCB
                0x08107d80       0x6a ./Middlewares/Third_Party/FreeRTOS/tasks.o
 *fill*         0x08107dea        0x2 
 .text.prvResetNextTaskUnblockTime
                0x08107dec       0x40 ./Middlewares/Third_Party/FreeRTOS/tasks.o
 .text.xTaskGetSchedulerState
                0x08107e2c       0x3c ./Middlewares/Third_Party/FreeRTOS/tasks.o
                0x08107e2c                xTaskGetSchedulerState
 .text.xTaskPriorityInherit
                0x08107e68       0xd0 ./Middlewares/Third_Party/FreeRTOS/tasks.o
                0x08107e68                xTaskPriorityInherit
 .text.xTaskPriorityDisinherit
                0x08107f38       0xe0 ./Middlewares/Third_Party/FreeRTOS/tasks.o
                0x08107f38                xTaskPriorityDisinherit
 .text.vTaskPriorityDisinheritAfterTimeout
                0x08108018      0x108 ./Middlewares/Third_Party/FreeRTOS/tasks.o
                0x08108018                vTaskPriorityDisinheritAfterTimeout
 .text.pvTaskIncrementMutexHeldCount
                0x08108120       0x28 ./Middlewares/Third_Party/FreeRTOS/tasks.o
                0x08108120                pvTaskIncrementMutexHeldCount
 .text.prvAddCurrentTaskToDelayedList
                0x08108148       0xa8 ./Middlewares/Third_Party/FreeRTOS/tasks.o
 .text.xTimerCreateTimerTask
                0x081081f0       0x94 ./Middlewares/Third_Party/FreeRTOS/timers.o
                0x081081f0                xTimerCreateTimerTask
 .text.xTimerGenericCommand
                0x08108284       0x9c ./Middlewares/Third_Party/FreeRTOS/timers.o
                0x08108284                xTimerGenericCommand
 .text.prvProcessExpiredTimer
                0x08108320       0x9c ./Middlewares/Third_Party/FreeRTOS/timers.o
 .text.prvTimerTask
                0x081083bc       0x26 ./Middlewares/Third_Party/FreeRTOS/timers.o
 *fill*         0x081083e2        0x2 
 .text.prvProcessTimerOrBlockTask
                0x081083e4       0x9c ./Middlewares/Third_Party/FreeRTOS/timers.o
 .text.prvGetNextExpireTime
                0x08108480       0x48 ./Middlewares/Third_Party/FreeRTOS/timers.o
 .text.prvSampleTimeNow
                0x081084c8       0x40 ./Middlewares/Third_Party/FreeRTOS/timers.o
 .text.prvInsertTimerInActiveList
                0x08108508       0x84 ./Middlewares/Third_Party/FreeRTOS/timers.o
 .text.prvProcessReceivedCommands
                0x0810858c      0x1cc ./Middlewares/Third_Party/FreeRTOS/timers.o
 .text.prvSwitchTimerLists
                0x08108758       0xcc ./Middlewares/Third_Party/FreeRTOS/timers.o
 .text.prvCheckForValidListAndQueue
                0x08108824       0x80 ./Middlewares/Third_Party/FreeRTOS/timers.o
 .text.metal_list_init
                0x081088a4       0x22 ./Middlewares/Third_Party/OpenAMP/device.o
 .text.metal_list_add_before
                0x081088c6       0x34 ./Middlewares/Third_Party/OpenAMP/device.o
 .text.metal_list_add_tail
                0x081088fa       0x1a ./Middlewares/Third_Party/OpenAMP/device.o
 .text.metal_list_del
                0x08108914       0x36 ./Middlewares/Third_Party/OpenAMP/device.o
 .text.__metal_cache_flush
                0x0810894a       0x1a ./Middlewares/Third_Party/OpenAMP/device.o
 .text.__metal_cache_invalidate
                0x08108964       0x1a ./Middlewares/Third_Party/OpenAMP/device.o
 .text.metal_cache_flush
                0x0810897e       0x1a ./Middlewares/Third_Party/OpenAMP/device.o
 .text.metal_cache_invalidate
                0x08108998       0x1a ./Middlewares/Third_Party/OpenAMP/device.o
 *fill*         0x081089b2        0x2 
 .text.metal_bus_register
                0x081089b4       0x88 ./Middlewares/Third_Party/OpenAMP/device.o
                0x081089b4                metal_bus_register
 .text.metal_bus_unregister
                0x08108a3c       0x54 ./Middlewares/Third_Party/OpenAMP/device.o
                0x08108a3c                metal_bus_unregister
 .text.metal_bus_find
                0x08108a90       0x60 ./Middlewares/Third_Party/OpenAMP/device.o
                0x08108a90                metal_bus_find
 .text.metal_device_open
                0x08108af0       0x7c ./Middlewares/Third_Party/OpenAMP/device.o
                0x08108af0                metal_device_open
 .text.metal_register_generic_device
                0x08108b6c       0x4c ./Middlewares/Third_Party/OpenAMP/device.o
                0x08108b6c                metal_register_generic_device
 .text.metal_generic_dev_open
                0x08108bb8       0x60 ./Middlewares/Third_Party/OpenAMP/device.o
                0x08108bb8                metal_generic_dev_open
 .text.metal_generic_dev_dma_map
                0x08108c18       0xa2 ./Middlewares/Third_Party/OpenAMP/device.o
                0x08108c18                metal_generic_dev_dma_map
 .text.metal_generic_dev_dma_unmap
                0x08108cba       0x56 ./Middlewares/Third_Party/OpenAMP/device.o
                0x08108cba                metal_generic_dev_dma_unmap
 .text.metal_generic_dev_sys_open
                0x08108d10       0x4e ./Middlewares/Third_Party/OpenAMP/generic_device.o
                0x08108d10                metal_generic_dev_sys_open
 *fill*         0x08108d5e        0x2 
 .text.metal_sys_init
                0x08108d60       0x1c ./Middlewares/Third_Party/OpenAMP/generic_init.o
                0x08108d60                metal_sys_init
 .text.metal_sys_finish
                0x08108d7c       0x14 ./Middlewares/Third_Party/OpenAMP/generic_init.o
                0x08108d7c                metal_sys_finish
 .text.metal_sys_io_mem_map
                0x08108d90       0x7c ./Middlewares/Third_Party/OpenAMP/generic_io.o
                0x08108d90                metal_sys_io_mem_map
 .text.metal_list_init
                0x08108e0c       0x22 ./Middlewares/Third_Party/OpenAMP/init.o
 *fill*         0x08108e2e        0x2 
 .text.metal_init
                0x08108e30       0x64 ./Middlewares/Third_Party/OpenAMP/init.o
                0x08108e30                metal_init
 .text.metal_finish
                0x08108e94       0x1c ./Middlewares/Third_Party/OpenAMP/init.o
                0x08108e94                metal_finish
 .text.metal_io_virt
                0x08108eb0       0x36 ./Middlewares/Third_Party/OpenAMP/io.o
 .text.metal_io_init
                0x08108ee6       0x9e ./Middlewares/Third_Party/OpenAMP/io.o
                0x08108ee6                metal_io_init
 .text.metal_io_block_read
                0x08108f84       0xee ./Middlewares/Third_Party/OpenAMP/io.o
                0x08108f84                metal_io_block_read
 .text.metal_io_block_write
                0x08109072       0xec ./Middlewares/Third_Party/OpenAMP/io.o
                0x08109072                metal_io_block_write
 .text.metal_default_log_handler
                0x0810915e       0x1a ./Middlewares/Third_Party/OpenAMP/log.o
                0x0810915e                metal_default_log_handler
 .text.metal_io_virt
                0x08109178       0x36 ./Middlewares/Third_Party/OpenAMP/remoteproc_virtio.o
 .text.metal_io_virt_to_offset
                0x081091ae       0x32 ./Middlewares/Third_Party/OpenAMP/remoteproc_virtio.o
 .text.metal_io_read
                0x081091e0      0x104 ./Middlewares/Third_Party/OpenAMP/remoteproc_virtio.o
 .text.metal_allocate_memory
                0x081092e4       0x18 ./Middlewares/Third_Party/OpenAMP/remoteproc_virtio.o
 .text.metal_free_memory
                0x081092fc       0x16 ./Middlewares/Third_Party/OpenAMP/remoteproc_virtio.o
 .text.virtqueue_allocate
                0x08109312       0x32 ./Middlewares/Third_Party/OpenAMP/remoteproc_virtio.o
 .text.rproc_virtio_virtqueue_notify
                0x08109344       0x68 ./Middlewares/Third_Party/OpenAMP/remoteproc_virtio.o
 .text.rproc_virtio_get_status
                0x081093ac       0x44 ./Middlewares/Third_Party/OpenAMP/remoteproc_virtio.o
 .text.rproc_virtio_get_features
                0x081093f0       0x44 ./Middlewares/Third_Party/OpenAMP/remoteproc_virtio.o
 .text.rproc_virtio_negotiate_features
                0x08109434       0x18 ./Middlewares/Third_Party/OpenAMP/remoteproc_virtio.o
 .text.rproc_virtio_read_config
                0x0810944c       0x1a ./Middlewares/Third_Party/OpenAMP/remoteproc_virtio.o
 *fill*         0x08109466        0x2 
 .text.rproc_virtio_create_vdev
                0x08109468      0x15c ./Middlewares/Third_Party/OpenAMP/remoteproc_virtio.o
                0x08109468                rproc_virtio_create_vdev
 .text.rproc_virtio_init_vring
                0x081095c4       0x62 ./Middlewares/Third_Party/OpenAMP/remoteproc_virtio.o
                0x081095c4                rproc_virtio_init_vring
 .text.rproc_virtio_notified
                0x08109626       0x78 ./Middlewares/Third_Party/OpenAMP/remoteproc_virtio.o
                0x08109626                rproc_virtio_notified
 .text.rproc_virtio_wait_remote_ready
                0x0810969e       0x32 ./Middlewares/Third_Party/OpenAMP/remoteproc_virtio.o
                0x0810969e                rproc_virtio_wait_remote_ready
 .text.__metal_mutex_acquire
                0x081096d0       0x38 ./Middlewares/Third_Party/OpenAMP/rpmsg.o
 .text.__metal_mutex_release
                0x08109708       0x22 ./Middlewares/Third_Party/OpenAMP/rpmsg.o
 .text.metal_mutex_acquire
                0x0810972a       0x16 ./Middlewares/Third_Party/OpenAMP/rpmsg.o
 .text.metal_mutex_release
                0x08109740       0x16 ./Middlewares/Third_Party/OpenAMP/rpmsg.o
 .text.metal_list_add_before
                0x08109756       0x34 ./Middlewares/Third_Party/OpenAMP/rpmsg.o
 .text.metal_list_add_tail
                0x0810978a       0x1a ./Middlewares/Third_Party/OpenAMP/rpmsg.o
 .text.metal_list_del
                0x081097a4       0x36 ./Middlewares/Third_Party/OpenAMP/rpmsg.o
 .text.metal_bitmap_set_bit
                0x081097da       0x38 ./Middlewares/Third_Party/OpenAMP/rpmsg.o
 .text.metal_bitmap_is_bit_set
                0x08109812       0x30 ./Middlewares/Third_Party/OpenAMP/rpmsg.o
 .text.metal_bitmap_clear_bit
                0x08109842       0x3a ./Middlewares/Third_Party/OpenAMP/rpmsg.o
 .text.metal_bitmap_is_bit_clear
                0x0810987c       0x26 ./Middlewares/Third_Party/OpenAMP/rpmsg.o
 .text.metal_bitmap_next_clear_bit
                0x081098a2       0x3a ./Middlewares/Third_Party/OpenAMP/rpmsg.o
 .text.rpmsg_init_ept
                0x081098dc       0x3a ./Middlewares/Third_Party/OpenAMP/rpmsg.o
 .text.rpmsg_get_address
                0x08109916       0x3e ./Middlewares/Third_Party/OpenAMP/rpmsg.o
 .text.rpmsg_release_address
                0x08109954       0x24 ./Middlewares/Third_Party/OpenAMP/rpmsg.o
 .text.rpmsg_is_address_set
                0x08109978       0x30 ./Middlewares/Third_Party/OpenAMP/rpmsg.o
 .text.rpmsg_set_address
                0x081099a8       0x30 ./Middlewares/Third_Party/OpenAMP/rpmsg.o
 .text.rpmsg_send_offchannel_raw
                0x081099d8       0x64 ./Middlewares/Third_Party/OpenAMP/rpmsg.o
                0x081099d8                rpmsg_send_offchannel_raw
 .text.rpmsg_send_ns_message
                0x08109a3c       0x50 ./Middlewares/Third_Party/OpenAMP/rpmsg.o
                0x08109a3c                rpmsg_send_ns_message
 .text.rpmsg_get_endpoint
                0x08109a8c       0xc0 ./Middlewares/Third_Party/OpenAMP/rpmsg.o
                0x08109a8c                rpmsg_get_endpoint
 .text.rpmsg_unregister_endpoint
                0x08109b4c       0x44 ./Middlewares/Third_Party/OpenAMP/rpmsg.o
 .text.rpmsg_register_endpoint
                0x08109b90       0x28 ./Middlewares/Third_Party/OpenAMP/rpmsg.o
                0x08109b90                rpmsg_register_endpoint
 .text.rpmsg_create_ept
                0x08109bb8       0xfc ./Middlewares/Third_Party/OpenAMP/rpmsg.o
                0x08109bb8                rpmsg_create_ept
 .text.rpmsg_destroy_ept
                0x08109cb4       0x48 ./Middlewares/Third_Party/OpenAMP/rpmsg.o
                0x08109cb4                rpmsg_destroy_ept
 .text.__metal_cache_invalidate
                0x08109cfc       0x1a ./Middlewares/Third_Party/OpenAMP/rpmsg_virtio.o
 .text.metal_cache_invalidate
                0x08109d16       0x1a ./Middlewares/Third_Party/OpenAMP/rpmsg_virtio.o
 .text.__metal_sleep_usec
                0x08109d30       0x16 ./Middlewares/Third_Party/OpenAMP/rpmsg_virtio.o
 .text.metal_sleep_usec
                0x08109d46       0x18 ./Middlewares/Third_Party/OpenAMP/rpmsg_virtio.o
 .text.metal_list_init
                0x08109d5e       0x22 ./Middlewares/Third_Party/OpenAMP/rpmsg_virtio.o
 .text.metal_list_is_empty
                0x08109d80       0x24 ./Middlewares/Third_Party/OpenAMP/rpmsg_virtio.o
 .text.metal_io_virt_to_offset
                0x08109da4       0x32 ./Middlewares/Third_Party/OpenAMP/rpmsg_virtio.o
 .text.__metal_mutex_init
                0x08109dd6       0x2c ./Middlewares/Third_Party/OpenAMP/rpmsg_virtio.o
 .text.__metal_mutex_deinit
                0x08109e02       0x14 ./Middlewares/Third_Party/OpenAMP/rpmsg_virtio.o
 .text.__metal_mutex_acquire
                0x08109e16       0x38 ./Middlewares/Third_Party/OpenAMP/rpmsg_virtio.o
 .text.__metal_mutex_release
                0x08109e4e       0x22 ./Middlewares/Third_Party/OpenAMP/rpmsg_virtio.o
 .text.metal_mutex_init
                0x08109e70       0x16 ./Middlewares/Third_Party/OpenAMP/rpmsg_virtio.o
 .text.metal_mutex_deinit
                0x08109e86       0x16 ./Middlewares/Third_Party/OpenAMP/rpmsg_virtio.o
 .text.metal_mutex_acquire
                0x08109e9c       0x16 ./Middlewares/Third_Party/OpenAMP/rpmsg_virtio.o
 .text.metal_mutex_release
                0x08109eb2       0x16 ./Middlewares/Third_Party/OpenAMP/rpmsg_virtio.o
 .text.rpmsg_init_ept
                0x08109ec8       0x3a ./Middlewares/Third_Party/OpenAMP/rpmsg_virtio.o
 .text.rpmsg_virtio_get_role
                0x08109f02       0x1a ./Middlewares/Third_Party/OpenAMP/rpmsg_virtio.o
 .text.rpmsg_virtio_set_status
                0x08109f1c       0x26 ./Middlewares/Third_Party/OpenAMP/rpmsg_virtio.o
 .text.rpmsg_virtio_get_status
                0x08109f42       0x22 ./Middlewares/Third_Party/OpenAMP/rpmsg_virtio.o
 .text.rpmsg_virtio_get_features
                0x08109f64       0x22 ./Middlewares/Third_Party/OpenAMP/rpmsg_virtio.o
 .text.rpmsg_virtio_create_virtqueues
                0x08109f86       0x2a ./Middlewares/Third_Party/OpenAMP/rpmsg_virtio.o
 .text.rpmsg_get_ept_from_addr
                0x08109fb0       0x22 ./Middlewares/Third_Party/OpenAMP/rpmsg_virtio.o
 .text.rpmsg_virtio_init_shm_pool
                0x08109fd2       0x5a ./Middlewares/Third_Party/OpenAMP/rpmsg_virtio.o
                0x08109fd2                rpmsg_virtio_init_shm_pool
 .text.rpmsg_virtio_return_buffer
                0x0810a02c       0x32 ./Middlewares/Third_Party/OpenAMP/rpmsg_virtio.o
 .text.rpmsg_virtio_enqueue_buffer
                0x0810a05e       0x38 ./Middlewares/Third_Party/OpenAMP/rpmsg_virtio.o
 .text.rpmsg_virtio_get_tx_buffer
                0x0810a096       0x38 ./Middlewares/Third_Party/OpenAMP/rpmsg_virtio.o
 .text.rpmsg_virtio_get_rx_buffer
                0x0810a0ce       0x4a ./Middlewares/Third_Party/OpenAMP/rpmsg_virtio.o
 .text.rpmsg_virtio_wait_remote_ready
                0x0810a118       0x3a ./Middlewares/Third_Party/OpenAMP/rpmsg_virtio.o
 .text._rpmsg_virtio_get_buffer_size
                0x0810a152       0x34 ./Middlewares/Third_Party/OpenAMP/rpmsg_virtio.o
 *fill*         0x0810a186        0x2 
 .text.rpmsg_virtio_send_offchannel_raw
                0x0810a188      0x154 ./Middlewares/Third_Party/OpenAMP/rpmsg_virtio.o
 .text.rpmsg_virtio_tx_callback
                0x0810a2dc       0x14 ./Middlewares/Third_Party/OpenAMP/rpmsg_virtio.o
 .text.rpmsg_virtio_rx_callback
                0x0810a2f0       0xec ./Middlewares/Third_Party/OpenAMP/rpmsg_virtio.o
 .text.rpmsg_virtio_ns_callback
                0x0810a3dc       0xe4 ./Middlewares/Third_Party/OpenAMP/rpmsg_virtio.o
 .text.rpmsg_init_vdev
                0x0810a4c0      0x138 ./Middlewares/Third_Party/OpenAMP/rpmsg_virtio.o
                0x0810a4c0                rpmsg_init_vdev
 .text.rpmsg_deinit_vdev
                0x0810a5f8       0x4c ./Middlewares/Third_Party/OpenAMP/rpmsg_virtio.o
                0x0810a5f8                rpmsg_deinit_vdev
 .text.metal_machine_cache_flush
                0x0810a644       0x16 ./Middlewares/Third_Party/OpenAMP/sys.o
                0x0810a644                metal_machine_cache_flush
 .text.metal_machine_cache_invalidate
                0x0810a65a       0x16 ./Middlewares/Third_Party/OpenAMP/sys.o
                0x0810a65a                metal_machine_cache_invalidate
 .text.metal_machine_io_mem_map
                0x0810a670       0x1c ./Middlewares/Third_Party/OpenAMP/sys.o
                0x0810a670                metal_machine_io_mem_map
 .text.virtio_create_virtqueues
                0x0810a68c       0x98 ./Middlewares/Third_Party/OpenAMP/virtio.o
                0x0810a68c                virtio_create_virtqueues
 .text.vring_init
                0x0810a724       0x52 ./Middlewares/Third_Party/OpenAMP/virtqueue.o
 .text.vring_need_event
                0x0810a776       0x3c ./Middlewares/Third_Party/OpenAMP/virtqueue.o
 .text.metal_io_virt
                0x0810a7b2       0x36 ./Middlewares/Third_Party/OpenAMP/virtqueue.o
 .text.metal_io_phys
                0x0810a7e8       0x5c ./Middlewares/Third_Party/OpenAMP/virtqueue.o
 .text.metal_io_phys_to_offset
                0x0810a844       0x60 ./Middlewares/Third_Party/OpenAMP/virtqueue.o
 .text.metal_io_phys_to_virt
                0x0810a8a4       0x26 ./Middlewares/Third_Party/OpenAMP/virtqueue.o
 .text.virtqueue_phys_to_virt
                0x0810a8ca       0x22 ./Middlewares/Third_Party/OpenAMP/virtqueue.o
 .text.virtqueue_create
                0x0810a8ec       0x68 ./Middlewares/Third_Party/OpenAMP/virtqueue.o
                0x0810a8ec                virtqueue_create
 .text.virtqueue_get_available_buffer
                0x0810a954       0x8c ./Middlewares/Third_Party/OpenAMP/virtqueue.o
                0x0810a954                virtqueue_get_available_buffer
 .text.virtqueue_add_consumed_buffer
                0x0810a9e0       0x74 ./Middlewares/Third_Party/OpenAMP/virtqueue.o
                0x0810a9e0                virtqueue_add_consumed_buffer
 .text.virtqueue_disable_cb
                0x0810aa54       0x54 ./Middlewares/Third_Party/OpenAMP/virtqueue.o
                0x0810aa54                virtqueue_disable_cb
 .text.virtqueue_kick
                0x0810aaa8       0x2c ./Middlewares/Third_Party/OpenAMP/virtqueue.o
                0x0810aaa8                virtqueue_kick
 .text.virtqueue_get_desc_size
                0x0810aad4       0x66 ./Middlewares/Third_Party/OpenAMP/virtqueue.o
                0x0810aad4                virtqueue_get_desc_size
 .text.vq_ring_init
                0x0810ab3a       0x66 ./Middlewares/Third_Party/OpenAMP/virtqueue.o
 .text.virtqueue_notification
                0x0810aba0       0x24 ./Middlewares/Third_Party/OpenAMP/virtqueue.o
                0x0810aba0                virtqueue_notification
 .text.vq_ring_must_notify_host
                0x0810abc4       0x6c ./Middlewares/Third_Party/OpenAMP/virtqueue.o
 .text.vq_ring_notify_host
                0x0810ac30       0x20 ./Middlewares/Third_Party/OpenAMP/virtqueue.o
 .text.HAL_HSEM_FreeCallback
                0x0810ac50       0x20 ./OPENAMP/mbox_hsem.o
                0x0810ac50                HAL_HSEM_FreeCallback
 .text.MAILBOX_Init
                0x0810ac70       0x38 ./OPENAMP/mbox_hsem.o
                0x0810ac70                MAILBOX_Init
 .text.MAILBOX_Poll
                0x0810aca8       0x34 ./OPENAMP/mbox_hsem.o
                0x0810aca8                MAILBOX_Poll
 .text.MAILBOX_Notify
                0x0810acdc       0x22 ./OPENAMP/mbox_hsem.o
                0x0810acdc                MAILBOX_Notify
 .text.metal_device_io_region
                0x0810acfe       0x36 ./OPENAMP/openamp.o
 .text.OPENAMP_shmem_init
                0x0810ad34      0x140 ./OPENAMP/openamp.o
 .text.MX_OPENAMP_Init
                0x0810ae74      0x12c ./OPENAMP/openamp.o
                0x0810ae74                MX_OPENAMP_Init
 .text.OPENAMP_DeInit
                0x0810afa0       0x18 ./OPENAMP/openamp.o
                0x0810afa0                OPENAMP_DeInit
 .text.OPENAMP_create_endpoint
                0x0810afb8       0x3c ./OPENAMP/openamp.o
                0x0810afb8                OPENAMP_create_endpoint
 .text.OPENAMP_check_for_message
                0x0810aff4       0x18 ./OPENAMP/openamp.o
                0x0810aff4                OPENAMP_check_for_message
 .text.resource_table_init
                0x0810b00c       0x38 ./OPENAMP/rsc_table.o
                0x0810b00c                resource_table_init
 .text.__assert_func
                0x0810b044       0x3c C:/Moje/Programy/ST/STM32CubeIDE/STM32CubeIDE/plugins/com.st.stm32cube.ide.mcu.externaltools.gnu-tools-for-stm32.12.3.rel1.win32_1.0.200.202406191623/tools/bin/../lib/gcc/arm-none-eabi/12.3.1/../../../../arm-none-eabi/lib/thumb/v7e-m+fp/hard\libc_nano.a(libc_a-assert.o)
                0x0810b044                __assert_func
 .text.malloc   0x0810b080       0x10 C:/Moje/Programy/ST/STM32CubeIDE/STM32CubeIDE/plugins/com.st.stm32cube.ide.mcu.externaltools.gnu-tools-for-stm32.12.3.rel1.win32_1.0.200.202406191623/tools/bin/../lib/gcc/arm-none-eabi/12.3.1/../../../../arm-none-eabi/lib/thumb/v7e-m+fp/hard\libc_nano.a(libc_a-malloc.o)
                0x0810b080                malloc
 .text.free     0x0810b090       0x10 C:/Moje/Programy/ST/STM32CubeIDE/STM32CubeIDE/plugins/com.st.stm32cube.ide.mcu.externaltools.gnu-tools-for-stm32.12.3.rel1.win32_1.0.200.202406191623/tools/bin/../lib/gcc/arm-none-eabi/12.3.1/../../../../arm-none-eabi/lib/thumb/v7e-m+fp/hard\libc_nano.a(libc_a-malloc.o)
                0x0810b090                free
 .text.sbrk_aligned
                0x0810b0a0       0x44 C:/Moje/Programy/ST/STM32CubeIDE/STM32CubeIDE/plugins/com.st.stm32cube.ide.mcu.externaltools.gnu-tools-for-stm32.12.3.rel1.win32_1.0.200.202406191623/tools/bin/../lib/gcc/arm-none-eabi/12.3.1/../../../../arm-none-eabi/lib/thumb/v7e-m+fp/hard\libc_nano.a(libc_a-mallocr.o)
 .text._malloc_r
                0x0810b0e4      0x100 C:/Moje/Programy/ST/STM32CubeIDE/STM32CubeIDE/plugins/com.st.stm32cube.ide.mcu.externaltools.gnu-tools-for-stm32.12.3.rel1.win32_1.0.200.202406191623/tools/bin/../lib/gcc/arm-none-eabi/12.3.1/../../../../arm-none-eabi/lib/thumb/v7e-m+fp/hard\libc_nano.a(libc_a-mallocr.o)
                0x0810b0e4                _malloc_r
 .text.__malloc_lock
                0x0810b1e4        0xc C:/Moje/Programy/ST/STM32CubeIDE/STM32CubeIDE/plugins/com.st.stm32cube.ide.mcu.externaltools.gnu-tools-for-stm32.12.3.rel1.win32_1.0.200.202406191623/tools/bin/../lib/gcc/arm-none-eabi/12.3.1/../../../../arm-none-eabi/lib/thumb/v7e-m+fp/hard\libc_nano.a(libc_a-mlock.o)
                0x0810b1e4                __malloc_lock
 .text.__malloc_unlock
                0x0810b1f0        0xc C:/Moje/Programy/ST/STM32CubeIDE/STM32CubeIDE/plugins/com.st.stm32cube.ide.mcu.externaltools.gnu-tools-for-stm32.12.3.rel1.win32_1.0.200.202406191623/tools/bin/../lib/gcc/arm-none-eabi/12.3.1/../../../../arm-none-eabi/lib/thumb/v7e-m+fp/hard\libc_nano.a(libc_a-mlock.o)
                0x0810b1f0                __malloc_unlock
 .text.std      0x0810b1fc       0x6c C:/Moje/Programy/ST/STM32CubeIDE/STM32CubeIDE/plugins/com.st.stm32cube.ide.mcu.externaltools.gnu-tools-for-stm32.12.3.rel1.win32_1.0.200.202406191623/tools/bin/../lib/gcc/arm-none-eabi/12.3.1/../../../../arm-none-eabi/lib/thumb/v7e-m+fp/hard\libc_nano.a(libc_a-findfp.o)
 .text.stdio_exit_handler
                0x0810b268       0x18 C:/Moje/Programy/ST/STM32CubeIDE/STM32CubeIDE/plugins/com.st.stm32cube.ide.mcu.externaltools.gnu-tools-for-stm32.12.3.rel1.win32_1.0.200.202406191623/tools/bin/../lib/gcc/arm-none-eabi/12.3.1/../../../../arm-none-eabi/lib/thumb/v7e-m+fp/hard\libc_nano.a(libc_a-findfp.o)
 .text.cleanup_stdio
                0x0810b280       0x40 C:/Moje/Programy/ST/STM32CubeIDE/STM32CubeIDE/plugins/com.st.stm32cube.ide.mcu.externaltools.gnu-tools-for-stm32.12.3.rel1.win32_1.0.200.202406191623/tools/bin/../lib/gcc/arm-none-eabi/12.3.1/../../../../arm-none-eabi/lib/thumb/v7e-m+fp/hard\libc_nano.a(libc_a-findfp.o)
 .text.global_stdio_init.part.0
                0x0810b2c0       0x3c C:/Moje/Programy/ST/STM32CubeIDE/STM32CubeIDE/plugins/com.st.stm32cube.ide.mcu.externaltools.gnu-tools-for-stm32.12.3.rel1.win32_1.0.200.202406191623/tools/bin/../lib/gcc/arm-none-eabi/12.3.1/../../../../arm-none-eabi/lib/thumb/v7e-m+fp/hard\libc_nano.a(libc_a-findfp.o)
 .text.__sfp_lock_acquire
                0x0810b2fc        0xc C:/Moje/Programy/ST/STM32CubeIDE/STM32CubeIDE/plugins/com.st.stm32cube.ide.mcu.externaltools.gnu-tools-for-stm32.12.3.rel1.win32_1.0.200.202406191623/tools/bin/../lib/gcc/arm-none-eabi/12.3.1/../../../../arm-none-eabi/lib/thumb/v7e-m+fp/hard\libc_nano.a(libc_a-findfp.o)
                0x0810b2fc                __sfp_lock_acquire
 .text.__sfp_lock_release
                0x0810b308        0xc C:/Moje/Programy/ST/STM32CubeIDE/STM32CubeIDE/plugins/com.st.stm32cube.ide.mcu.externaltools.gnu-tools-for-stm32.12.3.rel1.win32_1.0.200.202406191623/tools/bin/../lib/gcc/arm-none-eabi/12.3.1/../../../../arm-none-eabi/lib/thumb/v7e-m+fp/hard\libc_nano.a(libc_a-findfp.o)
                0x0810b308                __sfp_lock_release
 .text.__sinit  0x0810b314       0x30 C:/Moje/Programy/ST/STM32CubeIDE/STM32CubeIDE/plugins/com.st.stm32cube.ide.mcu.externaltools.gnu-tools-for-stm32.12.3.rel1.win32_1.0.200.202406191623/tools/bin/../lib/gcc/arm-none-eabi/12.3.1/../../../../arm-none-eabi/lib/thumb/v7e-m+fp/hard\libc_nano.a(libc_a-findfp.o)
                0x0810b314                __sinit
 .text.fprintf  0x0810b344       0x24 C:/Moje/Programy/ST/STM32CubeIDE/STM32CubeIDE/plugins/com.st.stm32cube.ide.mcu.externaltools.gnu-tools-for-stm32.12.3.rel1.win32_1.0.200.202406191623/tools/bin/../lib/gcc/arm-none-eabi/12.3.1/../../../../arm-none-eabi/lib/thumb/v7e-m+fp/hard\libc_nano.a(libc_a-fprintf.o)
                0x0810b344                fiprintf
                0x0810b344                fprintf
 .text._fwalk_sglue
                0x0810b368       0x3c C:/Moje/Programy/ST/STM32CubeIDE/STM32CubeIDE/plugins/com.st.stm32cube.ide.mcu.externaltools.gnu-tools-for-stm32.12.3.rel1.win32_1.0.200.202406191623/tools/bin/../lib/gcc/arm-none-eabi/12.3.1/../../../../arm-none-eabi/lib/thumb/v7e-m+fp/hard\libc_nano.a(libc_a-fwalk.o)
                0x0810b368                _fwalk_sglue
 .text.sprintf  0x0810b3a4       0x40 C:/Moje/Programy/ST/STM32CubeIDE/STM32CubeIDE/plugins/com.st.stm32cube.ide.mcu.externaltools.gnu-tools-for-stm32.12.3.rel1.win32_1.0.200.202406191623/tools/bin/../lib/gcc/arm-none-eabi/12.3.1/../../../../arm-none-eabi/lib/thumb/v7e-m+fp/hard\libc_nano.a(libc_a-sprintf.o)
                0x0810b3a4                siprintf
                0x0810b3a4                sprintf
 .text.__sread  0x0810b3e4       0x22 C:/Moje/Programy/ST/STM32CubeIDE/STM32CubeIDE/plugins/com.st.stm32cube.ide.mcu.externaltools.gnu-tools-for-stm32.12.3.rel1.win32_1.0.200.202406191623/tools/bin/../lib/gcc/arm-none-eabi/12.3.1/../../../../arm-none-eabi/lib/thumb/v7e-m+fp/hard\libc_nano.a(libc_a-stdio.o)
                0x0810b3e4                __sread
 .text.__swrite
                0x0810b406       0x38 C:/Moje/Programy/ST/STM32CubeIDE/STM32CubeIDE/plugins/com.st.stm32cube.ide.mcu.externaltools.gnu-tools-for-stm32.12.3.rel1.win32_1.0.200.202406191623/tools/bin/../lib/gcc/arm-none-eabi/12.3.1/../../../../arm-none-eabi/lib/thumb/v7e-m+fp/hard\libc_nano.a(libc_a-stdio.o)
                0x0810b406                __swrite
 .text.__sseek  0x0810b43e       0x24 C:/Moje/Programy/ST/STM32CubeIDE/STM32CubeIDE/plugins/com.st.stm32cube.ide.mcu.externaltools.gnu-tools-for-stm32.12.3.rel1.win32_1.0.200.202406191623/tools/bin/../lib/gcc/arm-none-eabi/12.3.1/../../../../arm-none-eabi/lib/thumb/v7e-m+fp/hard\libc_nano.a(libc_a-stdio.o)
                0x0810b43e                __sseek
 .text.__sclose
                0x0810b462        0x8 C:/Moje/Programy/ST/STM32CubeIDE/STM32CubeIDE/plugins/com.st.stm32cube.ide.mcu.externaltools.gnu-tools-for-stm32.12.3.rel1.win32_1.0.200.202406191623/tools/bin/../lib/gcc/arm-none-eabi/12.3.1/../../../../arm-none-eabi/lib/thumb/v7e-m+fp/hard\libc_nano.a(libc_a-stdio.o)
                0x0810b462                __sclose
 .text.memset   0x0810b46a       0x10 C:/Moje/Programy/ST/STM32CubeIDE/STM32CubeIDE/plugins/com.st.stm32cube.ide.mcu.externaltools.gnu-tools-for-stm32.12.3.rel1.win32_1.0.200.202406191623/tools/bin/../lib/gcc/arm-none-eabi/12.3.1/../../../../arm-none-eabi/lib/thumb/v7e-m+fp/hard\libc_nano.a(libc_a-memset.o)
                0x0810b46a                memset
 .text.strncmp  0x0810b47a       0x24 C:/Moje/Programy/ST/STM32CubeIDE/STM32CubeIDE/plugins/com.st.stm32cube.ide.mcu.externaltools.gnu-tools-for-stm32.12.3.rel1.win32_1.0.200.202406191623/tools/bin/../lib/gcc/arm-none-eabi/12.3.1/../../../../arm-none-eabi/lib/thumb/v7e-m+fp/hard\libc_nano.a(libc_a-strncmp.o)
                0x0810b47a                strncmp
 .text.strncpy  0x0810b49e       0x26 C:/Moje/Programy/ST/STM32CubeIDE/STM32CubeIDE/plugins/com.st.stm32cube.ide.mcu.externaltools.gnu-tools-for-stm32.12.3.rel1.win32_1.0.200.202406191623/tools/bin/../lib/gcc/arm-none-eabi/12.3.1/../../../../arm-none-eabi/lib/thumb/v7e-m+fp/hard\libc_nano.a(libc_a-strncpy.o)
                0x0810b49e                strncpy
 .text._close_r
                0x0810b4c4       0x20 C:/Moje/Programy/ST/STM32CubeIDE/STM32CubeIDE/plugins/com.st.stm32cube.ide.mcu.externaltools.gnu-tools-for-stm32.12.3.rel1.win32_1.0.200.202406191623/tools/bin/../lib/gcc/arm-none-eabi/12.3.1/../../../../arm-none-eabi/lib/thumb/v7e-m+fp/hard\libc_nano.a(libc_a-closer.o)
                0x0810b4c4                _close_r
 .text._reclaim_reent
                0x0810b4e4       0xac C:/Moje/Programy/ST/STM32CubeIDE/STM32CubeIDE/plugins/com.st.stm32cube.ide.mcu.externaltools.gnu-tools-for-stm32.12.3.rel1.win32_1.0.200.202406191623/tools/bin/../lib/gcc/arm-none-eabi/12.3.1/../../../../arm-none-eabi/lib/thumb/v7e-m+fp/hard\libc_nano.a(libc_a-reent.o)
                0x0810b4e4                _reclaim_reent
 .text._lseek_r
                0x0810b590       0x24 C:/Moje/Programy/ST/STM32CubeIDE/STM32CubeIDE/plugins/com.st.stm32cube.ide.mcu.externaltools.gnu-tools-for-stm32.12.3.rel1.win32_1.0.200.202406191623/tools/bin/../lib/gcc/arm-none-eabi/12.3.1/../../../../arm-none-eabi/lib/thumb/v7e-m+fp/hard\libc_nano.a(libc_a-lseekr.o)
                0x0810b590                _lseek_r
 .text._read_r  0x0810b5b4       0x24 C:/Moje/Programy/ST/STM32CubeIDE/STM32CubeIDE/plugins/com.st.stm32cube.ide.mcu.externaltools.gnu-tools-for-stm32.12.3.rel1.win32_1.0.200.202406191623/tools/bin/../lib/gcc/arm-none-eabi/12.3.1/../../../../arm-none-eabi/lib/thumb/v7e-m+fp/hard\libc_nano.a(libc_a-readr.o)
                0x0810b5b4                _read_r
 .text._sbrk_r  0x0810b5d8       0x20 C:/Moje/Programy/ST/STM32CubeIDE/STM32CubeIDE/plugins/com.st.stm32cube.ide.mcu.externaltools.gnu-tools-for-stm32.12.3.rel1.win32_1.0.200.202406191623/tools/bin/../lib/gcc/arm-none-eabi/12.3.1/../../../../arm-none-eabi/lib/thumb/v7e-m+fp/hard\libc_nano.a(libc_a-sbrkr.o)
                0x0810b5d8                _sbrk_r
 .text._write_r
                0x0810b5f8       0x24 C:/Moje/Programy/ST/STM32CubeIDE/STM32CubeIDE/plugins/com.st.stm32cube.ide.mcu.externaltools.gnu-tools-for-stm32.12.3.rel1.win32_1.0.200.202406191623/tools/bin/../lib/gcc/arm-none-eabi/12.3.1/../../../../arm-none-eabi/lib/thumb/v7e-m+fp/hard\libc_nano.a(libc_a-writer.o)
                0x0810b5f8                _write_r
 .text.__errno  0x0810b61c        0xc C:/Moje/Programy/ST/STM32CubeIDE/STM32CubeIDE/plugins/com.st.stm32cube.ide.mcu.externaltools.gnu-tools-for-stm32.12.3.rel1.win32_1.0.200.202406191623/tools/bin/../lib/gcc/arm-none-eabi/12.3.1/../../../../arm-none-eabi/lib/thumb/v7e-m+fp/hard\libc_nano.a(libc_a-errno.o)
                0x0810b61c                __errno
 .text.__libc_init_array
                0x0810b628       0x48 C:/Moje/Programy/ST/STM32CubeIDE/STM32CubeIDE/plugins/com.st.stm32cube.ide.mcu.externaltools.gnu-tools-for-stm32.12.3.rel1.win32_1.0.200.202406191623/tools/bin/../lib/gcc/arm-none-eabi/12.3.1/../../../../arm-none-eabi/lib/thumb/v7e-m+fp/hard\libc_nano.a(libc_a-init.o)
                0x0810b628                __libc_init_array
 .text.__retarget_lock_init_recursive
                0x0810b670        0x2 C:/Moje/Programy/ST/STM32CubeIDE/STM32CubeIDE/plugins/com.st.stm32cube.ide.mcu.externaltools.gnu-tools-for-stm32.12.3.rel1.win32_1.0.200.202406191623/tools/bin/../lib/gcc/arm-none-eabi/12.3.1/../../../../arm-none-eabi/lib/thumb/v7e-m+fp/hard\libc_nano.a(libc_a-lock.o)
                0x0810b670                __retarget_lock_init_recursive
 .text.__retarget_lock_acquire_recursive
                0x0810b672        0x2 C:/Moje/Programy/ST/STM32CubeIDE/STM32CubeIDE/plugins/com.st.stm32cube.ide.mcu.externaltools.gnu-tools-for-stm32.12.3.rel1.win32_1.0.200.202406191623/tools/bin/../lib/gcc/arm-none-eabi/12.3.1/../../../../arm-none-eabi/lib/thumb/v7e-m+fp/hard\libc_nano.a(libc_a-lock.o)
                0x0810b672                __retarget_lock_acquire_recursive
 .text.__retarget_lock_release_recursive
                0x0810b674        0x2 C:/Moje/Programy/ST/STM32CubeIDE/STM32CubeIDE/plugins/com.st.stm32cube.ide.mcu.externaltools.gnu-tools-for-stm32.12.3.rel1.win32_1.0.200.202406191623/tools/bin/../lib/gcc/arm-none-eabi/12.3.1/../../../../arm-none-eabi/lib/thumb/v7e-m+fp/hard\libc_nano.a(libc_a-lock.o)
                0x0810b674                __retarget_lock_release_recursive
 .text.memcpy   0x0810b676       0x1c C:/Moje/Programy/ST/STM32CubeIDE/STM32CubeIDE/plugins/com.st.stm32cube.ide.mcu.externaltools.gnu-tools-for-stm32.12.3.rel1.win32_1.0.200.202406191623/tools/bin/../lib/gcc/arm-none-eabi/12.3.1/../../../../arm-none-eabi/lib/thumb/v7e-m+fp/hard\libc_nano.a(libc_a-memcpy-stub.o)
                0x0810b676                memcpy
 .text.abort    0x0810b692        0xe C:/Moje/Programy/ST/STM32CubeIDE/STM32CubeIDE/plugins/com.st.stm32cube.ide.mcu.externaltools.gnu-tools-for-stm32.12.3.rel1.win32_1.0.200.202406191623/tools/bin/../lib/gcc/arm-none-eabi/12.3.1/../../../../arm-none-eabi/lib/thumb/v7e-m+fp/hard\libc_nano.a(libc_a-abort.o)
                0x0810b692                abort
 .text._free_r  0x0810b6a0       0x94 C:/Moje/Programy/ST/STM32CubeIDE/STM32CubeIDE/plugins/com.st.stm32cube.ide.mcu.externaltools.gnu-tools-for-stm32.12.3.rel1.win32_1.0.200.202406191623/tools/bin/../lib/gcc/arm-none-eabi/12.3.1/../../../../arm-none-eabi/lib/thumb/v7e-m+fp/hard\libc_nano.a(libc_a-freer.o)
                0x0810b6a0                _free_r
 .text.__ssputs_r
                0x0810b734       0xb6 C:/Moje/Programy/ST/STM32CubeIDE/STM32CubeIDE/plugins/com.st.stm32cube.ide.mcu.externaltools.gnu-tools-for-stm32.12.3.rel1.win32_1.0.200.202406191623/tools/bin/../lib/gcc/arm-none-eabi/12.3.1/../../../../arm-none-eabi/lib/thumb/v7e-m+fp/hard\libc_nano.a(libc_a-nano-svfprintf.o)
                0x0810b734                __ssputs_r
 *fill*         0x0810b7ea        0x2 
 .text._svfprintf_r
                0x0810b7ec      0x1f8 C:/Moje/Programy/ST/STM32CubeIDE/STM32CubeIDE/plugins/com.st.stm32cube.ide.mcu.externaltools.gnu-tools-for-stm32.12.3.rel1.win32_1.0.200.202406191623/tools/bin/../lib/gcc/arm-none-eabi/12.3.1/../../../../arm-none-eabi/lib/thumb/v7e-m+fp/hard\libc_nano.a(libc_a-nano-svfprintf.o)
                0x0810b7ec                _svfiprintf_r
                0x0810b7ec                _svfprintf_r
 .text.__sfputc_r
                0x0810b9e4       0x2e C:/Moje/Programy/ST/STM32CubeIDE/STM32CubeIDE/plugins/com.st.stm32cube.ide.mcu.externaltools.gnu-tools-for-stm32.12.3.rel1.win32_1.0.200.202406191623/tools/bin/../lib/gcc/arm-none-eabi/12.3.1/../../../../arm-none-eabi/lib/thumb/v7e-m+fp/hard\libc_nano.a(libc_a-nano-vfprintf.o)
 .text.__sfputs_r
                0x0810ba12       0x24 C:/Moje/Programy/ST/STM32CubeIDE/STM32CubeIDE/plugins/com.st.stm32cube.ide.mcu.externaltools.gnu-tools-for-stm32.12.3.rel1.win32_1.0.200.202406191623/tools/bin/../lib/gcc/arm-none-eabi/12.3.1/../../../../arm-none-eabi/lib/thumb/v7e-m+fp/hard\libc_nano.a(libc_a-nano-vfprintf.o)
                0x0810ba12                __sfputs_r
 *fill*         0x0810ba36        0x2 
 .text._vfprintf_r
                0x0810ba38      0x230 C:/Moje/Programy/ST/STM32CubeIDE/STM32CubeIDE/plugins/com.st.stm32cube.ide.mcu.externaltools.gnu-tools-for-stm32.12.3.rel1.win32_1.0.200.202406191623/tools/bin/../lib/gcc/arm-none-eabi/12.3.1/../../../../arm-none-eabi/lib/thumb/v7e-m+fp/hard\libc_nano.a(libc_a-nano-vfprintf.o)
                0x0810ba38                _vfprintf_r
                0x0810ba38                _vfiprintf_r
 .text._printf_common
                0x0810bc68       0xda C:/Moje/Programy/ST/STM32CubeIDE/STM32CubeIDE/plugins/com.st.stm32cube.ide.mcu.externaltools.gnu-tools-for-stm32.12.3.rel1.win32_1.0.200.202406191623/tools/bin/../lib/gcc/arm-none-eabi/12.3.1/../../../../arm-none-eabi/lib/thumb/v7e-m+fp/hard\libc_nano.a(libc_a-nano-vfprintf_i.o)
                0x0810bc68                _printf_common
 *fill*         0x0810bd42        0x2 
 .text._printf_i
                0x0810bd44      0x240 C:/Moje/Programy/ST/STM32CubeIDE/STM32CubeIDE/plugins/com.st.stm32cube.ide.mcu.externaltools.gnu-tools-for-stm32.12.3.rel1.win32_1.0.200.202406191623/tools/bin/../lib/gcc/arm-none-eabi/12.3.1/../../../../arm-none-eabi/lib/thumb/v7e-m+fp/hard\libc_nano.a(libc_a-nano-vfprintf_i.o)
                0x0810bd44                _printf_i
 .text.__sflush_r
                0x0810bf84      0x108 C:/Moje/Programy/ST/STM32CubeIDE/STM32CubeIDE/plugins/com.st.stm32cube.ide.mcu.externaltools.gnu-tools-for-stm32.12.3.rel1.win32_1.0.200.202406191623/tools/bin/../lib/gcc/arm-none-eabi/12.3.1/../../../../arm-none-eabi/lib/thumb/v7e-m+fp/hard\libc_nano.a(libc_a-fflush.o)
                0x0810bf84                __sflush_r
 .text._fflush_r
                0x0810c08c       0x50 C:/Moje/Programy/ST/STM32CubeIDE/STM32CubeIDE/plugins/com.st.stm32cube.ide.mcu.externaltools.gnu-tools-for-stm32.12.3.rel1.win32_1.0.200.202406191623/tools/bin/../lib/gcc/arm-none-eabi/12.3.1/../../../../arm-none-eabi/lib/thumb/v7e-m+fp/hard\libc_nano.a(libc_a-fflush.o)
                0x0810c08c                _fflush_r
 .text.__swbuf_r
                0x0810c0dc       0x7c C:/Moje/Programy/ST/STM32CubeIDE/STM32CubeIDE/plugins/com.st.stm32cube.ide.mcu.externaltools.gnu-tools-for-stm32.12.3.rel1.win32_1.0.200.202406191623/tools/bin/../lib/gcc/arm-none-eabi/12.3.1/../../../../arm-none-eabi/lib/thumb/v7e-m+fp/hard\libc_nano.a(libc_a-wbuf.o)
                0x0810c0dc                __swbuf_r
 .text.__swsetup_r
                0x0810c158       0xac C:/Moje/Programy/ST/STM32CubeIDE/STM32CubeIDE/plugins/com.st.stm32cube.ide.mcu.externaltools.gnu-tools-for-stm32.12.3.rel1.win32_1.0.200.202406191623/tools/bin/../lib/gcc/arm-none-eabi/12.3.1/../../../../arm-none-eabi/lib/thumb/v7e-m+fp/hard\libc_nano.a(libc_a-wsetup.o)
                0x0810c158                __swsetup_r
 .text.memmove  0x0810c204       0x34 C:/Moje/Programy/ST/STM32CubeIDE/STM32CubeIDE/plugins/com.st.stm32cube.ide.mcu.externaltools.gnu-tools-for-stm32.12.3.rel1.win32_1.0.200.202406191623/tools/bin/../lib/gcc/arm-none-eabi/12.3.1/../../../../arm-none-eabi/lib/thumb/v7e-m+fp/hard\libc_nano.a(libc_a-memmove.o)
                0x0810c204                memmove
 .text._raise_r
                0x0810c238       0x50 C:/Moje/Programy/ST/STM32CubeIDE/STM32CubeIDE/plugins/com.st.stm32cube.ide.mcu.externaltools.gnu-tools-for-stm32.12.3.rel1.win32_1.0.200.202406191623/tools/bin/../lib/gcc/arm-none-eabi/12.3.1/../../../../arm-none-eabi/lib/thumb/v7e-m+fp/hard\libc_nano.a(libc_a-signal.o)
                0x0810c238                _raise_r
 .text.raise    0x0810c288       0x10 C:/Moje/Programy/ST/STM32CubeIDE/STM32CubeIDE/plugins/com.st.stm32cube.ide.mcu.externaltools.gnu-tools-for-stm32.12.3.rel1.win32_1.0.200.202406191623/tools/bin/../lib/gcc/arm-none-eabi/12.3.1/../../../../arm-none-eabi/lib/thumb/v7e-m+fp/hard\libc_nano.a(libc_a-signal.o)
                0x0810c288                raise
 .text._kill_r  0x0810c298       0x24 C:/Moje/Programy/ST/STM32CubeIDE/STM32CubeIDE/plugins/com.st.stm32cube.ide.mcu.externaltools.gnu-tools-for-stm32.12.3.rel1.win32_1.0.200.202406191623/tools/bin/../lib/gcc/arm-none-eabi/12.3.1/../../../../arm-none-eabi/lib/thumb/v7e-m+fp/hard\libc_nano.a(libc_a-signalr.o)
                0x0810c298                _kill_r
 .text._getpid_r
                0x0810c2bc        0x4 C:/Moje/Programy/ST/STM32CubeIDE/STM32CubeIDE/plugins/com.st.stm32cube.ide.mcu.externaltools.gnu-tools-for-stm32.12.3.rel1.win32_1.0.200.202406191623/tools/bin/../lib/gcc/arm-none-eabi/12.3.1/../../../../arm-none-eabi/lib/thumb/v7e-m+fp/hard\libc_nano.a(libc_a-signalr.o)
                0x0810c2bc                _getpid_r
 .text._realloc_r
                0x0810c2c0       0x5c C:/Moje/Programy/ST/STM32CubeIDE/STM32CubeIDE/plugins/com.st.stm32cube.ide.mcu.externaltools.gnu-tools-for-stm32.12.3.rel1.win32_1.0.200.202406191623/tools/bin/../lib/gcc/arm-none-eabi/12.3.1/../../../../arm-none-eabi/lib/thumb/v7e-m+fp/hard\libc_nano.a(libc_a-reallocr.o)
                0x0810c2c0                _realloc_r
 .text.__swhatbuf_r
                0x0810c31c       0x4c C:/Moje/Programy/ST/STM32CubeIDE/STM32CubeIDE/plugins/com.st.stm32cube.ide.mcu.externaltools.gnu-tools-for-stm32.12.3.rel1.win32_1.0.200.202406191623/tools/bin/../lib/gcc/arm-none-eabi/12.3.1/../../../../arm-none-eabi/lib/thumb/v7e-m+fp/hard\libc_nano.a(libc_a-makebuf.o)
                0x0810c31c                __swhatbuf_r
 .text.__smakebuf_r
                0x0810c368       0x78 C:/Moje/Programy/ST/STM32CubeIDE/STM32CubeIDE/plugins/com.st.stm32cube.ide.mcu.externaltools.gnu-tools-for-stm32.12.3.rel1.win32_1.0.200.202406191623/tools/bin/../lib/gcc/arm-none-eabi/12.3.1/../../../../arm-none-eabi/lib/thumb/v7e-m+fp/hard\libc_nano.a(libc_a-makebuf.o)
                0x0810c368                __smakebuf_r
 .text._fstat_r
                0x0810c3e0       0x24 C:/Moje/Programy/ST/STM32CubeIDE/STM32CubeIDE/plugins/com.st.stm32cube.ide.mcu.externaltools.gnu-tools-for-stm32.12.3.rel1.win32_1.0.200.202406191623/tools/bin/../lib/gcc/arm-none-eabi/12.3.1/../../../../arm-none-eabi/lib/thumb/v7e-m+fp/hard\libc_nano.a(libc_a-fstatr.o)
                0x0810c3e0                _fstat_r
 .text._isatty_r
                0x0810c404       0x20 C:/Moje/Programy/ST/STM32CubeIDE/STM32CubeIDE/plugins/com.st.stm32cube.ide.mcu.externaltools.gnu-tools-for-stm32.12.3.rel1.win32_1.0.200.202406191623/tools/bin/../lib/gcc/arm-none-eabi/12.3.1/../../../../arm-none-eabi/lib/thumb/v7e-m+fp/hard\libc_nano.a(libc_a-isattyr.o)
                0x0810c404                _isatty_r
 .text._malloc_usable_size_r
                0x0810c424       0x10 C:/Moje/Programy/ST/STM32CubeIDE/STM32CubeIDE/plugins/com.st.stm32cube.ide.mcu.externaltools.gnu-tools-for-stm32.12.3.rel1.win32_1.0.200.202406191623/tools/bin/../lib/gcc/arm-none-eabi/12.3.1/../../../../arm-none-eabi/lib/thumb/v7e-m+fp/hard\libc_nano.a(libc_a-msizer.o)
                0x0810c424                _malloc_usable_size_r
 *(.glue_7)
 .glue_7        0x0810c434        0x0 linker stubs
 *(.glue_7t)
 .glue_7t       0x0810c434        0x0 linker stubs
 *(.eh_frame)
 .eh_frame      0x0810c434        0x0 C:/Moje/Programy/ST/STM32CubeIDE/STM32CubeIDE/plugins/com.st.stm32cube.ide.mcu.externaltools.gnu-tools-for-stm32.12.3.rel1.win32_1.0.200.202406191623/tools/bin/../lib/gcc/arm-none-eabi/12.3.1/thumb/v7e-m+fp/hard/crtbegin.o
 *(.init)
 .init          0x0810c434        0x4 C:/Moje/Programy/ST/STM32CubeIDE/STM32CubeIDE/plugins/com.st.stm32cube.ide.mcu.externaltools.gnu-tools-for-stm32.12.3.rel1.win32_1.0.200.202406191623/tools/bin/../lib/gcc/arm-none-eabi/12.3.1/thumb/v7e-m+fp/hard/crti.o
                0x0810c434                _init
 .init          0x0810c438        0x8 C:/Moje/Programy/ST/STM32CubeIDE/STM32CubeIDE/plugins/com.st.stm32cube.ide.mcu.externaltools.gnu-tools-for-stm32.12.3.rel1.win32_1.0.200.202406191623/tools/bin/../lib/gcc/arm-none-eabi/12.3.1/thumb/v7e-m+fp/hard/crtn.o
 *(.fini)
 .fini          0x0810c440        0x4 C:/Moje/Programy/ST/STM32CubeIDE/STM32CubeIDE/plugins/com.st.stm32cube.ide.mcu.externaltools.gnu-tools-for-stm32.12.3.rel1.win32_1.0.200.202406191623/tools/bin/../lib/gcc/arm-none-eabi/12.3.1/thumb/v7e-m+fp/hard/crti.o
                0x0810c440                _fini
 .fini          0x0810c444        0x8 C:/Moje/Programy/ST/STM32CubeIDE/STM32CubeIDE/plugins/com.st.stm32cube.ide.mcu.externaltools.gnu-tools-for-stm32.12.3.rel1.win32_1.0.200.202406191623/tools/bin/../lib/gcc/arm-none-eabi/12.3.1/thumb/v7e-m+fp/hard/crtn.o
                0x0810c44c                        . = ALIGN (0x4)
                0x0810c44c                        _etext = .

.vfp11_veneer   0x0810c44c        0x0
 .vfp11_veneer  0x0810c44c        0x0 linker stubs

.v4_bx          0x0810c44c        0x0
 .v4_bx         0x0810c44c        0x0 linker stubs

.iplt           0x0810c44c        0x0
 .iplt          0x0810c44c        0x0 C:/Moje/Programy/ST/STM32CubeIDE/STM32CubeIDE/plugins/com.st.stm32cube.ide.mcu.externaltools.gnu-tools-for-stm32.12.3.rel1.win32_1.0.200.202406191623/tools/bin/../lib/gcc/arm-none-eabi/12.3.1/thumb/v7e-m+fp/hard/crtbegin.o

.rodata         0x0810c44c      0x39c
                0x0810c44c                        . = ALIGN (0x4)
 *(.rodata)
 .rodata        0x0810c44c       0x2d ./Core/Src/freertos.o
 *fill*         0x0810c479        0x3 
 .rodata        0x0810c47c        0x5 ./Middlewares/Third_Party/FreeRTOS/tasks.o
 *fill*         0x0810c481        0x3 
 .rodata        0x0810c484        0xd ./Middlewares/Third_Party/FreeRTOS/timers.o
 *fill*         0x0810c491        0x3 
 .rodata        0x0810c494       0xcc ./Middlewares/Third_Party/OpenAMP/device.o
 .rodata        0x0810c560       0xfd ./Middlewares/Third_Party/OpenAMP/remoteproc_virtio.o
 *fill*         0x0810c65d        0x3 
 .rodata        0x0810c660       0x13 ./Middlewares/Third_Party/OpenAMP/rpmsg_virtio.o
 *fill*         0x0810c673        0x1 
 .rodata        0x0810c674       0x1d ./OPENAMP/openamp.o
 *(.rodata*)
 *fill*         0x0810c691        0x3 
 .rodata.D1CorePrescTable
                0x0810c694       0x10 ./Common/Src/system_stm32h7xx_dualcore_boot_cm4_cm7.o
                0x0810c694                D1CorePrescTable
 .rodata.RX_Task_attributes
                0x0810c6a4       0x24 ./Core/Src/freertos.o
                0x0810c6a4                RX_Task_attributes
 .rodata.TX_Task_attributes
                0x0810c6c8       0x24 ./Core/Src/freertos.o
                0x0810c6c8                TX_Task_attributes
 .rodata.txSem_attributes
                0x0810c6ec       0x10 ./Core/Src/freertos.o
                0x0810c6ec                txSem_attributes
 .rodata.UARTPrescTable
                0x0810c6fc       0x18 ./Drivers/STM32H7xx_HAL_Driver/stm32h7xx_hal_uart.o
                0x0810c6fc                UARTPrescTable
 .rodata.numerator.1
                0x0810c714        0x8 ./Drivers/STM32H7xx_HAL_Driver/stm32h7xx_hal_uart_ex.o
 .rodata.denominator.0
                0x0810c71c        0x8 ./Drivers/STM32H7xx_HAL_Driver/stm32h7xx_hal_uart_ex.o
 .rodata.remoteproc_virtio_dispatch_funcs
                0x0810c724       0x24 ./Middlewares/Third_Party/OpenAMP/remoteproc_virtio.o
                0x0810c724                remoteproc_virtio_dispatch_funcs
 .rodata.__func__.1
                0x0810c748       0x1e ./Middlewares/Third_Party/OpenAMP/remoteproc_virtio.o
 *fill*         0x0810c766        0x2 
 .rodata.__func__.0
                0x0810c768        0xe ./Middlewares/Third_Party/OpenAMP/remoteproc_virtio.o
 .rodata.__assert_func.str1.1
                0x0810c776       0x3c C:/Moje/Programy/ST/STM32CubeIDE/STM32CubeIDE/plugins/com.st.stm32cube.ide.mcu.externaltools.gnu-tools-for-stm32.12.3.rel1.win32_1.0.200.202406191623/tools/bin/../lib/gcc/arm-none-eabi/12.3.1/../../../../arm-none-eabi/lib/thumb/v7e-m+fp/hard\libc_nano.a(libc_a-assert.o)
                                 0x3d (size before relaxing)
 .rodata._svfprintf_r.str1.1
                0x0810c7b2       0x11 C:/Moje/Programy/ST/STM32CubeIDE/STM32CubeIDE/plugins/com.st.stm32cube.ide.mcu.externaltools.gnu-tools-for-stm32.12.3.rel1.win32_1.0.200.202406191623/tools/bin/../lib/gcc/arm-none-eabi/12.3.1/../../../../arm-none-eabi/lib/thumb/v7e-m+fp/hard\libc_nano.a(libc_a-nano-svfprintf.o)
 .rodata._vfprintf_r.str1.1
                0x0810c7c3       0x11 C:/Moje/Programy/ST/STM32CubeIDE/STM32CubeIDE/plugins/com.st.stm32cube.ide.mcu.externaltools.gnu-tools-for-stm32.12.3.rel1.win32_1.0.200.202406191623/tools/bin/../lib/gcc/arm-none-eabi/12.3.1/../../../../arm-none-eabi/lib/thumb/v7e-m+fp/hard\libc_nano.a(libc_a-nano-vfprintf.o)
 .rodata._printf_i.str1.1